Microchip MPLAB XC8 Compiler V2.20

Linker command line:

-W-3 --edf=C:\Program Files\Microchip\xc8\v2.20\pic\dat\en_msgs.txt -cn \
  -h+dist/default/production\IR_sensorXOLED.X.production.sym \
  --cmf=dist/default/production\IR_sensorXOLED.X.production.cmf -z \
  -Q18F27K40 -oC:\Users\antoi\AppData\Local\Temp\s774.2 \
  --defsym=__MPLAB_BUILD=1 \
  -Mdist/default/production/IR_sensorXOLED.X.production.map -E1 \
  -ver=XC8 Compiler --acfsm=1493 -ASTACK=03B9h-0E87h -pstack=STACK \
  -ACODE=00h-01FFFFh -ACONST=00h-01FFFFh -ASMALLCONST=0F00h-0FFFhx497 \
  -AMEDIUMCONST=0F00h-0FFFFh,010F00h-01FFFFh -ACOMRAM=01h-05Fh \
  -AABS1=00h-0E87h -ABIGRAM=01h-0E87h \
  -ARAM=060h-0FFh,0100h-01FFhx13,0E00h-0E87h -ABANK0=060h-0FFh \
  -ABANK1=0100h-01FFh -ABANK2=0200h-02FFh -ABANK3=0300h-03FFh \
  -ABANK4=0400h-04FFh -ABANK5=0500h-05FFh -ABANK6=0600h-06FFh \
  -ABANK7=0700h-07FFh -ABANK8=0800h-08FFh -ABANK9=0900h-09FFh \
  -ABANK10=0A00h-0AFFh -ABANK11=0B00h-0BFFh -ABANK12=0C00h-0CFFh \
  -ABANK13=0D00h-0DFFh -ABANK14=0E00h-0E87h \
  -ASFR=0E8Dh-0EFFh,0F00h-0F5Fh,0F60h-0FFFh -ACONFIG=0300000h-030000Bh \
  -AIDLOC=0200000h-020000Fh \
  -preset_vec=00h,intcode=08h,intcodelo,powerup,init -pramtop=0F00h \
  -psmallconst=SMALLCONST -pmediumconst=MEDIUMCONST -pconst=CONST \
  -AFARRAM=00h-00h -AEEDATA=0310000h-03103FFh -peeprom_data=EEDATA \
  -prdata=COMRAM,nvrram=COMRAM,nvbit=COMRAM,rbss=COMRAM,rbit=COMRAM \
  -pfarbss=FARRAM,fardata=FARRAM,nvFARRAM=FARRAM \
  -pintsave_regs=BIGRAM,bigbss=BIGRAM,bigdata=BIGRAM -pbss=RAM \
  -pidata=CODE,irdata=CODE,ibigdata=CODE,ifardata=CODE -prparam=COMRAM \
  C:\Users\antoi\AppData\Local\Temp\s774.o \
  dist/default/production\IR_sensorXOLED.X.production.o \
  build/default/production/_ext/1677729834/delay_200ms.o \
  build/default/production/_ext/1677729834/delay_1ms.o \
  build/default/production/_ext/1677729834/delay_10us.o \
  build/default/production/_ext/839877155/switch_init.o 

Object code version is 3.11

Machine type is 18F27K40



                Name                               Link     Load   Length Selector   Space Scale
C:\Users\antoi\AppData\Local\Temp\s774.o
                idloc                            200000   200000       10        0       5
                config                           300000   300000        C        0       4
                init                                 56       56        4        4       0
                reset_vec                             0        0        4        0       0
dist/default/production\IR_sensorXOLED.X.production.o
                intcode                               8        8       4E        4       0
                idloc                            200000   200000       10        0       5
                config                           300000   300000        C        0       4
                temp                                 5B       5B        1        1       1
                mediumconst                        F66A     F66A      996     7B35       0
                text117                           15848    15848       12     8000       0
                text116                           15836    15836       12     8000       0
                text114                           15048    15048       5C     8000       0
                text113                           15546    15546       24     8000       0
                text112                           1589C    1589C        A     8000       0
                text111                           157E0    157E0       18     8000       0
                text110                           15136    15136       48     8000       0
                text109                           149B0    149B0       84     8000       0
                text108                           146FE    146FE       90     8000       0
                text107                           13E0E    13E0E       D0     8000       0
                text106                           1544C    1544C       32     8000       0
                text105                           13A50    13A50      10C     8000       0
                text104                           154FC    154FC       26     8000       0
                text103                           12B76    12B76      1CA     8000       0
                text102                           12D40    12D40      1BC     8000       0
                text101                           1541A    1541A       32     8000       0
                text100                           14F2E    14F2E       60     8000       0
                text99                            14E68    14E68       66     8000       0
                text98                            154AA    154AA       2A     8000       0
                text97                            14E02    14E02       66     8000       0
                text96                            14CB2    14CB2       78     8000       0
                text95                            144A0    144A0       A2     8000       0
                text94                            14B38    14B38       82     8000       0
                text93                            11EFC    11EFC      23E     8000       0
                text92                            14D96    14D96       6C     8000       0
                text91                            14D2A    14D2A       6C     8000       0
                text90                            127B8    127B8      1F4     8000       0
                text89                            13D3A    13D3A       D4     8000       0
                text88                            1167C    1167C      3B6     8000       0
                text87                            150A4    150A4       4A     8000       0
                text86                            12372    12372      22E     8000       0
                text85                            1481A    1481A       8A     8000       0
                text84                            131EE    131EE      156     8000       0
                text83                            15824    15824       12     8000       0
                text82                            136FC    136FC      13C     8000       0
                text81                            15282    15282       40     8000       0
                text80                            1580E    1580E       16     8000       0
                text79                            1572C    1572C       1E     8000       0
                text78                            1570E    1570E       1E     8000       0
                text77                            156F0    156F0       1E     8000       0
                text76                            156D2    156D2       1E     8000       0
                text75                            156B4    156B4       1E     8000       0
                text74                            15696    15696       1E     8000       0
                text73                            13086    13086      168     8000       0
                text72                            150EE    150EE       48     8000       0
                text71                            15678    15678       1E     8000       0
                text70                            1565A    1565A       1E     8000       0
                text69                            15242    15242       40     8000       0
                text68                            1563C    1563C       1E     8000       0
                text67                            1561E    1561E       1E     8000       0
                text66                            13B5C    13B5C      108     8000       0
                text65                            15600    15600       1E     8000       0
                text64                            11C9A    11C9A      262     8000       0
                text63                            155E2    155E2       1E     8000       0
                text62                            153E8    153E8       32     8000       0
                text61                            14350    14350       AE     8000       0
                text60                            1466E    1466E       90     8000       0
                text59                            155C4    155C4       1E     8000       0
                text58                            1577E    1577E       1A     8000       0
                text57                            13EDE    13EDE       C8     8000       0
                text56                            1537A    1537A       38     8000       0
                text55                            145DC    145DC       92     8000       0
                text54                            135C0    135C0      13C     8000       0
                text53                            141E6    141E6       B6     8000       0
                text52                            15886    15886        C     8000       0
                text51                            158C6    158C6        4     8000       0
                text50                            158C2    158C2        4     8000       0
                text49                            158BE    158BE        4     8000       0
                text48                            158BA    158BA        4     8000       0
                text47                            153B2    153B2       36     8000       0
                text46                            1547E    1547E       2C     8000       0
                text45                            15300    15300       3E     8000       0
                text44                            152C2    152C2       3E     8000       0
                text43                            15522    15522       24     8000       0
                text42                            15892    15892        A     8000       0
                text41                            1533E    1533E       3C     8000       0
                text40                            157F8    157F8       16     8000       0
                text39                            15764    15764       1A     8000       0
                text38                            129AC    129AC      1CA     8000       0
                text37                            13944    13944      10C     8000       0
                text36                            14AB6    14AB6       82     8000       0
                text35                            14A34    14A34       82     8000       0
                text34                            13838    13838      10C     8000       0
                text33                            143FE    143FE       A2     8000       0
                text32                            1213A    1213A      238     8000       0
                text31                            1492A    1492A       86     8000       0
                text30                            15878    15878        E     8000       0
                text29                            148A4    148A4       86     8000       0
                text28                            1586A    1586A        E     8000       0
                text27                            13482    13482      13E     8000       0
                text26                            13C64    13C64       D6     8000       0
                text25                            1517E    1517E       44     8000       0
                text24                            13344    13344      13E     8000       0
                text23                            158B6    158B6        4     8000       0
                text22                            14542    14542       9A     8000       0
                text21                            13FA6    13FA6       C4     8000       0
                text20                            1429C    1429C       B4     8000       0
                text19                            1478E    1478E       8C     8000       0
                text18                            15202    15202       40     8000       0
                text17                            14C38    14C38       7A     8000       0
                text16                            14BBA    14BBA       7E     8000       0
                text15                            125A0    125A0      218     8000       0
                text14                            155A6    155A6       1E     8000       0
                text13                            11A32    11A32      268     8000       0
                text12                            14F8E    14F8E       5E     8000       0
                text11                            15588    15588       1E     8000       0
                text10                            151C2    151C2       40     8000       0
                text9                             1556A    1556A       1E     8000       0
                text8                             1406A    1406A       C2     8000       0
                text7                             158B2    158B2        4     8000       0
                text6                             158AE    158AE        4     8000       0
                text5                             14FEC    14FEC       5C     8000       0
                text4                             12EFC    12EFC      18A     8000       0
                text3                             1574A    1574A       1A     8000       0
                text2                             10000    10000     167C     8000       0
                text1                             157C8    157C8       18     8000       0
                text0                             1412C    1412C       BA     8000       0
                cstackCOMRAM                          1        1       55        1       1
                cstackBANK0                          AC       AC       3A       60       1
                bssBIGRAMh                          1D9      1D9      1E0      1D9       1
                bssBANK1l                           1BD      1BD       1C      1BD       1
                dataBANK0                            E6       E6        8       60       1
                bssBANK0                             60       60       4C       60       1
                bssCOMRAM                            56       56        5        1       1
                cinit                             14ECE    14ECE       60     8000       0
                idataBANK0                        158A6    158A6        8     8000       0
build/default/production/_ext/1677729834/delay_200ms.o
                text                              154D4    154D4       28     8000       0
                bss_delay                            EE       EE        4       60       1
build/default/production/_ext/1677729834/delay_1ms.o
                text                              157B0    157B0       18     8000       0
                bss_delay                            F2       F2        3       60       1
build/default/production/_ext/1677729834/delay_10us.o
                text                              15798    15798       18     8000       0
                bss_delay                            F5       F5        2       60       1
build/default/production/_ext/839877155/switch_init.o
                text                              1585A    1585A       10     8000       0

TOTAL           Name                               Link     Load   Length     Space
        CLASS   STACK          

        CLASS   CODE           
                intcode                               8        8       4E         0
                init                                 56       56        4         0
                reset_vec                             0        0        4         0
                text117                           15848    15848       12         0
                text116                           15836    15836       12         0
                text114                           15048    15048       5C         0
                text113                           15546    15546       24         0
                text112                           1589C    1589C        A         0
                text111                           157E0    157E0       18         0
                text110                           15136    15136       48         0
                text109                           149B0    149B0       84         0
                text108                           146FE    146FE       90         0
                text107                           13E0E    13E0E       D0         0
                text106                           1544C    1544C       32         0
                text105                           13A50    13A50      10C         0
                text104                           154FC    154FC       26         0
                text103                           12B76    12B76      1CA         0
                text102                           12D40    12D40      1BC         0
                text101                           1541A    1541A       32         0
                text100                           14F2E    14F2E       60         0
                text99                            14E68    14E68       66         0
                text98                            154AA    154AA       2A         0
                text97                            14E02    14E02       66         0
                text96                            14CB2    14CB2       78         0
                text95                            144A0    144A0       A2         0
                text94                            14B38    14B38       82         0
                text93                            11EFC    11EFC      23E         0
                text92                            14D96    14D96       6C         0
                text91                            14D2A    14D2A       6C         0
                text90                            127B8    127B8      1F4         0
                text89                            13D3A    13D3A       D4         0
                text88                            1167C    1167C      3B6         0
                text87                            150A4    150A4       4A         0
                text86                            12372    12372      22E         0
                text85                            1481A    1481A       8A         0
                text84                            131EE    131EE      156         0
                text83                            15824    15824       12         0
                text82                            136FC    136FC      13C         0
                text81                            15282    15282       40         0
                text80                            1580E    1580E       16         0
                text79                            1572C    1572C       1E         0
                text78                            1570E    1570E       1E         0
                text77                            156F0    156F0       1E         0
                text76                            156D2    156D2       1E         0
                text75                            156B4    156B4       1E         0
                text74                            15696    15696       1E         0
                text73                            13086    13086      168         0
                text72                            150EE    150EE       48         0
                text71                            15678    15678       1E         0
                text70                            1565A    1565A       1E         0
                text69                            15242    15242       40         0
                text68                            1563C    1563C       1E         0
                text67                            1561E    1561E       1E         0
                text66                            13B5C    13B5C      108         0
                text65                            15600    15600       1E         0
                text64                            11C9A    11C9A      262         0
                text63                            155E2    155E2       1E         0
                text62                            153E8    153E8       32         0
                text61                            14350    14350       AE         0
                text60                            1466E    1466E       90         0
                text59                            155C4    155C4       1E         0
                text58                            1577E    1577E       1A         0
                text57                            13EDE    13EDE       C8         0
                text56                            1537A    1537A       38         0
                text55                            145DC    145DC       92         0
                text54                            135C0    135C0      13C         0
                text53                            141E6    141E6       B6         0
                text52                            15886    15886        C         0
                text51                            158C6    158C6        4         0
                text50                            158C2    158C2        4         0
                text49                            158BE    158BE        4         0
                text48                            158BA    158BA        4         0
                text47                            153B2    153B2       36         0
                text46                            1547E    1547E       2C         0
                text45                            15300    15300       3E         0
                text44                            152C2    152C2       3E         0
                text43                            15522    15522       24         0
                text42                            15892    15892        A         0
                text41                            1533E    1533E       3C         0
                text40                            157F8    157F8       16         0
                text39                            15764    15764       1A         0
                text38                            129AC    129AC      1CA         0
                text37                            13944    13944      10C         0
                text36                            14AB6    14AB6       82         0
                text35                            14A34    14A34       82         0
                text34                            13838    13838      10C         0
                text33                            143FE    143FE       A2         0
                text32                            1213A    1213A      238         0
                text31                            1492A    1492A       86         0
                text30                            15878    15878        E         0
                text29                            148A4    148A4       86         0
                text28                            1586A    1586A        E         0
                text27                            13482    13482      13E         0
                text26                            13C64    13C64       D6         0
                text25                            1517E    1517E       44         0
                text24                            13344    13344      13E         0
                text23                            158B6    158B6        4         0
                text22                            14542    14542       9A         0
                text21                            13FA6    13FA6       C4         0
                text20                            1429C    1429C       B4         0
                text19                            1478E    1478E       8C         0
                text18                            15202    15202       40         0
                text17                            14C38    14C38       7A         0
                text16                            14BBA    14BBA       7E         0
                text15                            125A0    125A0      218         0
                text14                            155A6    155A6       1E         0
                text13                            11A32    11A32      268         0
                text12                            14F8E    14F8E       5E         0
                text11                            15588    15588       1E         0
                text10                            151C2    151C2       40         0
                text9                             1556A    1556A       1E         0
                text8                             1406A    1406A       C2         0
                text7                             158B2    158B2        4         0
                text6                             158AE    158AE        4         0
                text5                             14FEC    14FEC       5C         0
                text4                             12EFC    12EFC      18A         0
                text3                             1574A    1574A       1A         0
                text2                             10000    10000     167C         0
                text1                             157C8    157C8       18         0
                text0                             1412C    1412C       BA         0
                cinit                             14ECE    14ECE       60         0
                idataBANK0                        158A6    158A6        8         0
                text                              154D4    154D4       28         0
                text                              157B0    157B0       18         0
                text                              15798    15798       18         0
                text                              1585A    1585A       10         0

        CLASS   CONST          

        CLASS   SMALLCONST     

        CLASS   MEDIUMCONST    
                mediumconst                        F66A     F66A      996         0

        CLASS   COMRAM         
                temp                                 5B       5B        1         1
                cstackCOMRAM                          1        1       55         1
                bssCOMRAM                            56       56        5         1

        CLASS   ABS1           
                abs_s1                              140      140       7D         1
                abs_s1                              150      150        3         1
                abs_s1                              154      154        5         1
                abs_s1                              160      160        1         1

        CLASS   BIGRAM         
                bssBIGRAMh                          1D9      1D9      1E0         1

        CLASS   RAM            

        CLASS   BANK0          
                cstackBANK0                          AC       AC       3A         1
                dataBANK0                            E6       E6        8         1
                bssBANK0                             60       60       4C         1
                bss_delay                            EE       EE        4         1
                bss_delay                            F2       F2        3         1
                bss_delay                            F5       F5        2         1

        CLASS   BANK1          
                bssBANK1l                           1BD      1BD       1C         1

        CLASS   BANK2          

        CLASS   BANK3          

        CLASS   BANK4          

        CLASS   BANK5          

        CLASS   BANK6          

        CLASS   BANK7          

        CLASS   BANK8          

        CLASS   BANK9          

        CLASS   BANK10         

        CLASS   BANK11         

        CLASS   BANK12         

        CLASS   BANK13         

        CLASS   BANK14         

        CLASS   SFR            

        CLASS   CONFIG         
                config                           300000   300000        C         4

        CLASS   IDLOC          
                idloc                            200000   200000       10         5

        CLASS   FARRAM         

        CLASS   EEDATA         



SEGMENTS        Name                           Load    Length   Top    Selector   Space  Class

                reset_vec                      000000  000004  000004         0       0  CODE    
                cstackCOMRAM                   000001  00005B  00005C         1       1  COMRAM  
                intcode                        000008  000052  00005A         4       0  CODE    
                bssBANK0                       000060  000097  0000F7        60       1  BANK0   
                bssBANK1l                      0001BD  00001C  0001D9       1BD       1  BANK1   
                bssBIGRAMh                     0001D9  0001E0  0003B9       1D9       1  BIGRAM  
                mediumconst                    00F66A  000996  010000      7B35       0  MEDIUMCO
                text2                          010000  0058CA  0158CA      8000       0  CODE    


UNUSED ADDRESS RANGES

        Name                Unused          Largest block    Delta
        BANK0            0000F7-0000FF                9
        BANK1            000100-00013F               40
        BANK10           000A00-000AFF              100
        BANK11           000B00-000BFF              100
        BANK12           000C00-000CFF              100
        BANK13           000D00-000DFF              100
        BANK14           000E00-000E87               88
        BANK3            0003B9-0003FF               47
        BANK4            000400-0004FF              100
        BANK5            000500-0005FF              100
        BANK6            000600-0006FF              100
        BANK7            000700-0007FF              100
        BANK8            000800-0008FF              100
        BANK9            000900-0009FF              100
        BIGRAM           00005C-00005F                4
                         0000F7-00013F               49
                         0003B9-000E87              ACF
        CODE             000004-000007                4
                         00005A-00F669             F610
                         0158CA-01FFFF             A736
        COMRAM           00005C-00005F                4
        CONST            000004-000007                4
                         00005A-00F669             F610
                         0158CA-01FFFF             A736
        EEDATA           310000-3103FF              400
        MEDIUMCONST      000F00-00F669             E76A
                         0158CA-01FFFF             A736
        RAM              0000F7-00013F                9
                         0003B9-000E87              100
        SFR              000E8D-000FFF               73
        SMALLCONST       000F00-00F669              100
                         0158CA-01FFFF              100
        STACK            0003B9-000E87              ACF

                                  Symbol Table

?___wmul                                            cstackCOMRAM 000005
?_my_u8g2_m_12_5_f                                  cstackCOMRAM 000005
?_u8g2_DrawGlyph                                    cstackBANK0  0000C8
?_u8g2_add_vector_x                                 cstackCOMRAM 000005
?_u8g2_add_vector_y                                 cstackCOMRAM 000005
?_u8g2_draw_string                                  cstackBANK0  0000D0
?_u8g2_font_calc_vref_bottom                        cstackCOMRAM 000009
?_u8g2_font_calc_vref_center                        cstackCOMRAM 000009
?_u8g2_font_calc_vref_font                          cstackCOMRAM 000009
?_u8g2_font_calc_vref_top                           cstackCOMRAM 000009
?_u8g2_font_draw_glyph                              cstackBANK0  0000BC
?_u8g2_font_get_glyph_data                          cstackCOMRAM 00000A
?_u8g2_font_get_word                                cstackCOMRAM 000005
?_u8x8_ascii_next                                   cstackCOMRAM 000005
?_u8x8_utf8_next                                    cstackCOMRAM 000005
IRsensorXOLED_display@a                             cstackCOMRAM 000054
IRsensorXOLED_stop@flag                             bssCOMRAM    00005A
IRsensor_analyze_data@count                         bssBANK0     00008C
IRsensor_record_data@n                              bssBANK0     00008D
SPI_write@payload                                   cstackCOMRAM 000005
_ANSELA                                             (abs)        000F11
_ANSELAbits                                         (abs)        000F11
_ANSELB                                             (abs)        000F19
_ANSELBbits                                         (abs)        000F19
_ANSELC                                             (abs)        000F21
_ANSELCbits                                         (abs)        000F21
_CPUDOZEbits                                        (abs)        000ED7
_INTCONbits                                         (abs)        000FF2
_IPR0bits                                           (abs)        000EBA
_IPR4bits                                           (abs)        000EBE
_IRsensorXOLED_croix                                text57       013EDE
_IRsensorXOLED_display                              text53       0141E6
_IRsensorXOLED_init                                 text8        01406A
_IRsensorXOLED_stop                                 text2        010000
_IRsensor_init                                      text52       015886
_IRsensor_read_data                                 text1        0157C8
_IRsensor_system_init                               text45       015300
_LATAbits                                           (abs)        000F83
_LATBbits                                           (abs)        000F84
_LATCbits                                           (abs)        000F85
_PIE0bits                                           (abs)        000EC2
_PIE4bits                                           (abs)        000EC6
_PIR0bits                                           (abs)        000ECA
_PIR4bits                                           (abs)        000ECE
_PORTBbits                                          (abs)        000F8E
_PORTCbits                                          (abs)        000F8F
_RB1PPS                                             (abs)        000EF0
_RB3PPS                                             (abs)        000EF2
_SPI_init                                           text44       0152C2
_SPI_write                                          text80       01580E
_SSP1BUF                                            (abs)        000F92
_SSP1CLKPPS                                         (abs)        000EB7
_SSP1CON1bits                                       (abs)        000F96
_SSP1DATPPS                                         (abs)        000EB8
_SSP1IF                                             (abs)        007668
_SSP1SSPPS                                          (abs)        000EB9
_SSP1STATbits                                       (abs)        000F95
_T0CON0bits                                         (abs)        000FD5
_T0CON1bits                                         (abs)        000FD6
_T1CONbits                                          (abs)        000FCF
_TMR0H                                              (abs)        000FD4
_TMR0L                                              (abs)        000FD3
_TMR1CLKbits                                        (abs)        000FD2
_TMR1H                                              (abs)        000FCE
_TMR1L                                              (abs)        000FCD
_TRISAbits                                          (abs)        000F88
_TRISBbits                                          (abs)        000F89
_TRISCbits                                          (abs)        000F8A
_WPUCbits                                           (abs)        000F20
__HRAM                                              (abs)        000000
__Habs1                                             abs1         000000
__Hbank0                                            bank0        000000
__Hbank1                                            bank1        000000
__Hbank10                                           bank10       000000
__Hbank11                                           bank11       000000
__Hbank12                                           bank12       000000
__Hbank13                                           bank13       000000
__Hbank14                                           bank14       000000
__Hbank2                                            bank2        000000
__Hbank3                                            bank3        000000
__Hbank4                                            bank4        000000
__Hbank5                                            bank5        000000
__Hbank6                                            bank6        000000
__Hbank7                                            bank7        000000
__Hbank8                                            bank8        000000
__Hbank9                                            bank9        000000
__Hbigbss                                           bigbss       000000
__Hbigdata                                          bigdata      000000
__Hbigram                                           bigram       000000
__Hbss                                              bss          000000
__HbssBANK0                                         bssBANK0     000000
__HbssBANK1l                                        bssBANK1l    000000
__HbssBIGRAMh                                       bssBIGRAMh   000000
__HbssCOMRAM                                        bssCOMRAM    000000
__Hbss_delay                                        bss_delay    000000
__Hcinit                                            cinit        000000
__Hclrtext                                          clrtext      000000
__Hcomram                                           comram       000000
__Hconfig                                           config       30000C
__Hconst                                            const        000000
__HcstackBANK0                                      cstackBANK0  000000
__HcstackCOMRAM                                     cstackCOMRAM 000000
__Hdata                                             data         000000
__HdataBANK0                                        dataBANK0    000000
__Heeprom_data                                      eeprom_data  000000
__Hfarbss                                           farbss       000000
__Hfardata                                          fardata      000000
__Hibigdata                                         ibigdata     000000
__Hidata                                            idata        000000
__HidataBANK0                                       idataBANK0   000000
__Hidloc                                            idloc        200010
__Hifardata                                         ifardata     000000
__Hinit                                             init         00005A
__Hintcode                                          intcode      000056
__Hintcode_body                                     intcode_body 000000
__Hintcodelo                                        intcodelo    000056
__Hintentry                                         intentry     000000
__Hintret                                           intret       000000
__Hintsave_regs                                     intsave_regs 000000
__Hirdata                                           irdata       000000
__Hmediumconst                                      mediumconst  010000
__HnvFARRAM                                         nvFARRAM     000000
__Hnvbit                                            nvbit        000000
__Hnvrram                                           nvrram       000000
__Hparam                                            rparam       000000
__Hpowerup                                          powerup      000056
__Hram                                              ram          000000
__Hramtop                                           ramtop       000F00
__Hrbit                                             rbit         000000
__Hrbss                                             rbss         000000
__Hrdata                                            rdata        000000
__Hreset_vec                                        reset_vec    000004
__Hrparam                                           rparam       000000
__Hsfr                                              sfr          000000
__Hsmallconst                                       smallconst   000000
__Hspace_0                                          (abs)        0158CA
__Hspace_1                                          (abs)        0003B9
__Hspace_2                                          (abs)        000000
__Hspace_4                                          (abs)        60000C
__Hstack                                            stack        000000
__Hstruct                                           struct       000000
__Htemp                                             temp         00005C
__Htext                                             text         000000
__Htext0                                            text0        000000
__Htext1                                            text1        000000
__Htext10                                           text10       000000
__Htext100                                          text100      000000
__Htext101                                          text101      000000
__Htext102                                          text102      000000
__Htext103                                          text103      000000
__Htext104                                          text104      000000
__Htext105                                          text105      000000
__Htext106                                          text106      000000
__Htext107                                          text107      000000
__Htext108                                          text108      000000
__Htext109                                          text109      000000
__Htext11                                           text11       000000
__Htext110                                          text110      000000
__Htext111                                          text111      000000
__Htext112                                          text112      000000
__Htext113                                          text113      000000
__Htext114                                          text114      000000
__Htext116                                          text116      000000
__Htext117                                          text117      000000
__Htext118                                          text118      000000
__Htext12                                           text12       000000
__Htext13                                           text13       000000
__Htext14                                           text14       000000
__Htext15                                           text15       000000
__Htext16                                           text16       000000
__Htext17                                           text17       000000
__Htext18                                           text18       000000
__Htext19                                           text19       000000
__Htext2                                            text2        000000
__Htext20                                           text20       000000
__Htext21                                           text21       000000
__Htext22                                           text22       000000
__Htext23                                           text23       000000
__Htext24                                           text24       000000
__Htext25                                           text25       000000
__Htext26                                           text26       000000
__Htext27                                           text27       000000
__Htext28                                           text28       000000
__Htext29                                           text29       000000
__Htext3                                            text3        000000
__Htext30                                           text30       000000
__Htext31                                           text31       000000
__Htext32                                           text32       000000
__Htext33                                           text33       000000
__Htext34                                           text34       000000
__Htext35                                           text35       000000
__Htext36                                           text36       000000
__Htext37                                           text37       000000
__Htext38                                           text38       000000
__Htext39                                           text39       000000
__Htext4                                            text4        000000
__Htext40                                           text40       000000
__Htext41                                           text41       000000
__Htext42                                           text42       000000
__Htext43                                           text43       000000
__Htext44                                           text44       000000
__Htext45                                           text45       000000
__Htext46                                           text46       000000
__Htext47                                           text47       000000
__Htext48                                           text48       000000
__Htext49                                           text49       000000
__Htext5                                            text5        000000
__Htext50                                           text50       000000
__Htext51                                           text51       000000
__Htext52                                           text52       000000
__Htext53                                           text53       000000
__Htext54                                           text54       000000
__Htext55                                           text55       000000
__Htext56                                           text56       000000
__Htext57                                           text57       000000
__Htext58                                           text58       000000
__Htext59                                           text59       000000
__Htext6                                            text6        000000
__Htext60                                           text60       000000
__Htext61                                           text61       000000
__Htext62                                           text62       000000
__Htext63                                           text63       000000
__Htext64                                           text64       000000
__Htext65                                           text65       000000
__Htext66                                           text66       000000
__Htext67                                           text67       000000
__Htext68                                           text68       000000
__Htext69                                           text69       000000
__Htext7                                            text7        000000
__Htext70                                           text70       000000
__Htext71                                           text71       000000
__Htext72                                           text72       000000
__Htext73                                           text73       000000
__Htext74                                           text74       000000
__Htext75                                           text75       000000
__Htext76                                           text76       000000
__Htext77                                           text77       000000
__Htext78                                           text78       000000
__Htext79                                           text79       000000
__Htext8                                            text8        000000
__Htext80                                           text80       000000
__Htext81                                           text81       000000
__Htext82                                           text82       000000
__Htext83                                           text83       000000
__Htext84                                           text84       000000
__Htext85                                           text85       000000
__Htext86                                           text86       000000
__Htext87                                           text87       000000
__Htext88                                           text88       000000
__Htext89                                           text89       000000
__Htext9                                            text9        000000
__Htext90                                           text90       000000
__Htext91                                           text91       000000
__Htext92                                           text92       000000
__Htext93                                           text93       000000
__Htext94                                           text94       000000
__Htext95                                           text95       000000
__Htext96                                           text96       000000
__Htext97                                           text97       000000
__Htext98                                           text98       000000
__Htext99                                           text99       000000
__LRAM                                              (abs)        000001
__Labs1                                             abs1         000000
__Lbank0                                            bank0        000000
__Lbank1                                            bank1        000000
__Lbank10                                           bank10       000000
__Lbank11                                           bank11       000000
__Lbank12                                           bank12       000000
__Lbank13                                           bank13       000000
__Lbank14                                           bank14       000000
__Lbank2                                            bank2        000000
__Lbank3                                            bank3        000000
__Lbank4                                            bank4        000000
__Lbank5                                            bank5        000000
__Lbank6                                            bank6        000000
__Lbank7                                            bank7        000000
__Lbank8                                            bank8        000000
__Lbank9                                            bank9        000000
__Lbigbss                                           bigbss       000000
__Lbigdata                                          bigdata      000000
__Lbigram                                           bigram       000000
__Lbss                                              bss          000000
__LbssBANK0                                         bssBANK0     000000
__LbssBANK1l                                        bssBANK1l    000000
__LbssBIGRAMh                                       bssBIGRAMh   000000
__LbssCOMRAM                                        bssCOMRAM    000000
__Lbss_delay                                        bss_delay    000000
__Lcinit                                            cinit        000000
__Lclrtext                                          clrtext      000000
__Lcomram                                           comram       000000
__Lconfig                                           config       000000
__Lconst                                            const        000000
__LcstackBANK0                                      cstackBANK0  000000
__LcstackCOMRAM                                     cstackCOMRAM 000000
__Ldata                                             data         000000
__LdataBANK0                                        dataBANK0    000000
__Leeprom_data                                      eeprom_data  000000
__Lfarbss                                           farbss       000000
__Lfardata                                          fardata      000000
__Libigdata                                         ibigdata     000000
__Lidata                                            idata        000000
__LidataBANK0                                       idataBANK0   000000
__Lidloc                                            idloc        000000
__Lifardata                                         ifardata     000000
__Linit                                             init         000056
__Lintcode                                          intcode      000008
__Lintcode_body                                     intcode_body 000000
__Lintcodelo                                        intcodelo    000056
__Lintentry                                         intentry     000000
__Lintret                                           intret       000000
__Lintsave_regs                                     intsave_regs 000000
__Lirdata                                           irdata       000000
__Lmediumconst                                      mediumconst  00F66A
__LnvFARRAM                                         nvFARRAM     000000
__Lnvbit                                            nvbit        000000
__Lnvrram                                           nvrram       000000
__Lparam                                            rparam       000000
__Lpowerup                                          powerup      000056
__Lram                                              ram          000000
__Lramtop                                           ramtop       000F00
__Lrbit                                             rbit         000000
__Lrbss                                             rbss         000000
__Lrdata                                            rdata        000000
__Lreset_vec                                        reset_vec    000000
__Lrparam                                           rparam       000000
__Lsfr                                              sfr          000000
__Lsmallconst                                       smallconst   000000
__Lspace_0                                          (abs)        000000
__Lspace_1                                          (abs)        000000
__Lspace_2                                          (abs)        000000
__Lspace_4                                          (abs)        000000
__Lstack                                            stack        000000
__Lstruct                                           struct       000000
__Ltemp                                             temp         00005B
__Ltext                                             text         000000
__Ltext0                                            text0        000000
__Ltext1                                            text1        000000
__Ltext10                                           text10       000000
__Ltext100                                          text100      000000
__Ltext101                                          text101      000000
__Ltext102                                          text102      000000
__Ltext103                                          text103      000000
__Ltext104                                          text104      000000
__Ltext105                                          text105      000000
__Ltext106                                          text106      000000
__Ltext107                                          text107      000000
__Ltext108                                          text108      000000
__Ltext109                                          text109      000000
__Ltext11                                           text11       000000
__Ltext110                                          text110      000000
__Ltext111                                          text111      000000
__Ltext112                                          text112      000000
__Ltext113                                          text113      000000
__Ltext114                                          text114      000000
__Ltext116                                          text116      000000
__Ltext117                                          text117      000000
__Ltext118                                          text118      000000
__Ltext12                                           text12       000000
__Ltext13                                           text13       000000
__Ltext14                                           text14       000000
__Ltext15                                           text15       000000
__Ltext16                                           text16       000000
__Ltext17                                           text17       000000
__Ltext18                                           text18       000000
__Ltext19                                           text19       000000
__Ltext2                                            text2        000000
__Ltext20                                           text20       000000
__Ltext21                                           text21       000000
__Ltext22                                           text22       000000
__Ltext23                                           text23       000000
__Ltext24                                           text24       000000
__Ltext25                                           text25       000000
__Ltext26                                           text26       000000
__Ltext27                                           text27       000000
__Ltext28                                           text28       000000
__Ltext29                                           text29       000000
__Ltext3                                            text3        000000
__Ltext30                                           text30       000000
__Ltext31                                           text31       000000
__Ltext32                                           text32       000000
__Ltext33                                           text33       000000
__Ltext34                                           text34       000000
__Ltext35                                           text35       000000
__Ltext36                                           text36       000000
__Ltext37                                           text37       000000
__Ltext38                                           text38       000000
__Ltext39                                           text39       000000
__Ltext4                                            text4        000000
__Ltext40                                           text40       000000
__Ltext41                                           text41       000000
__Ltext42                                           text42       000000
__Ltext43                                           text43       000000
__Ltext44                                           text44       000000
__Ltext45                                           text45       000000
__Ltext46                                           text46       000000
__Ltext47                                           text47       000000
__Ltext48                                           text48       000000
__Ltext49                                           text49       000000
__Ltext5                                            text5        000000
__Ltext50                                           text50       000000
__Ltext51                                           text51       000000
__Ltext52                                           text52       000000
__Ltext53                                           text53       000000
__Ltext54                                           text54       000000
__Ltext55                                           text55       000000
__Ltext56                                           text56       000000
__Ltext57                                           text57       000000
__Ltext58                                           text58       000000
__Ltext59                                           text59       000000
__Ltext6                                            text6        000000
__Ltext60                                           text60       000000
__Ltext61                                           text61       000000
__Ltext62                                           text62       000000
__Ltext63                                           text63       000000
__Ltext64                                           text64       000000
__Ltext65                                           text65       000000
__Ltext66                                           text66       000000
__Ltext67                                           text67       000000
__Ltext68                                           text68       000000
__Ltext69                                           text69       000000
__Ltext7                                            text7        000000
__Ltext70                                           text70       000000
__Ltext71                                           text71       000000
__Ltext72                                           text72       000000
__Ltext73                                           text73       000000
__Ltext74                                           text74       000000
__Ltext75                                           text75       000000
__Ltext76                                           text76       000000
__Ltext77                                           text77       000000
__Ltext78                                           text78       000000
__Ltext79                                           text79       000000
__Ltext8                                            text8        000000
__Ltext80                                           text80       000000
__Ltext81                                           text81       000000
__Ltext82                                           text82       000000
__Ltext83                                           text83       000000
__Ltext84                                           text84       000000
__Ltext85                                           text85       000000
__Ltext86                                           text86       000000
__Ltext87                                           text87       000000
__Ltext88                                           text88       000000
__Ltext89                                           text89       000000
__Ltext9                                            text9        000000
__Ltext90                                           text90       000000
__Ltext91                                           text91       000000
__Ltext92                                           text92       000000
__Ltext93                                           text93       000000
__Ltext94                                           text94       000000
__Ltext95                                           text95       000000
__Ltext96                                           text96       000000
__Ltext97                                           text97       000000
__Ltext98                                           text98       000000
__Ltext99                                           text99       000000
__S0                                                (abs)        0158CA
__S1                                                (abs)        0003B9
__S2                                                (abs)        000000
__S4                                                (abs)        000000
__S5                                                (abs)        000000
___inthi_sp                                         stack        000000
___intlo_sp                                         stack        000000
___lbdiv                                            text114      015048
___lbdiv@counter                                    cstackCOMRAM 000007
___lbdiv@dividend                                   cstackCOMRAM 000006
___lbdiv@divisor                                    cstackCOMRAM 000005
___lbdiv@quotient                                   cstackCOMRAM 000008
___param_bank                                       (abs)        000000
___rparam_used                                      (abs)        000001
___sp                                               stack        000000
___wmul                                             text104      0154FC
___wmul@multiplicand                                cstackCOMRAM 000007
___wmul@multiplier                                  cstackCOMRAM 000005
___wmul@product                                     cstackCOMRAM 000009
__accesstop                                         (abs)        000060
__activetblptr                                      (abs)        000003
__end_of_IRsensorXOLED_croix                        text57       013FA6
__end_of_IRsensorXOLED_display                      text53       01429C
__end_of_IRsensorXOLED_init                         text8        01412C
__end_of_IRsensorXOLED_stop                         text2        01167C
__end_of_IRsensor_init                              text52       015892
__end_of_IRsensor_read_data                         text1        0157E0
__end_of_IRsensor_system_init                       text45       01533E
__end_of_SPI_init                                   text44       015300
__end_of_SPI_write                                  text80       015824
__end_of___lbdiv                                    text114      0150A4
__end_of___wmul                                     text104      015522
__end_of__initialization                            cinit        014F24
__end_of_delay                                      text43       015546
__end_of_elego_active_buzzer                        text7        0158B6
__end_of_elego_alarme_buzzer                        text5        015048
__end_of_elego_init_buzzer                          text42       01589C
__end_of_elego_keyboard                             text4        013086
__end_of_elego_keyboard_init                        text41       01537A
__end_of_elego_off_buzzer                           text6        0158B2
__end_of_isr_high                                   intcode      000056
__end_of_led2_init                                  text51       0158CA
__end_of_led3_init                                  text50       0158C6
__end_of_led4_init                                  text49       0158C2
__end_of_led5_init                                  text48       0158BE
__end_of_main                                       text0        0141E6
__end_of_memset                                     text56       0153B2
__end_of_my_u8g2_Setup_ssd1306_96x39_f              text16       014C38
__end_of_my_u8g2_m_12_5_f                           text40       01580E
__end_of_my_u8x8_GPIO_cb                            text75       0156D2
__end_of_my_u8x8_byte_cb                            text79       01574A
__end_of_my_u8x8_cad_cb                             text71       015696
__end_of_my_u8x8_msg_cb                             text63       015600
__end_of_password                                   mediumconst  00F6B0
__end_of_password@IR_sensorXOLED$F16017             mediumconst  00F6AC
__end_of_timer0_init                                text47       0153E8
__end_of_timer0_reload                              text117      01585A
__end_of_timer1_init                                text46       0154AA
__end_of_timer1_reload                              text116      015848
__end_of_u8g2_ClearBuffer                           text55       01466E
__end_of_u8g2_DrawFrame                             text54       0136FC
__end_of_u8g2_DrawGlyph                             text84       013344
__end_of_u8g2_DrawHVLine                            text93       01213A
__end_of_u8g2_DrawStr                               text81       0152C2
__end_of_u8g2_IsIntersection                        text108      01478E
__end_of_u8g2_SendBuffer                            text58       015798
__end_of_u8g2_SetFont                               text12       014FEC
__end_of_u8g2_SetFontPosBaseline                    text39       01577E
__end_of_u8g2_SetMaxClipWindow                      text33       0144A0
__end_of_u8g2_SetupBuffer                           text27       0135C0
__end_of_u8g2_UpdateRefHeight                       text15       0127B8
__end_of_u8g2_add_vector_x                          text92       014E02
__end_of_u8g2_add_vector_y                          text91       014D96
__end_of_u8g2_apply_clip_window                     text38       012B76
__end_of_u8g2_cb_mirror                             mediumconst  00F68D
__end_of_u8g2_cb_mirror_vertical                    mediumconst  00F684
__end_of_u8g2_cb_r0                                 mediumconst  00FF4B
__end_of_u8g2_cb_r1                                 mediumconst  00F6A8
__end_of_u8g2_cb_r2                                 mediumconst  00F69F
__end_of_u8g2_cb_r3                                 mediumconst  00F696
__end_of_u8g2_clip_intersection2                    text105      013B5C
__end_of_u8g2_display_off                           text3        015764
__end_of_u8g2_draw_hv_line_2dir                     text100      014F8E
__end_of_u8g2_draw_l90_mirrorr_r0                   text97       014E68
__end_of_u8g2_draw_l90_r0                           text98       0154D4
__end_of_u8g2_draw_l90_r1                           text96       014D2A
__end_of_u8g2_draw_l90_r2                           text95       014542
__end_of_u8g2_draw_l90_r3                           text94       014BBA
__end_of_u8g2_draw_mirror_vertical_r0               text99       014ECE
__end_of_u8g2_draw_string                           text82       013838
__end_of_u8g2_font_6x10_tf                          mediumconst  00FE80
__end_of_u8g2_font_calc_vref_bottom                 text111      0157F8
__end_of_u8g2_font_calc_vref_center                 text110      01517E
__end_of_u8g2_font_calc_vref_font                   text112      0158A6
__end_of_u8g2_font_calc_vref_top                    text113      01556A
__end_of_u8g2_font_decode_get_signed_bits           text106      01547E
__end_of_u8g2_font_decode_get_unsigned_bits         text107      013EDE
__end_of_u8g2_font_decode_glyph                     text88       011A32
__end_of_u8g2_font_decode_len                       text90       0129AC
__end_of_u8g2_font_draw_glyph                       text85       0148A4
__end_of_u8g2_font_get_byte                         text14       0155C4
__end_of_u8g2_font_get_glyph_data                   text86       0125A0
__end_of_u8g2_font_get_word                         text87       0150EE
__end_of_u8g2_font_setup_decode                     text89       013E0E
__end_of_u8g2_is_intersection_decision_tree         text109      014A34
__end_of_u8g2_ll_hvline_vertical_top_lsb            text103      012D40
__end_of_u8g2_read_font_info                        text13       011C9A
__end_of_u8g2_send_buffer                           text60       0146FE
__end_of_u8g2_send_tile_row                         text61       0143FE
__end_of_u8g2_update_dimension_common               text32       012372
__end_of_u8g2_update_dimension_r0                   text30       015886
__end_of_u8g2_update_dimension_r1                   text29       01492A
__end_of_u8g2_update_dimension_r2                   text28       015878
__end_of_u8g2_update_dimension_r3                   text31       0149B0
__end_of_u8g2_update_page_win_r0                    text36       014B38
__end_of_u8g2_update_page_win_r1                    text35       014AB6
__end_of_u8g2_update_page_win_r2                    text34       013944
__end_of_u8g2_update_page_win_r3                    text37       013A50
__end_of_u8x8_DrawTile                              text62       01541A
__end_of_u8x8_InitDisplay                           text11       0155A6
__end_of_u8x8_RefreshDisplay                        text59       0155E2
__end_of_u8x8_SetFlipMode                           text10       015202
__end_of_u8x8_SetPowerSave                          text9        015588
__end_of_u8x8_Setup                                 text17       014CB2
__end_of_u8x8_SetupDefaults                         text26       013D3A
__end_of_u8x8_SetupMemory                           text18       015242
__end_of_u8x8_ascii_next                            text101      01544C
__end_of_u8x8_byte_4wire_sw_spi_pic18               text19       01481A
__end_of_u8x8_byte_SendByte                         text77       01570E
__end_of_u8x8_byte_SendBytes                        text78       01572C
__end_of_u8x8_byte_SetDC                            text76       0156F0
__end_of_u8x8_cad_001                               text21       01406A
__end_of_u8x8_cad_EndTransfer                       text70       015678
__end_of_u8x8_cad_SendArg                           text69       015282
__end_of_u8x8_cad_SendCmd                           text68       01565A
__end_of_u8x8_cad_SendData                          text67       01563C
__end_of_u8x8_cad_SendSequence                      text66       013C64
__end_of_u8x8_cad_StartTransfer                     text65       01561E
__end_of_u8x8_cad_empty                             text22       0145DC
__end_of_u8x8_d_helper_display_init                 text73       0131EE
__end_of_u8x8_d_helper_display_setup_memory         text72       015136
__end_of_u8x8_d_null_cb                             text25       0151C2
__end_of_u8x8_d_ssd1306_96x39                       text24       013482
__end_of_u8x8_d_ssd1306_96x39_flip0_seq             mediumconst  00FF42
__end_of_u8x8_d_ssd1306_96x39_flip1_seq             mediumconst  00FF39
__end_of_u8x8_d_ssd1306_96x39_init_seq              mediumconst  00FEB5
__end_of_u8x8_d_ssd1306_96x40_flip0_seq             mediumconst  00FF59
__end_of_u8x8_d_ssd1306_96x40_flip1_seq             mediumconst  00FF52
__end_of_u8x8_d_ssd1306_96x40_generic               text64       011EFC
__end_of_u8x8_d_ssd1306_96x40_init_seq              mediumconst  00FEE8
__end_of_u8x8_d_ssd1306_96x40_powersave0_seq        mediumconst  00FF63
__end_of_u8x8_d_ssd1306_96x40_powersave1_seq        mediumconst  00FF5E
__end_of_u8x8_dummy_cb                              text23       0158BA
__end_of_u8x8_gpio_and_delay_pic18                  text20       014350
__end_of_u8x8_gpio_call                             text74       0156B4
__end_of_u8x8_null_display_info                     mediumconst  00FF00
__end_of_u8x8_ssd1306_96x39_display_info            mediumconst  00FF18
__end_of_u8x8_ssd1306_96x40_display_info            mediumconst  00FF30
__end_of_u8x8_utf8_init                             text83       015836
__end_of_u8x8_utf8_next                             text102      012EFC
__end_ofelego_keyboard@hexaKeys                     mediumconst  00F67B
__initialization                                    cinit        014ECE
__mediumconst                                       mediumconst  00F66A
__pbssBANK0                                         bssBANK0     000060
__pbssBANK1l                                        bssBANK1l    0001BD
__pbssBIGRAMh                                       bssBIGRAMh   0001D9
__pbssCOMRAM                                        bssCOMRAM    000056
__pcinit                                            cinit        014ECE
__pcstackBANK0                                      cstackBANK0  0000AC
__pcstackCOMRAM                                     cstackCOMRAM 000001
__pdataBANK0                                        dataBANK0    0000E6
__pidataBANK0                                       idataBANK0   0158A6
__pintcode                                          intcode      000008
__pmediumconst                                      mediumconst  00F66A
__ptext0                                            text0        01412C
__ptext1                                            text1        0157C8
__ptext10                                           text10       0151C2
__ptext100                                          text100      014F2E
__ptext101                                          text101      01541A
__ptext102                                          text102      012D40
__ptext103                                          text103      012B76
__ptext104                                          text104      0154FC
__ptext105                                          text105      013A50
__ptext106                                          text106      01544C
__ptext107                                          text107      013E0E
__ptext108                                          text108      0146FE
__ptext109                                          text109      0149B0
__ptext11                                           text11       015588
__ptext110                                          text110      015136
__ptext111                                          text111      0157E0
__ptext112                                          text112      01589C
__ptext113                                          text113      015546
__ptext114                                          text114      015048
__ptext116                                          text116      015836
__ptext117                                          text117      015848
__ptext118                                          text118      000000
__ptext12                                           text12       014F8E
__ptext13                                           text13       011A32
__ptext14                                           text14       0155A6
__ptext15                                           text15       0125A0
__ptext16                                           text16       014BBA
__ptext17                                           text17       014C38
__ptext18                                           text18       015202
__ptext19                                           text19       01478E
__ptext2                                            text2        010000
__ptext20                                           text20       01429C
__ptext21                                           text21       013FA6
__ptext22                                           text22       014542
__ptext23                                           text23       0158B6
__ptext24                                           text24       013344
__ptext25                                           text25       01517E
__ptext26                                           text26       013C64
__ptext27                                           text27       013482
__ptext28                                           text28       01586A
__ptext29                                           text29       0148A4
__ptext3                                            text3        01574A
__ptext30                                           text30       015878
__ptext31                                           text31       01492A
__ptext32                                           text32       01213A
__ptext33                                           text33       0143FE
__ptext34                                           text34       013838
__ptext35                                           text35       014A34
[...]
 Defined at:
		line 1227 in file "../../../../../bsp/u8g2/csrc/u8g2_font.c"
 Parameters:    Size  Location     Type
  u8g2            2    8[COMRAM] PTR struct u8g2_struct
		 -> u8g2(125), 
 Auto vars:     Size  Location     Type
		None
 Return value:  Size  Location     Type
                  2    8[COMRAM] unsigned int 
 Registers used:
		wreg, status,2
 Tracked objects:
		On entry : 
		On exit  : 
		Unchanged: 
 Data sizes:     COMRAM   BANK0  BANK1h  BANK1l   BANK2   BANK3   BANK4   BANK5   BANK6   BANK7   BANK8   BANK9  BANK10  BANK11  BANK12  BANK13  BANK14
      Params:         2       0       0       0       0       0       0       0       0       0       0       0       0       0       0       0       0
      Locals:         0       0       0       0       0       0       0       0       0       0       0       0       0       0       0       0       0
      Temps:          0       0       0       0       0       0       0       0       0       0       0       0       0       0       0       0       0
      Totals:         2       0       0       0       0       0       0       0       0       0       0       0       0       0       0       0       0
Total ram usage:        2 bytes
 Hardware stack levels used:    1
 Hardware stack levels required when called:    2
 This function calls:
		Nothing
 This function is called by:
		_u8g2_SetFontPosBaseline
		_u8g2_DrawGlyph
 This function uses a non-reentrant model


 *************** function _u8g2_font_calc_vref_top *****************
 Defined at:
		line 1248 in file "../../../../../bsp/u8g2/csrc/u8g2_font.c"
 Parameters:    Size  Location     Type
  u8g2            2    8[COMRAM] PTR struct u8g2_struct
		 -> u8g2(125), 
 Auto vars:     Size  Location     Type
  tmp             2   10[COMRAM] unsigned int 
 Return value:  Size  Location     Type
                  2    8[COMRAM] unsigned int 
 Registers used:
		wreg, fsr2l, fsr2h, status,2, status,0
 Tracked objects:
		On entry : 
		On exit  : 
		Unchanged: 
 Data sizes:     COMRAM   BANK0  BANK1h  BANK1l   BANK2   BANK3   BANK4   BANK5   BANK6   BANK7   BANK8   BANK9  BANK10  BANK11  BANK12  BANK13  BANK14
      Params:         2       0       0       0       0       0       0       0       0       0       0       0       0       0       0       0       0
      Locals:         2       0       0       0       0       0       0       0       0       0       0       0       0       0       0       0       0
      Temps:          0       0       0       0       0       0       0       0       0       0       0       0       0       0       0       0       0
      Totals:         4       0       0       0       0       0       0       0       0       0       0       0       0       0       0       0       0
Total ram usage:        4 bytes
 Hardware stack levels used:    1
 Hardware stack levels required when called:    2
 This function calls:
		Nothing
 This function is called by:
		_u8g2_DrawGlyph
 This function uses a non-reentrant model


 *************** function ___lbdiv *****************
 Defined at:
		line 4 in file "C:\Program Files\Microchip\xc8\v2.20\pic\sources\c90\common\lbdiv.c"
 Parameters:    Size  Location     Type
  dividend        1    wreg     unsigned char 
  divisor         1    4[COMRAM] unsigned char 
 Auto vars:     Size  Location     Type
  dividend        1    5[COMRAM] unsigned char 
  quotient        1    7[COMRAM] unsigned char 
  counter         1    6[COMRAM] unsigned char 
 Return value:  Size  Location     Type
                  1    wreg      unsigned char 
 Registers used:
		wreg, status,2, status,0
 Tracked objects:
		On entry : 
		On exit  : 
		Unchanged: 
 Data sizes:     COMRAM   BANK0  BANK1h  BANK1l   BANK2   BANK3   BANK4   BANK5   BANK6   BANK7   BANK8   BANK9  BANK10  BANK11  BANK12  BANK13  BANK14
      Params:         1       0       0       0       0       0       0       0       0       0       0       0       0       0       0       0       0
      Locals:         3       0       0       0       0       0       0       0       0       0       0       0       0       0       0       0       0
      Temps:          0       0       0       0       0       0       0       0       0       0       0       0       0       0       0       0       0
      Totals:         4       0       0       0       0       0       0       0       0       0       0       0       0       0       0       0       0
Total ram usage:        4 bytes
 Hardware stack levels used:    1
 Hardware stack levels required when called:    2
 This function calls:
		Nothing
 This function is called by:
		_u8g2_font_calc_vref_center
 This function uses a non-reentrant model


 *************** function _isr_high *****************
 Defined at:
		line 15 in file "../../main.c"
 Parameters:    Size  Location     Type
		None
 Auto vars:     Size  Location     Type
		None
 Return value:  Size  Location     Type
                  1    wreg      void 
 Registers used:
		wreg, status,2, status,0, cstack
 Tracked objects:
		On entry : 
		On exit  : 
		Unchanged: 
 Data sizes:     COMRAM   BANK0  BANK1h  BANK1l   BANK2   BANK3   BANK4   BANK5   BANK6   BANK7   BANK8   BANK9  BANK10  BANK11  BANK12  BANK13  BANK14
      Params:         0       0       0       0       0       0       0       0       0       0       0       0       0       0       0       0       0
      Locals:         0       0       0       0       0       0       0       0       0       0       0       0       0       0       0       0       0
      Temps:          0       0       0       0       0       0       0       0       0       0       0       0       0       0       0       0       0
      Totals:         0       0       0       0       0       0       0       0       0       0       0       0       0       0       0       0       0
Total ram usage:        0 bytes
 Hardware stack levels used:    1
 Hardware stack levels required when called:    1
 This function calls:
		_timer0_reload
		_timer1_reload
 This function is called by:
		Interrupt level 2
 This function uses a non-reentrant model


 *************** function _timer1_reload *****************
 Defined at:
		line 9 in file "../../../../../bsp/timer1/src/timer1_reload.c"
 Parameters:    Size  Location     Type
  count           2    0[COMRAM] unsigned short 
 Auto vars:     Size  Location     Type
  preload         2    2[COMRAM] unsigned short 
 Return value:  Size  Location     Type
                  1    wreg      void 
 Registers used:
		wreg, status,2, status,0
 Tracked objects:
		On entry : 
		On exit  : 
		Unchanged: 
 Data sizes:     COMRAM   BANK0  BANK1h  BANK1l   BANK2   BANK3   BANK4   BANK5   BANK6   BANK7   BANK8   BANK9  BANK10  BANK11  BANK12  BANK13  BANK14
      Params:         2       0       0       0       0       0       0       0       0       0       0       0       0       0       0       0       0
      Locals:         2       0       0       0       0       0       0       0       0       0       0       0       0       0       0       0       0
      Temps:          0       0       0       0       0       0       0       0       0       0       0       0       0       0       0       0       0
      Totals:         4       0       0       0       0       0       0       0       0       0       0       0       0       0       0       0       0
Total ram usage:        4 bytes
 Hardware stack levels used:    1
 This function calls:
		Nothing
 This function is called by:
		_isr_high
 This function uses a non-reentrant model


 *************** function _timer0_reload *****************
 Defined at:
		line 9 in file "../../../../../bsp/timer0/src/timer0_reload.c"
 Parameters:    Size  Location     Type
  count           2    0[COMRAM] unsigned short 
 Auto vars:     Size  Location     Type
  preload         2    2[COMRAM] unsigned short 
 Return value:  Size  Location     Type
                  1    wreg      void 
 Registers used:
		wreg, status,2, status,0
 Tracked objects:
		On entry : 
		On exit  : 
		Unchanged: 
 Data sizes:     COMRAM   BANK0  BANK1h  BANK1l   BANK2   BANK3   BANK4   BANK5   BANK6   BANK7   BANK8   BANK9  BANK10  BANK11  BANK12  BANK13  BANK14
      Params:         2       0       0       0       0       0       0       0       0       0       0       0       0       0       0       0       0
      Locals:         2       0       0       0       0       0       0       0       0       0       0       0       0       0       0       0       0
      Temps:          0       0       0       0       0       0       0       0       0       0       0       0       0       0       0       0       0
      Totals:         4       0       0       0       0       0       0       0       0       0       0       0       0       0       0       0       0
Total ram usage:        4 bytes
 Hardware stack levels used:    1
 This function calls:
		Nothing
 This function is called by:
		_isr_high
 This function uses a non-reentrant model



MODULE INFORMATION

Module		Function		Class		Link	Load	Size
../../../../../bsp/IRsensor/src/IRsensor_init.c
		_IRsensor_system_init		CODE           	15300	0000	63
		_IRsensor_init 		CODE           	15886	0000	13

../../../../../bsp/IRsensor/src/IRsensor_init.c estimated size: 76

../../../../../bsp/timer0/src/timer0_reload.c
		_timer0_reload 		CODE           	15848	0000	19

../../../../../bsp/timer0/src/timer0_reload.c estimated size: 19

../../../../../bsp/u8g2/csrc/u8g2_intersection.c
		_u8g2_IsIntersection		CODE           	146FE	0000	145
		_u8g2_is_intersection_decision_tree		CODE           	149B0	0000	133

../../../../../bsp/u8g2/csrc/u8g2_intersection.c estimated size: 278

../../../../../bsp/IRsensor/src/IRsensor_read_data.c
		_IRsensor_read_data		CODE           	157C8	0000	25

../../../../../bsp/IRsensor/src/IRsensor_read_data.c estimated size: 25

../../../../../bsp/SPI/src/SPI_write.c
		_SPI_write     		CODE           	1580E	0000	23

../../../../../bsp/SPI/src/SPI_write.c estimated size: 23

../../main.c
		_main          		CODE           	1412C	0000	187
		_isr_high      		CODE           	0008	0000	79

../../main.c estimated size: 266

../../../../../bsp/u8g2/csrc/u8g2_buffer.c
		_u8g2_ClearBuffer		CODE           	145DC	0000	147
		_u8g2_SendBuffer		CODE           	1577E	0000	27
		_u8g2_send_tile_row		CODE           	14350	0000	175
		_u8g2_send_buffer		CODE           	1466E	0000	145

../../../../../bsp/u8g2/csrc/u8g2_buffer.c estimated size: 494

../../../../../bsp/u8g2/csrc/u8g2_font.c
		_u8g2_font_calc_vref_bottom		CODE           	157E0	0000	25
		_u8g2_font_decode_get_signed_bits		CODE           	1544C	0000	51
		_u8g2_SetFontPosBaseline		CODE           	15764	0000	27
		_u8g2_font_setup_decode		CODE           	13D3A	0000	213
		_u8g2_add_vector_x		CODE           	14D96	0000	109
		_u8g2_add_vector_y		CODE           	14D2A	0000	109
		_u8g2_font_decode_len		CODE           	127B8	0000	501
		_u8g2_font_calc_vref_top		CODE           	15546	0000	37
		_u8g2_font_decode_glyph		CODE           	1167C	0000	951
		_u8g2_DrawStr  		CODE           	15282	0000	65
		_u8g2_read_font_info		CODE           	11A32	0000	617
		_u8g2_draw_string		CODE           	136FC	0000	317
		_u8g2_font_calc_vref_font		CODE           	1589C	0000	11
		_u8g2_font_get_word		CODE           	150A4	0000	75
		_u8g2_font_calc_vref_center		CODE           	15136	0000	73
		_u8g2_font_get_byte		CODE           	155A6	0000	31
		_u8g2_font_draw_glyph		CODE           	1481A	0000	139
		_u8g2_UpdateRefHeight		CODE           	125A0	0000	537
		_u8g2_DrawGlyph		CODE           	131EE	0000	343
		_u8g2_SetFont  		CODE           	14F8E	0000	95
		_u8g2_font_decode_get_unsigned_bits		CODE           	13E0E	0000	209
		_u8g2_font_get_glyph_data		CODE           	12372	0000	559

../../../../../bsp/u8g2/csrc/u8g2_font.c estimated size: 5094

../../../../../bsp/u8g2/csrc/u8x8_d_ssd1306_96x40.c
		_u8x8_d_ssd1306_96x40_generic		CODE           	11C9A	0000	611
		_u8x8_d_ssd1306_96x39		CODE           	13344	0000	319

../../../../../bsp/u8g2/csrc/u8x8_d_ssd1306_96x40.c estimated size: 930

C:\Program Files\Microchip\xc8\v2.20\pic\sources\c90\common\lbdiv.c
		___lbdiv       		CODE           	15048	0000	93

C:\Program Files\Microchip\xc8\v2.20\pic\sources\c90\common\lbdiv.c estimated size: 93

../../../../../bsp/u8g2/csrc/u8x8_cad.c
		_u8x8_cad_EndTransfer		CODE           	1565A	0000	31
		_u8x8_cad_StartTransfer		CODE           	15600	0000	31
		_u8x8_cad_001  		CODE           	13FA6	0000	197
		_u8x8_cad_SendCmd		CODE           	1563C	0000	31
		_u8x8_cad_SendArg		CODE           	15242	0000	65
		_u8x8_cad_SendData		CODE           	1561E	0000	31
		_u8x8_cad_SendSequence		CODE           	13B5C	0000	265
		_u8x8_cad_empty		CODE           	14542	0000	155

../../../../../bsp/u8g2/csrc/u8x8_cad.c estimated size: 806

../../../../../bsp/u8g2/csrc/u8x8_display.c
		_u8x8_d_helper_display_init		CODE           	13086	0000	361
		_u8x8_SetPowerSave		CODE           	1556A	0000	31
		_u8x8_SetupMemory		CODE           	15202	0000	65
		_u8x8_RefreshDisplay		CODE           	155C4	0000	31
		_u8x8_DrawTile 		CODE           	153E8	0000	51
		_u8x8_InitDisplay		CODE           	15588	0000	31
		_u8x8_d_helper_display_setup_memory		CODE           	150EE	0000	73
		_u8x8_SetFlipMode		CODE           	151C2	0000	65

../../../../../bsp/u8g2/csrc/u8x8_display.c estimated size: 708

../../../src/IR_sensorXOLED_display.c
		_elego_off_buzzer		CODE           	158AE	0000	5
		_elego_init_buzzer		CODE           	15892	0000	11
		_delay         		CODE           	15522	0000	37
		_elego_keyboard		CODE           	12EFC	0000	395
		_u8g2_display_off		CODE           	1574A	0000	27
		_elego_keyboard_init		CODE           	1533E	0000	61
		_IRsensorXOLED_display		CODE           	141E6	0000	183
		_elego_alarme_buzzer		CODE           	14FEC	0000	93
		_elego_active_buzzer		CODE           	158B2	0000	5
		_IRsensorXOLED_croix		CODE           	13EDE	0000	201
		_IRsensorXOLED_init		CODE           	1406A	0000	195
		_IRsensorXOLED_stop		CODE           	10000	0000	5757

../../../src/IR_sensorXOLED_display.c estimated size: 6970

../../../../../bsp/u8g2/csrc/u8g2_ll_hvline.c
		_u8g2_ll_hvline_vertical_top_lsb		CODE           	12B76	0000	459

../../../../../bsp/u8g2/csrc/u8g2_ll_hvline.c estimated size: 459

C:\Program Files\Microchip\xc8\v2.20\pic\sources\c90\common\memset.c
		_memset        		CODE           	1537A	0000	57

C:\Program Files\Microchip\xc8\v2.20\pic\sources\c90\common\memset.c estimated size: 57

../../../../../bsp/timer0/src/timer0_init.c
		_timer0_init   		CODE           	153B2	0000	55

../../../../../bsp/timer0/src/timer0_init.c estimated size: 55

../../../../../bsp/u8g2/csrc/u8g2_setup.c
		_u8g2_apply_clip_window		CODE           	129AC	0000	459
		_u8g2_update_page_win_r0		CODE           	14AB6	0000	131
		_u8g2_update_page_win_r3		CODE           	13944	0000	269
		_u8g2_draw_l90_r0		CODE           	154AA	0000	43
		_u8g2_draw_l90_r1		CODE           	14CB2	0000	121
		_u8g2_draw_l90_r2		CODE           	144A0	0000	163
		_u8g2_draw_l90_r3		CODE           	14B38	0000	131
		_u8g2_draw_l90_mirrorr_r0		CODE           	14E02	0000	103
		_u8g2_SetMaxClipWindow		CODE           	143FE	0000	163
		_u8g2_update_page_win_r2		CODE           	13838	0000	269
		_u8g2_update_dimension_common		CODE           	1213A	0000	569
		_u8g2_draw_mirror_vertical_r0		CODE           	14E68	0000	103
		_u8g2_update_dimension_r0		CODE           	15878	0000	15
		_u8g2_update_dimension_r1		CODE           	148A4	0000	135
		_u8g2_update_dimension_r2		CODE           	1586A	0000	15
		_u8g2_update_dimension_r3		CODE           	1492A	0000	135
		_u8g2_SetupBuffer		CODE           	13482	0000	319
		_u8g2_update_page_win_r1		CODE           	14A34	0000	131

../../../../../bsp/u8g2/csrc/u8g2_setup.c estimated size: 3274

../../../../../bsp/u8g2/csrc/u8g2_hvline.c
		_u8g2_clip_intersection2		CODE           	13A50	0000	269
		_u8g2_draw_hv_line_2dir		CODE           	14F2E	0000	97
		_u8g2_DrawHVLine		CODE           	11EFC	0000	575

../../../../../bsp/u8g2/csrc/u8g2_hvline.c estimated size: 941

../../../../../bsp/timer1/src/timer1_reload.c
		_timer1_reload 		CODE           	15836	0000	19

../../../../../bsp/timer1/src/timer1_reload.c estimated size: 19

shared
		_u8x8_ssd1306_96x40_display_info		MEDIUMCONST    	FF18	0000	25
		_u8g2_cb_r0    		MEDIUMCONST    	FF42	0000	10
		_u8g2_cb_r1    		MEDIUMCONST    	F69F	0000	10
		_u8g2_cb_r2    		MEDIUMCONST    	F696	0000	10
		_u8g2_cb_r3    		MEDIUMCONST    	F68D	0000	10
		_u8x8_d_ssd1306_96x40_init_seq		MEDIUMCONST    	FEB5	0000	52
		_u8g2_font_6x10_tf		MEDIUMCONST    	F6B0	0000	2001
		_u8x8_ssd1306_96x39_display_info		MEDIUMCONST    	FF00	0000	25
		_u8x8_d_ssd1306_96x40_powersave0_seq		MEDIUMCONST    	FF5E	0000	6
		_u8x8_d_ssd1306_96x40_powersave1_seq		MEDIUMCONST    	FF59	0000	6
		_password      		MEDIUMCONST    	F6AC	0000	5
		_u8x8_null_display_info		MEDIUMCONST    	FEE8	0000	25
		_u8g2_cb_mirror		MEDIUMCONST    	F684	0000	10
		_password@IR_sensorXOLED$F16017		MEDIUMCONST    	0000	0000	0
		__initialization		CODE           	14ECE	0000	87
		_u8g2_cb_mirror_vertical		MEDIUMCONST    	F67B	0000	10
		_u8x8_d_ssd1306_96x39_flip0_seq		MEDIUMCONST    	FF39	0000	10
		_u8x8_d_ssd1306_96x39_flip1_seq		MEDIUMCONST    	FF30	0000	10
		elego_keyboard@hexaKeys		MEDIUMCONST    	F66B	0000	17
		_u8x8_d_ssd1306_96x39_init_seq		MEDIUMCONST    	FE80	0000	54
		_u8x8_d_ssd1306_96x40_flip0_seq		MEDIUMCONST    	FF52	0000	8
		_u8x8_d_ssd1306_96x40_flip1_seq		MEDIUMCONST    	FF4B	0000	8

shared estimated size: 2399

../../../../../bsp/u8g2/csrc/u8x8_setup.c
		_u8x8_SetupDefaults		CODE           	13C64	0000	215
		_u8x8_d_null_cb		CODE           	1517E	0000	69
		_u8x8_dummy_cb 		CODE           	158B6	0000	5
		_u8x8_Setup    		CODE           	14C38	0000	123

../../../../../bsp/u8g2/csrc/u8x8_setup.c estimated size: 412

C:\Program Files\Microchip\xc8\v2.20\pic\sources\c90\common\Umul16.c
		___wmul        		CODE           	154FC	0000	39

C:\Program Files\Microchip\xc8\v2.20\pic\sources\c90\common\Umul16.c estimated size: 39

../../../../../bsp/timer1/src/timer1_init.c
		_timer1_init   		CODE           	1547E	0000	45

../../../../../bsp/timer1/src/timer1_init.c estimated size: 45

../../../../../bsp/u8g2_pic18/u8g2_pic18.c
		_my_u8g2_Setup_ssd1306_96x39_f		CODE           	14BBA	0000	127
		_u8x8_byte_4wire_sw_spi_pic18		CODE           	1478E	0000	141
		_my_u8g2_m_12_5_f		CODE           	157F8	0000	23
		_u8x8_gpio_and_delay_pic18		CODE           	1429C	0000	181
		_my_u8x8_cad_cb		CODE           	15678	0000	31
		_my_u8x8_msg_cb		CODE           	155E2	0000	31
		_my_u8x8_GPIO_cb		CODE           	156B4	0000	31
		_my_u8x8_byte_cb		CODE           	1572C	0000	31

../../../../../bsp/u8g2_pic18/u8g2_pic18.c estimated size: 596

../../../../../bsp/u8g2/csrc/u8x8_8x8.c
		_u8x8_utf8_init		CODE           	15824	0000	19
		_u8x8_utf8_next		CODE           	12D40	0000	445
		_u8x8_ascii_next		CODE           	1541A	0000	51

../../../../../bsp/u8g2/csrc/u8x8_8x8.c estimated size: 515

../../../../../bsp/u8g2/csrc/u8g2_box.c
		_u8g2_DrawFrame		CODE           	135C0	0000	317

../../../../../bsp/u8g2/csrc/u8g2_box.c estimated size: 317

../../../../../bsp/u8g2/csrc/u8x8_gpio.c
		_u8x8_gpio_call		CODE           	15696	0000	31

../../../../../bsp/u8g2/csrc/u8x8_gpio.c estimated size: 31

../../../../../bsp/u8g2/csrc/u8x8_byte.c
		_u8x8_byte_SetDC		CODE           	156D2	0000	31
		_u8x8_byte_SendBytes		CODE           	1570E	0000	31
		_u8x8_byte_SendByte		CODE           	156F0	0000	31

../../../../../bsp/u8g2/csrc/u8x8_byte.c estimated size: 93

../../../../../bsp/gpio/src/led_init.c
		_led2_init     		CODE           	158C6	0000	5
		_led3_init     		CODE           	158C2	0000	5
		_led4_init     		CODE           	158BE	0000	5
		_led5_init     		CODE           	158BA	0000	5

../../../../../bsp/gpio/src/led_init.c estimated size: 20

../../../../../bsp/SPI/src/SPI_init.c
		_SPI_init      		CODE           	152C2	0000	63

../../../../../bsp/SPI/src/SPI_init.c estimated size: 63

