Microchip MPLAB XC8 Compiler V1.45 ()

Linker command line:

-W-3 --edf=/opt/microchip/xc8/v1.45/dat/en_msgs.txt -cs \
  -h+dist/default/production/IRsensor_test.X.production.sym \
  --cmf=dist/default/production/IRsensor_test.X.production.cmf -z \
  -Q18F27K40 -o/tmp/xcXmdtMFJ \
  -Mdist/default/production/IRsensor_test.X.production.map -E1 -ver=XC8 \
  -ASTACK=09Bh-0e87h -pstack=STACK -ACODE=00h-01FFFFh -ACONST=00h-01FFFFh \
  -ASMALLCONST=0F00h-0FFFhx497 -AMEDIUMCONST=0F00h-0FFFFh,010F00h-01FFFFh \
  -ACOMRAM=01h-05Fh -AABS1=00h-0E87h -ABIGRAM=01h-0E87h \
  -ARAM=060h-0FFh,0100h-01FFhx13,0E00h-0E87h -ABANK0=060h-0FFh \
  -ABANK1=0100h-01FFh -ABANK2=0200h-02FFh -ABANK3=0300h-03FFh \
  -ABANK4=0400h-04FFh -ABANK5=0500h-05FFh -ABANK6=0600h-06FFh \
  -ABANK7=0700h-07FFh -ABANK8=0800h-08FFh -ABANK9=0900h-09FFh \
  -ABANK10=0A00h-0AFFh -ABANK11=0B00h-0BFFh -ABANK12=0C00h-0CFFh \
  -ABANK13=0D00h-0DFFh -ABANK14=0E00h-0E87h \
  -ASFR=0E8Dh-0EFFh,0F00h-0F5Fh,0F60h-0FFFh \
  -preset_vec=00h,intcode=08h,intcodelo=018h,powerup,init -pramtop=0F00h \
  -psmallconst=SMALLCONST -pmediumconst=MEDIUMCONST -pconst=CONST \
  -AFARRAM=00h-00h -ACONFIG=0300000h-030000Bh -pconfig=CONFIG \
  -AIDLOC=0200000h-020000Fh -pidloc=IDLOC -AEEDATA=0310000h-03103FFh \
  -peeprom_data=EEDATA \
  -prdata=COMRAM,nvrram=COMRAM,nvbit=COMRAM,rbss=COMRAM,rbit=COMRAM \
  -pfarbss=FARRAM,fardata=FARRAM,nvFARRAM=FARRAM \
  -pintsave_regs=BIGRAM,bigbss=BIGRAM,bigdata=BIGRAM -pbss=RAM \
  -pidata=CODE,irdata=CODE,ibigdata=CODE,ifardata=CODE -prparam=COMRAM \
  /tmp/xcXyXZPNu.obj dist/default/production/IRsensor_test.X.production.obj \
  build/default/production/_ext/1810918684/switch_init.obj \
  ../../../../lib/bsplib_asm.lib 

Object code version is 3.11

Machine type is 18F27K40

Call graph: (short form)




                Name                               Link     Load   Length Selector   Space Scale
/tmp/xcXyXZPNu.obj
                init                                 CE       CE        4        C       0
                reset_vec                             0        0        4        0       0
                idloc                            200000   200000       10   200000       0
                config                           300000   300000        C   300000       0
dist/default/production/IRsensor_test.X.production.obj
                intcodelo                            18       18       B6        C       0
                intcode                               8        8        6        4       0
                temp                                 45       45        1        1       1
                smallconst                          F00      F00       98      780       0
                text25                             16EE     16EE       26      7CC       0
                text24                             16C8     16C8       26      7CC       0
                intcode_body                       1070     1070       C8      7CC       0
                text22                             161C     161C       46      7CC       0
                text21                             15D2     15D2       4A      7CC       0
                text19                             1714     1714       14      7CC       0
                text18                             1288     1288       86      7CC       0
                text17                             1392     1392       72      7CC       0
                text16                             1750     1750        C      7CC       0
                text15                             152C     152C       58      7CC       0
                text14                              F98      F98       D8      7CC       0
                text13                             1744     1744        C      7CC       0
                text12                             1404     1404       64      7CC       0
                text11                             1738     1738        C      7CC       0
                text10                             1768     1768        4      7CC       0
                text9                              1764     1764        4      7CC       0
                text8                              1760     1760        4      7CC       0
                text7                              175C     175C        4      7CC       0
                text6                              1584     1584       4E      7CC       0
                text5                              1662     1662       40      7CC       0
                text4                              130E     130E       84      7CC       0
                text3                              11E2     11E2       A6      7CC       0
                text2                              1138     1138       AA      7CC       0
                text1                              14CA     14CA       62      7CC       0
                text0                              1468     1468       62      7CC       0
                cstackCOMRAM                          1        1       29        1       1
                cstackBANK0                          60       60       21       60       1
                bssBANK0                             81       81       1A       60       1
                bssCOMRAM                            2A       2A       1B        1       1
                cinit                              16A2     16A2       26      7CC       0
build/default/production/_ext/1810918684/switch_init.obj
                text                               1728     1728       10      7CC       0

../../../../lib/bsplib_asm.lib

TOTAL           Name                               Link     Load   Length     Space
        CLASS   STACK          

        CLASS   CODE           
                intcodelo                            18       18       B6         0
                intcode                               8        8        6         0
                init                                 CE       CE        4         0
                reset_vec                             0        0        4         0
                text25                             16EE     16EE       26         0
                text24                             16C8     16C8       26         0
                intcode_body                       1070     1070       C8         0
                text22                             161C     161C       46         0
                text21                             15D2     15D2       4A         0
                text19                             1714     1714       14         0
                text18                             1288     1288       86         0
                text17                             1392     1392       72         0
                text16                             1750     1750        C         0
                text15                             152C     152C       58         0
                text14                              F98      F98       D8         0
                text13                             1744     1744        C         0
                text12                             1404     1404       64         0
                text11                             1738     1738        C         0
                text10                             1768     1768        4         0
                text9                              1764     1764        4         0
                text8                              1760     1760        4         0
                text7                              175C     175C        4         0
                text6                              1584     1584       4E         0
                text5                              1662     1662       40         0
                text4                              130E     130E       84         0
                text3                              11E2     11E2       A6         0
                text2                              1138     1138       AA         0
                text1                              14CA     14CA       62         0
                text0                              1468     1468       62         0
                cinit                              16A2     16A2       26         0
                text                               1728     1728       10         0

        CLASS   CONST          

        CLASS   SMALLCONST     
                smallconst                          F00      F00       98         0

        CLASS   MEDIUMCONST    

        CLASS   COMRAM         
                temp                                 45       45        1         1
                cstackCOMRAM                          1        1       29         1
                bssCOMRAM                            2A       2A       1B         1

        CLASS   ABS1           

        CLASS   BIGRAM         

        CLASS   RAM            

        CLASS   BANK0          
                cstackBANK0                          60       60       21         1
                bssBANK0                             81       81       1A         1

        CLASS   BANK1          

        CLASS   BANK2          

        CLASS   BANK3          

        CLASS   BANK4          

        CLASS   BANK5          

        CLASS   BANK6          

        CLASS   BANK7          

        CLASS   BANK8          

        CLASS   BANK9          

        CLASS   BANK10         

        CLASS   BANK11         

        CLASS   BANK12         

        CLASS   BANK13         

        CLASS   BANK14         

        CLASS   SFR            

        CLASS   FARRAM         

        CLASS   CONFIG         
                config                           300000   300000        C         0

        CLASS   IDLOC          
                idloc                            200000   200000       10         0

        CLASS   EEDATA         



SEGMENTS        Name                           Load    Length   Top    Selector   Space  Class

                reset_vec                      000000  000004  000004         0       0  CODE    
                cstackCOMRAM                   000001  000045  000046         1       1  COMRAM  
                intcode                        000008  000006  00000E         4       0  CODE    
                intcodelo                      000018  0000BA  0000D2         C       0  CODE    
                cstackBANK0                    000060  00003B  00009B        60       1  BANK0   
                smallconst                     000F00  000098  000F98       780       0  SMALLCON
                text14                         000F98  0007D4  00176C       7CC       0  CODE    
                idloc                          200000  000010  200010    200000       0  IDLOC   
                config                         300000  00000C  30000C    300000       0  CONFIG  


UNUSED ADDRESS RANGES

        Name                Unused          Largest block    Delta
        BANK0            00009B-0000FF               65
        BANK1            000100-0001FF              100
        BANK10           000A00-000AFF              100
        BANK11           000B00-000BFF              100
        BANK12           000C00-000CFF              100
        BANK13           000D00-000DFF              100
        BANK14           000E00-000E87               88
        BANK2            000200-0002FF              100
        BANK3            000300-0003FF              100
        BANK4            000400-0004FF              100
        BANK5            000500-0005FF              100
        BANK6            000600-0006FF              100
        BANK7            000700-0007FF              100
        BANK8            000800-0008FF              100
        BANK9            000900-0009FF              100
        BIGRAM           000046-00005F               1A
                         00009B-000E87              DED
        CODE             000004-000007                4
                         00000E-000017                A
                         0000D2-000EFF              E2E
                         00176C-01FFFF            1E894
        COMRAM           000046-00005F               1A
        CONST            000004-000007                4
                         00000E-000017                A
                         0000D2-000EFF              E2E
                         00176C-01FFFF            1E894
        EEDATA           310000-3103FF              400
        MEDIUMCONST      00176C-00FFFF             E894
                         010F00-01FFFF             F100
        RAM              00009B-000E87              100
        SFR              000E8D-000FFF               73
        SMALLCONST       00176C-01FFFF              100
        STACK            00009B-000E87              DED

                                  Symbol Table

?___awdiv                       cstackBANK0  000075
?___awmod                       cstackBANK0  000075
?___lldiv                       cstackBANK0  000075
IRsensor_analyze_data@count     bssCOMRAM    000043
IRsensor_analyze_data@donnee    cstackCOMRAM 00001A
IRsensor_display@compteur       cstackCOMRAM 00001E
IRsensor_record_data@n          bssCOMRAM    000044
IRsensor_stop@flag              bssBANK0     000098
_ANSELBbits                     (abs)        000F19
_ANSELCbits                     (abs)        000F21
_BAUDCON1bits                   (abs)        000F9F
_BAUDCON2bits                   (abs)        000E9F
_CPUDOZEbits                    (abs)        000ED7
_INTCONbits                     (abs)        000FF2
_IPR0bits                       (abs)        000EBA
_IPR3bits                       (abs)        000EBD
_IPR4bits                       (abs)        000EBE
_IRsensor_analyze_data          text19       001714
_IRsensor_display               text14       000F98
_IRsensor_init                  text11       001738
_IRsensor_read_data             text13       001744
_IRsensor_stop                  text12       001404
_IRsensor_system_init           text1        0014CA
_LATAbits                       (abs)        000F83
_LATBbits                       (abs)        000F84
_PIE0bits                       (abs)        000EC2
_PIE3bits                       (abs)        000EC5
_PIE4bits                       (abs)        000EC6
_PIR0bits                       (abs)        000ECA
_PIR3bits                       (abs)        000ECD
_PIR4bits                       (abs)        000ECE
_PORTBbits                      (abs)        000F8E
_PORTCbits                      (abs)        000F8F
_RC1PPS                         (abs)        000EF8
_RC1REG                         (abs)        000F99
_RC2REG                         (abs)        000E99
_RC6PPS                         (abs)        000EFD
_RCSTA1bits                     (abs)        000F9D
_RCSTA2bits                     (abs)        000E9D
_RX1PPS                         (abs)        000EB5
_RX2PPS                         (abs)        000E8D
_SP1BRG                         (abs)        000F9B
_SP1BRGH                        (abs)        000F9C
_SP2BRG                         (abs)        000E9B
_SP2BRGH                        (abs)        000E9C
_T0CON0bits                     (abs)        000FD5
_T0CON1bits                     (abs)        000FD6
_T1CONbits                      (abs)        000FCF
_TMR0H                          (abs)        000FD4
_TMR0L                          (abs)        000FD3
_TMR1CLKbits                    (abs)        000FD2
_TMR1H                          (abs)        000FCE
_TMR1L                          (abs)        000FCD
_TRISAbits                      (abs)        000F88
_TRISBbits                      (abs)        000F89
_TX1REG                         (abs)        000F9A
_TX2REG                         (abs)        000E9A
_TXSTA1bits                     (abs)        000F9E
_TXSTA2bits                     (abs)        000E9E
__CFG_BOREN$SBORDIS             (abs)        000000
__CFG_BORV$VBOR_2P45            (abs)        000000
__CFG_CLKOUTEN$OFF              (abs)        000000
__CFG_CP$OFF                    (abs)        000000
__CFG_CPD$OFF                   (abs)        000000
__CFG_CSWEN$ON                  (abs)        000000
__CFG_DEBUG$OFF                 (abs)        000000
__CFG_EBTR0$OFF                 (abs)        000000
__CFG_EBTR1$OFF                 (abs)        000000
__CFG_EBTR2$OFF                 (abs)        000000
__CFG_EBTR3$OFF                 (abs)        000000
__CFG_EBTR4$OFF                 (abs)        000000
__CFG_EBTR5$OFF                 (abs)        000000
__CFG_EBTR6$OFF                 (abs)        000000
__CFG_EBTR7$OFF                 (abs)        000000
__CFG_EBTRB$OFF                 (abs)        000000
__CFG_FCMEN$ON                  (abs)        000000
__CFG_FEXTOSC$OFF               (abs)        000000
__CFG_LPBOREN$OFF               (abs)        000000
__CFG_LVP$ON                    (abs)        000000
__CFG_MCLRE$EXTMCLR             (abs)        000000
__CFG_PPS1WAY$OFF               (abs)        000000
__CFG_PWRTE$OFF                 (abs)        000000
__CFG_RSTOSC$HFINTOSC_64MHZ     (abs)        000000
__CFG_SCANE$ON                  (abs)        000000
__CFG_STVREN$ON                 (abs)        000000
__CFG_WDTCCS$HFINTOSC           (abs)        000000
__CFG_WDTCPS$WDTCPS_12          (abs)        000000
__CFG_WDTCWS$WDTCWS_7           (abs)        000000
__CFG_WDTE$SWDTEN               (abs)        000000
__CFG_WRT0$OFF                  (abs)        000000
__CFG_WRT1$OFF                  (abs)        000000
__CFG_WRT2$OFF                  (abs)        000000
__CFG_WRT3$OFF                  (abs)        000000
__CFG_WRT4$OFF                  (abs)        000000
__CFG_WRT5$OFF                  (abs)        000000
__CFG_WRT6$OFF                  (abs)        000000
__CFG_WRT7$OFF                  (abs)        000000
__CFG_WRTB$OFF                  (abs)        000000
__CFG_WRTC$OFF                  (abs)        000000
__CFG_WRTD$OFF                  (abs)        000000
__CFG_XINST$OFF                 (abs)        000000
__CFG_ZCD$OFF                   (abs)        000000
__HRAM                          (abs)        000000
__Habs1                         abs1         000000
__Hbank0                        bank0        000000
__Hbank1                        bank1        000000
__Hbank10                       bank10       000000
__Hbank11                       bank11       000000
__Hbank12                       bank12       000000
__Hbank13                       bank13       000000
__Hbank14                       bank14       000000
__Hbank2                        bank2        000000
__Hbank3                        bank3        000000
__Hbank4                        bank4        000000
__Hbank5                        bank5        000000
__Hbank6                        bank6        000000
__Hbank7                        bank7        000000
__Hbank8                        bank8        000000
__Hbank9                        bank9        000000
__Hbigbss                       bigbss       000000
__Hbigdata                      bigdata      000000
__Hbigram                       bigram       000000
__Hbss                          bss          000000
__HbssBANK0                     bssBANK0     000000
__HbssCOMRAM                    bssCOMRAM    000000
__Hcinit                        cinit        000000
__Hclrtext                      clrtext      000000
__Hcomram                       comram       000000
__Hconfig                       config       30000C
__Hconst                        const        000000
__HcstackBANK0                  cstackBANK0  000000
__HcstackCOMRAM                 cstackCOMRAM 000000
__Hdata                         data         000000
__Heeprom_data                  eeprom_data  000000
__Hfarbss                       farbss       000000
__Hfardata                      fardata      000000
__Hibigdata                     ibigdata     000000
__Hidata                        idata        000000
__Hidloc                        idloc        200010
__Hifardata                     ifardata     000000
__Hinit                         init         0000D2
__Hintcode                      intcode      00000E
__Hintcode_body                 intcode_body 000000
__Hintcodelo                    intcodelo    0000CE
__Hintentry                     intentry     000000
__Hintret                       intret       000000
__Hintsave_regs                 intsave_regs 000000
__Hirdata                       irdata       000000
__Hmediumconst                  mediumconst  000000
__HnvFARRAM                     nvFARRAM     000000
__Hnvbit                        nvbit        000000
__Hnvrram                       nvrram       000000
__Hparam                        rparam       000000
__Hpowerup                      powerup      0000CE
__Hram                          ram          000000
__Hramtop                       ramtop       000F00
__Hrbit                         rbit         000000
__Hrbss                         rbss         000000
__Hrdata                        rdata        000000
__Hreset_vec                    reset_vec    000004
__Hrparam                       rparam       000000
__Hsfr                          sfr          000000
__Hsmallconst                   smallconst   000F98
__Hspace_0                      (abs)        30000C
__Hspace_1                      (abs)        00009B
__Hspace_2                      (abs)        000000
__Hstack                        stack        000000
__Hstruct                       struct       000000
__Htemp                         temp         000046
__Htext                         text         000000
__Htext0                        text0        000000
__Htext1                        text1        000000
__Htext10                       text10       000000
__Htext11                       text11       000000
__Htext12                       text12       000000
__Htext13                       text13       000000
__Htext14                       text14       000000
__Htext15                       text15       000000
__Htext16                       text16       000000
__Htext17                       text17       000000
__Htext18                       text18       000000
__Htext19                       text19       000000
__Htext2                        text2        000000
__Htext21                       text21       000000
__Htext22                       text22       000000
__Htext24                       text24       000000
__Htext25                       text25       000000
__Htext3                        text3        000000
__Htext4                        text4        000000
__Htext5                        text5        000000
__Htext6                        text6        000000
__Htext7                        text7        000000
__Htext8                        text8        000000
__Htext9                        text9        000000
__LRAM                          (abs)        000001
__Labs1                         abs1         000000
__Lbank0                        bank0        000000
__Lbank1                        bank1        000000
__Lbank10                       bank10       000000
__Lbank11                       bank11       000000
__Lbank12                       bank12       000000
__Lbank13                       bank13       000000
__Lbank14                       bank14       000000
__Lbank2                        bank2        000000
__Lbank3                        bank3        000000
__Lbank4                        bank4        000000
__Lbank5                        bank5        000000
__Lbank6                        bank6        000000
__Lbank7                        bank7        000000
__Lbank8                        bank8        000000
__Lbank9                        bank9        000000
__Lbigbss                       bigbss       000000
__Lbigdata                      bigdata      000000
__Lbigram                       bigram       000000
__Lbss                          bss          000000
__LbssBANK0                     bssBANK0     000000
__LbssCOMRAM                    bssCOMRAM    000000
__Lcinit                        cinit        000000
__Lclrtext                      clrtext      000000
__Lcomram                       comram       000000
__Lconfig                       config       300000
__Lconst                        const        000000
__LcstackBANK0                  cstackBANK0  000000
__LcstackCOMRAM                 cstackCOMRAM 000000
__Ldata                         data         000000
__Leeprom_data                  eeprom_data  000000
__Lfarbss                       farbss       000000
__Lfardata                      fardata      000000
__Libigdata                     ibigdata     000000
__Lidata                        idata        000000
__Lidloc                        idloc        200000
__Lifardata                     ifardata     000000
__Linit                         init         0000CE
__Lintcode                      intcode      000008
__Lintcode_body                 intcode_body 000000
__Lintcodelo                    intcodelo    000018
__Lintentry                     intentry     000000
__Lintret                       intret       000000
__Lintsave_regs                 intsave_regs 000000
__Lirdata                       irdata       000000
__Lmediumconst                  mediumconst  000000
__LnvFARRAM                     nvFARRAM     000000
__Lnvbit                        nvbit        000000
__Lnvrram                       nvrram       000000
__Lparam                        rparam       000000
__Lpowerup                      powerup      0000CE
__Lram                          ram          000000
__Lramtop                       ramtop       000F00
__Lrbit                         rbit         000000
__Lrbss                         rbss         000000
__Lrdata                        rdata        000000
__Lreset_vec                    reset_vec    000000
__Lrparam                       rparam       000000
__Lsfr                          sfr          000000
__Lsmallconst                   smallconst   000F00
__Lspace_0                      (abs)        000000
__Lspace_1                      (abs)        000000
__Lspace_2                      (abs)        000000
__Lstack                        stack        000000
__Lstruct                       struct       000000
__Ltemp                         temp         000045
__Ltext                         text         000000
__Ltext0                        text0        000000
__Ltext1                        text1        000000
__Ltext10                       text10       000000
__Ltext11                       text11       000000
__Ltext12                       text12       000000
__Ltext13                       text13       000000
__Ltext14                       text14       000000
__Ltext15                       text15       000000
__Ltext16                       text16       000000
__Ltext17                       text17       000000
__Ltext18                       text18       000000
__Ltext19                       text19       000000
__Ltext2                        text2        000000
__Ltext21                       text21       000000
__Ltext22                       text22       000000
__Ltext24                       text24       000000
__Ltext25                       text25       000000
__Ltext3                        text3        000000
__Ltext4                        text4        000000
__Ltext5                        text5        000000
__Ltext6                        text6        000000
__Ltext7                        text7        000000
__Ltext8                        text8        000000
__Ltext9                        text9        000000
__S0                            (abs)        30000C
__S1                            (abs)        00009B
__S2                            (abs)        000000
___awdiv                        text18       001288
___awdiv@counter                cstackCOMRAM 00001A
___awdiv@dividend               cstackBANK0  000075
___awdiv@divisor                cstackBANK0  000077
___awdiv@quotient               cstackCOMRAM 00001C
___awdiv@sign                   cstackCOMRAM 00001B
___awmod                        text17       001392
___awmod@counter                cstackCOMRAM 00001A
___awmod@dividend               cstackBANK0  000075
___awmod@divisor                cstackBANK0  000077
___awmod@sign                   cstackCOMRAM 00001B
___inthi_sp                     stack        000000
___intlo_sp                     stack        000000
___lldiv                        text4        00130E
___lldiv@counter                cstackCOMRAM 00001E
___lldiv@dividend               cstackBANK0  000075
___lldiv@divisor                cstackBANK0  000079
___lldiv@quotient               cstackCOMRAM 00001A
___param_bank                   (abs)        000000
___rparam_used                  (abs)        000001
___sp                           stack        000000
__accesstop                     (abs)        000060
__activetblptr                  (abs)        000002
__end_of_IRsensor_analyze_data  text19       001728
__end_of_IRsensor_display       text14       001070
__end_of_IRsensor_init          text11       001744
__end_of_IRsensor_read_data     text13       001750
__end_of_IRsensor_stop          text12       001468
__end_of_IRsensor_system_init   text1        00152C
__end_of___awdiv                text18       00130E
__end_of___awmod                text17       001404
__end_of___lldiv                text4        001392
__end_of__initialization        cinit        0016BA
__end_of_isr_high               intcode_body 001138
__end_of_isr_low                intcodelo    0000CE
__end_of_led2_init              text10       00176C
__end_of_led3_init              text9        001768
__end_of_led4_init              text8        001764
__end_of_led5_init              text7        001760
__end_of_main                   text0        0014CA
__end_of_timer0_init            text6        0015D2
__end_of_timer0_reload          text25       001714
__end_of_timer1_init            text5        0016A2
__end_of_timer1_reload          text24       0016EE
__end_of_uart1_init             text3        001288
__end_of_uart1_isr_process      text22       001662
__end_of_uart1_putc             text16       00175C
__end_of_uart1_puts             text15       001584
__end_of_uart2_init             text2        0011E2
__end_of_uart2_isr_process      text21       00161C
__initialization                cinit        0016A2
__mediumconst                   mediumconst  000000
__pbssBANK0                     bssBANK0     000081
__pbssCOMRAM                    bssCOMRAM    00002A
__pcinit                        cinit        0016A2
__pcstackBANK0                  cstackBANK0  000060
__pcstackCOMRAM                 cstackCOMRAM 000001
__pintcode                      intcode      000008
__pintcode_body                 intcode_body 001070
__pintcodelo                    intcodelo    000018
__psmallconst                   smallconst   000F00
__ptext0                        text0        001468
__ptext1                        text1        0014CA
__ptext10                       text10       001768
__ptext11                       text11       001738
__ptext12                       text12       001404
__ptext13                       text13       001744
__ptext14                       text14       000F98
__ptext15                       text15       00152C
__ptext16                       text16       001750
__ptext17                       text17       001392
__ptext18                       text18       001288
__ptext19                       text19       001714
__ptext2                        text2        001138
__ptext21                       text21       0015D2
__ptext22                       text22       00161C
__ptext24                       text24       0016C8
__ptext25                       text25       0016EE
__ptext3                        text3        0011E2
__ptext4                        text4        00130E
__ptext5                        text5        001662
__ptext6                        text6        001584
__ptext7                        text7        00175C
__ptext8                        text8        001760
__ptext9                        text9        001764
__ramtop                        ramtop       000F00
__size_of_IRsensor_analyze_data (abs)        000000
__size_of_IRsensor_display      (abs)        000000
__size_of_IRsensor_init         (abs)        000000
__size_of_IRsensor_read_data    (abs)        000000
__size_of_IRsensor_stop         (abs)        000000
__size_of_IRsensor_system_init  (abs)        000000
__size_of___awdiv               (abs)        000000
__size_of___awmod               (abs)        000000
__size_of___lldiv               (abs)        000000
__size_of_isr_high              (abs)        000000
__size_of_isr_low               (abs)        000000
__size_of_led2_init             (abs)        000000
__size_of_led3_init             (abs)        000000
__size_of_led4_init             (abs)        000000
__size_of_led5_init             (abs)        000000
__size_of_main                  (abs)        000000
__size_of_timer0_init           (abs)        000000
__size_of_timer0_reload         (abs)        000000
__size_of_timer1_init           (abs)        000000
__size_of_timer1_reload         (abs)        000000
__size_of_uart1_init            (abs)        000000
__size_of_uart1_isr_process     (abs)        000000
__size_of_uart1_putc            (abs)        000000
__size_of_uart1_puts            (abs)        000000
__size_of_uart2_init            (abs)        000000
__size_of_uart2_isr_process     (abs)        000000
__smallconst                    smallconst   000F00
_isr_high                       intcode      000008
_isr_low                        intcodelo    000018
_led2_init                      text10       001768
_led3_init                      text9        001764
_led4_init                      text8        001760
_led5_init                      text7        00175C
_main                           text0        001468
_switch1_init                   text         001728
_switch2_init                   text         001730
_tick_1                         bssBANK0     00009A
_tick_2                         bssBANK0     000099
_timer0_init                    text6        001584
_timer0_reload                  text25       0016EE
_timer1_init                    text5        001662
_timer1_reload                  text24       0016C8
_uart1_init                     text3        0011E2
_uart1_isr_process              text22       00161C
_uart1_putc                     text16       001750
_uart1_puts                     text15       00152C
_uart1_rx                       bssCOMRAM    00002A
_uart2_init                     text2        001138
_uart2_isr_process              text21       0015D2
_uart2_rx                       bssBANK0     000081
btemp                           temp         000045
end_of_initialization           cinit        0016BA
int$flags                       temp         000045
int_func                        intcode_body 001070
intlevel0                       text         000000
intlevel1                       text         000000
intlevel2                       text         000000
intlevel3                       text         000000
main@a                          cstackCOMRAM 000029
main@b                          cstackCOMRAM 000028
stackhi                         (abs)        000E87
stacklo                         (abs)        00009B
start                           init         0000CE
start_initialization            cinit        0016A2
timer0_init@count               cstackCOMRAM 00001A
timer0_init@preload             cstackCOMRAM 00001E
timer0_reload@count             cstackCOMRAM 000001
timer0_reload@preload           cstackCOMRAM 000005
timer1_init@count               cstackCOMRAM 00001A
timer1_init@preload             cstackCOMRAM 00001E
timer1_reload@count             cstackCOMRAM 000001
timer1_reload@preload           cstackCOMRAM 000005
uart1_gets@i                    bssCOMRAM    000042
uart1_init@bdrate               cstackBANK0  00007D
uart1_init@bdrate_calcul        cstackCOMRAM 000024
uart1_init@flush                cstackCOMRAM 000023
uart1_isr_process@lost          cstackCOMRAM 000019
uart1_putc@payload              cstackCOMRAM 00001A
uart1_puts@str                  cstackBANK0  000075
uart2_gets@i                    bssCOMRAM    000041
uart2_init@bdrate               cstackBANK0  00007D
uart2_init@bdrate_calcul        cstackCOMRAM 000024
uart2_init@flush                cstackCOMRAM 000023
uart2_isr_process@lost          cstackCOMRAM 000019
wtemp6                          temp         000046


FUNCTION INFORMATION:

 *************** function _main *****************
 Defined at:
		line 31 in file "../../main.c"
 Parameters:    Size  Location     Type
		None
 Auto vars:     Size  Location     Type
  a               1   40[COMRAM] unsigned char 
  b               1   39[COMRAM] unsigned char 
 Return value:  Size  Location     Type
                  1    wreg      void 
 Registers used:
		wreg, fsr0l, fsr0h, fsr1l, fsr1h, fsr1l, fsr1h, fsr2l, fsr2h, status,2, status,0, pclath, btemp, btemp+1, btemp+2, btemp+3, btemp+4, btemp+5, btemp+6, btemp+7, btemp+8, btemp+9, btemp+10, btemp+11, tosl, structret, tblptrl, tblptrh, tblptru, prodl, prodh, bsr, cstack
 Tracked objects:
		On entry : 
		On exit  : 
		Unchanged: 
 Data sizes:     COMRAM   BANK0   BANK1   BANK2   BANK3   BANK4   BANK5   BANK6   BANK7   BANK8   BANK9  BANK10  BANK11  BANK12  BANK13  BANK14
      Params:         0       0       0       0       0       0       0       0       0       0       0       0       0       0       0       0
      Locals:         2       0       0       0       0       0       0       0       0       0       0       0       0       0       0       0
      Temps:          0       0       0       0       0       0       0       0       0       0       0       0       0       0       0       0
      Totals:         2       0       0       0       0       0       0       0       0       0       0       0       0       0       0       0
Total ram usage:        2 bytes
 Hardware stack levels required when called:    7
 This function calls:
		_IRsensor_analyze_data
		_IRsensor_display
		_IRsensor_read_data
		_IRsensor_stop
		_IRsensor_system_init
		_uart1_putc
		_uart1_puts
 This function is called by:
		Startup code after reset
 This function uses a non-reentrant model


 *************** function _IRsensor_system_init *****************
 Defined at:
		line 15 in file "../../../src/IRsensor_init.c"
 Parameters:    Size  Location     Type
		None
 Auto vars:     Size  Location     Type
		None
 Return value:  Size  Location     Type
                  1    wreg      void 
 Registers used:
		wreg, fsr0l, fsr0h, fsr1l, fsr1h, fsr1l, fsr1h, fsr2l, fsr2h, status,2, status,0, pclath, btemp, btemp+1, btemp+2, btemp+3, btemp+4, btemp+5, btemp+6, btemp+7, btemp+8, btemp+9, btemp+10, btemp+11, tosl, structret, tblptrl, tblptrh, tblptru, prodl, prodh, bsr, cstack
 Tracked objects:
		On entry : 
		On exit  : 
		Unchanged: 
 Data sizes:     COMRAM   BANK0   BANK1   BANK2   BANK3   BANK4   BANK5   BANK6   BANK7   BANK8   BANK9  BANK10  BANK11  BANK12  BANK13  BANK14
      Params:         0       0       0       0       0       0       0       0       0       0       0       0       0       0       0       0
      Locals:         0       0       0       0       0       0       0       0       0       0       0       0       0       0       0       0
      Temps:          0       0       0       0       0       0       0       0       0       0       0       0       0       0       0       0
      Totals:         0       0       0       0       0       0       0       0       0       0       0       0       0       0       0       0
Total ram usage:        0 bytes
 Hardware stack levels used:    1
 Hardware stack levels required when called:    6
 This function calls:
		_IRsensor_init
		_led2_init
		_led3_init
		_led4_init
		_led5_init
		_switch1_init
		_switch2_init
		_timer0_init
		_timer1_init
		_uart1_init
		_uart2_init
 This function is called by:
		_main
 This function uses a non-reentrant model


 *************** function _uart2_init *****************
 Defined at:
		line 12 in file "../../../../uart2_correction/src/uart2_init.c"
 Parameters:    Size  Location     Type
  bdrate          4   29[BANK0 ] unsigned long 
 Auto vars:     Size  Location     Type
  bdrate_calcu    4   35[COMRAM] unsigned long 
  flush           1   34[COMRAM] unsigned char 
 Return value:  Size  Location     Type
                  1    wreg      void 
 Registers used:
		wreg, status,2, status,0, cstack
 Tracked objects:
		On entry : 
		On exit  : 
		Unchanged: 
 Data sizes:     COMRAM   BANK0   BANK1   BANK2   BANK3   BANK4   BANK5   BANK6   BANK7   BANK8   BANK9  BANK10  BANK11  BANK12  BANK13  BANK14
      Params:         0       4       0       0       0       0       0       0       0       0       0       0       0       0       0       0
      Locals:         5       0       0       0       0       0       0       0       0       0       0       0       0       0       0       0
      Temps:          4       0       0       0       0       0       0       0       0       0       0       0       0       0       0       0
      Totals:         9       4       0       0       0       0       0       0       0       0       0       0       0       0       0       0
Total ram usage:       13 bytes
 Hardware stack levels used:    1
 Hardware stack levels required when called:    5
 This function calls:
		___lldiv
 This function is called by:
		_IRsensor_system_init
		_rn52_init
 This function uses a non-reentrant model


 *************** function _uart1_init *****************
 Defined at:
		line 12 in file "../../../../uart1_correction/src/uart1_init.c"
 Parameters:    Size  Location     Type
  bdrate          4   29[BANK0 ] unsigned long 
 Auto vars:     Size  Location     Type
  bdrate_calcu    4   35[COMRAM] unsigned long 
  flush           1   34[COMRAM] unsigned char 
 Return value:  Size  Location     Type
                  1    wreg      void 
 Registers used:
		wreg, status,2, status,0, cstack
 Tracked objects:
		On entry : 
		On exit  : 
		Unchanged: 
 Data sizes:     COMRAM   BANK0   BANK1   BANK2   BANK3   BANK4   BANK5   BANK6   BANK7   BANK8   BANK9  BANK10  BANK11  BANK12  BANK13  BANK14
      Params:         0       4       0       0       0       0       0       0       0       0       0       0       0       0       0       0
      Locals:         5       0       0       0       0       0       0       0       0       0       0       0       0       0       0       0
      Temps:          4       0       0       0       0       0       0       0       0       0       0       0       0       0       0       0
      Totals:         9       4       0       0       0       0       0       0       0       0       0       0       0       0       0       0
Total ram usage:       13 bytes
 Hardware stack levels used:    1
 Hardware stack levels required when called:    5
 This function calls:
		___lldiv
 This function is called by:
		_IRsensor_system_init
		_rn52_init
 This function uses a non-reentrant model


 *************** function ___lldiv *****************
 Defined at:
		line 8 in file "/opt/microchip/xc8/v1.45/sources/common/lldiv.c"
 Parameters:    Size  Location     Type
  dividend        4   21[BANK0 ] unsigned long 
  divisor         4   25[BANK0 ] unsigned long 
 Auto vars:     Size  Location     Type
  quotient        4   25[COMRAM] unsigned long 
  counter         1   29[COMRAM] unsigned char 
 Return value:  Size  Location     Type
                  4   21[BANK0 ] unsigned long 
 Registers used:
		wreg, status,2, status,0
 Tracked objects:
		On entry : 
		On exit  : 
		Unchanged: 
 Data sizes:     COMRAM   BANK0   BANK1   BANK2   BANK3   BANK4   BANK5   BANK6   BANK7   BANK8   BANK9  BANK10  BANK11  BANK12  BANK13  BANK14
      Params:         0       8       0       0       0       0       0       0       0       0       0       0       0       0       0       0
      Locals:         5       0       0       0       0       0       0       0       0       0       0       0       0       0       0       0
      Temps:          0       0       0       0       0       0       0       0       0       0       0       0       0       0       0       0
      Totals:         5       8       0       0       0       0       0       0       0       0       0       0       0       0       0       0
Total ram usage:       13 bytes
 Hardware stack levels used:    1
 Hardware stack levels required when called:    4
 This function calls:
		Nothing
 This function is called by:
		_uart1_init
		_uart2_init
 This function uses a non-reentrant model


 *************** function _timer1_init *****************
 Defined at:
		line 10 in file "../../../../timer1/src/timer1_init.c"
 Parameters:    Size  Location     Type
  count           2   25[COMRAM] unsigned short 
 Auto vars:     Size  Location     Type
  preload         2   29[COMRAM] unsigned short 
 Return value:  Size  Location     Type
                  1    wreg      void 
 Registers used:
		wreg, status,2, status,0
 Tracked objects:
		On entry : 
		On exit  : 
		Unchanged: 
 Data sizes:     COMRAM   BANK0   BANK1   BANK2   BANK3   BANK4   BANK5   BANK6   BANK7   BANK8   BANK9  BANK10  BANK11  BANK12  BANK13  BANK14
      Params:         2       0       0       0       0       0       0       0       0       0       0       0       0       0       0       0
      Locals:         2       0       0       0       0       0       0       0       0       0       0       0       0       0       0       0
      Temps:          2       0       0       0       0       0       0       0       0       0       0       0       0       0       0       0
      Totals:         6       0       0       0       0       0       0       0       0       0       0       0       0       0       0       0
Total ram usage:        6 bytes
 Hardware stack levels used:    1
 Hardware stack levels required when called:    4
 This function calls:
		Nothing
 This function is called by:
		_IRsensor_system_init
 This function uses a non-reentrant model


 *************** function _timer0_init *****************
 Defined at:
		line 9 in file "../../../../timer0/src/timer0_init.c"
 Parameters:    Size  Location     Type
  count           2   25[COMRAM] unsigned short 
 Auto vars:     Size  Location     Type
  preload         2   29[COMRAM] unsigned short 
 Return value:  Size  Location     Type
                  1    wreg      void 
 Registers used:
		wreg, status,2, status,0
 Tracked objects:
		On entry : 
		On exit  : 
		Unchanged: 
 Data sizes:     COMRAM   BANK0   BANK1   BANK2   BANK3   BANK4   BANK5   BANK6   BANK7   BANK8   BANK9  BANK10  BANK11  BANK12  BANK13  BANK14
      Params:         2       0       0       0       0       0       0       0       0       0       0       0       0       0       0       0
      Locals:         2       0       0       0       0       0       0       0       0       0       0       0       0       0       0       0
      Temps:          2       0       0       0       0       0       0       0       0       0       0       0       0       0       0       0
      Totals:         6       0       0       0       0       0       0       0       0       0       0       0       0       0       0       0
Total ram usage:        6 bytes
 Hardware stack levels used:    1
 Hardware stack levels required when called:    4
 This function calls:
		Nothing
 This function is called by:
		_IRsensor_system_init
 This function uses a non-reentrant model


 *************** function _led5_init *****************
 Defined at:
		line 24 in file "../../../../gpio/src/led_init.c"
 Parameters:    Size  Location     Type
		None
 Auto vars:     Size  Location     Type
		None
 Return value:  Size  Location     Type
                  1    wreg      void 
 Registers used:
		None
 Tracked objects:
		On entry : 
		On exit  : 
		Unchanged: 
 Data sizes:     COMRAM   BANK0   BANK1   BANK2   BANK3   BANK4   BANK5   BANK6   BANK7   BANK8   BANK9  BANK10  BANK11  BANK12  BANK13  BANK14
      Params:         0       0       0       0       0       0       0       0       0       0       0       0       0       0       0       0
      Locals:         0       0       0       0       0       0       0       0       0       0       0       0       0       0       0       0
      Temps:          0       0       0       0       0       0       0       0       0       0       0       0       0       0       0       0
      Totals:         0       0       0       0       0       0       0       0       0       0       0       0       0       0       0       0
Total ram usage:        0 bytes
 Hardware stack levels used:    1
 Hardware stack levels required when called:    4
 This function calls:
		Nothing
 This function is called by:
		_IRsensor_system_init
 This function uses a non-reentrant model


 *************** function _led4_init *****************
 Defined at:
		line 19 in file "../../../../gpio/src/led_init.c"
 Parameters:    Size  Location     Type
		None
 Auto vars:     Size  Location     Type
		None
 Return value:  Size  Location     Type
                  1    wreg      void 
 Registers used:
		None
 Tracked objects:
		On entry : 
		On exit  : 
		Unchanged: 
 Data sizes:     COMRAM   BANK0   BANK1   BANK2   BANK3   BANK4   BANK5   BANK6   BANK7   BANK8   BANK9  BANK10  BANK11  BANK12  BANK13  BANK14
      Params:         0       0       0       0       0       0       0       0       0       0       0       0       0       0       0       0
      Locals:         0       0       0       0       0       0       0       0       0       0       0       0       0       0       0       0
      Temps:          0       0       0       0       0       0       0       0       0       0       0       0       0       0       0       0
      Totals:         0       0       0       0       0       0       0       0       0       0       0       0       0       0       0       0
Total ram usage:        0 bytes
 Hardware stack levels used:    1
 Hardware stack levels required when called:    4
 This function calls:
		Nothing
 This function is called by:
		_IRsensor_system_init
 This function uses a non-reentrant model


 *************** function _led3_init *****************
 Defined at:
		line 14 in file "../../../../gpio/src/led_init.c"
 Parameters:    Size  Location     Type
		None
 Auto vars:     Size  Location     Type
		None
 Return value:  Size  Location     Type
                  1    wreg      void 
 Registers used:
		None
 Tracked objects:
		On entry : 
		On exit  : 
		Unchanged: 
 Data sizes:     COMRAM   BANK0   BANK1   BANK2   BANK3   BANK4   BANK5   BANK6   BANK7   BANK8   BANK9  BANK10  BANK11  BANK12  BANK13  BANK14
      Params:         0       0       0       0       0       0       0       0       0       0       0       0       0       0       0       0
      Locals:         0       0       0       0       0       0       0       0       0       0       0       0       0       0       0       0
      Temps:          0       0       0       0       0       0       0       0       0       0       0       0       0       0       0       0
      Totals:         0       0       0       0       0       0       0       0       0       0       0       0       0       0       0       0
Total ram usage:        0 bytes
 Hardware stack levels used:    1
 Hardware stack levels required when called:    4
 This function calls:
		Nothing
 This function is called by:
		_IRsensor_system_init
 This function uses a non-reentrant model


 *************** function _led2_init *****************
 Defined at:
		line 9 in file "../../../../gpio/src/led_init.c"
 Parameters:    Size  Location     Type
		None
 Auto vars:     Size  Location     Type
		None
 Return value:  Size  Location     Type
                  1    wreg      void 
 Registers used:
		None
 Tracked objects:
		On entry : 
		On exit  : 
		Unchanged: 
 Data sizes:     COMRAM   BANK0   BANK1   BANK2   BANK3   BANK4   BANK5   BANK6   BANK7   BANK8   BANK9  BANK10  BANK11  BANK12  BANK13  BANK14
      Params:         0       0       0       0       0       0       0       0       0       0       0       0       0       0       0       0
      Locals:         0       0       0       0       0       0       0       0       0       0       0       0       0       0       0       0
      Temps:          0       0       0       0       0       0       0       0       0       0       0       0       0       0       0       0
      Totals:         0       0       0       0       0       0       0       0       0       0       0       0       0       0       0       0
Total ram usage:        0 bytes
 Hardware stack levels used:    1
 Hardware stack levels required when called:    4
 This function calls:
		Nothing
 This function is called by:
		_IRsensor_system_init
 This function uses a non-reentrant model


 *************** function _IRsensor_init *****************
 Defined at:
		line 9 in file "../../../src/IRsensor_init.c"
 Parameters:    Size  Location     Type
		None
 Auto vars:     Size  Location     Type
		None
 Return value:  Size  Location     Type
                  1    wreg      void 
 Registers used:
		None
 Tracked objects:
		On entry : 
		On exit  : 
		Unchanged: 
 Data sizes:     COMRAM   BANK0   BANK1   BANK2   BANK3   BANK4   BANK5   BANK6   BANK7   BANK8   BANK9  BANK10  BANK11  BANK12  BANK13  BANK14
      Params:         0       0       0       0       0       0       0       0       0       0       0       0       0       0       0       0
      Locals:         0       0       0       0       0       0       0       0       0       0       0       0       0       0       0       0
      Temps:          0       0       0       0       0       0       0       0       0       0       0       0       0       0       0       0
      Totals:         0       0       0       0       0       0       0       0       0       0       0       0       0       0       0       0
Total ram usage:        0 bytes
 Hardware stack levels used:    1
 Hardware stack levels required when called:    4
 This function calls:
		Nothing
 This function is called by:
		_IRsensor_system_init
 This function uses a non-reentrant model


 *************** function _IRsensor_stop *****************
 Defined at:
		line 60 in file "../../../src/IRsensor_analyze_data.c"
 Parameters:    Size  Location     Type
		None
 Auto vars:     Size  Location     Type
		None
 Return value:  Size  Location     Type
                  1    wreg      void 
 Registers used:
		wreg, fsr0l, fsr0h, status,2, status,0, tblptrl, tblptrh, tblptru, cstack
 Tracked objects:
		On entry : 
		On exit  : 
		Unchanged: 
 Data sizes:     COMRAM   BANK0   BANK1   BANK2   BANK3   BANK4   BANK5   BANK6   BANK7   BANK8   BANK9  BANK10  BANK11  BANK12  BANK13  BANK14
      Params:         0       0       0       0       0       0       0       0       0       0       0       0       0       0       0       0
      Locals:         0       0       0       0       0       0       0       0       0       0       0       0       0       0       0       0
      Temps:          0       0       0       0       0       0       0       0       0       0       0       0       0       0       0       0
      Totals:         0       0       0       0       0       0       0       0       0       0       0       0       0       0       0       0
Total ram usage:        0 bytes
 Hardware stack levels used:    1
 Hardware stack levels required when called:    6
 This function calls:
		_uart1_puts
 This function is called by:
		_main
 This function uses a non-reentrant model


 *************** function _IRsensor_read_data *****************
 Defined at:
		line 11 in file "../../../src/IRsensor_read_data.c"
 Parameters:    Size  Location     Type
		None
 Auto vars:     Size  Location     Type
		None
 Return value:  Size  Location     Type
                  1    wreg      unsigned char 
 Registers used:
		wreg
 Tracked objects:
		On entry : 
		On exit  : 
		Unchanged: 
 Data sizes:     COMRAM   BANK0   BANK1   BANK2   BANK3   BANK4   BANK5   BANK6   BANK7   BANK8   BANK9  BANK10  BANK11  BANK12  BANK13  BANK14
      Params:         0       0       0       0       0       0       0       0       0       0       0       0       0       0       0       0
      Locals:         0       0       0       0       0       0       0       0       0       0       0       0       0       0       0       0
      Temps:          0       0       0       0       0       0       0       0       0       0       0       0       0       0       0       0
      Totals:         0       0       0       0       0       0       0       0       0       0       0       0       0       0       0       0
Total ram usage:        0 bytes
 Hardware stack levels used:    1
 Hardware stack levels required when called:    4
 This function calls:
		Nothing
 This function is called by:
		_main
 This function uses a non-reentrant model


 *************** function _IRsensor_display *****************
 Defined at:
		line 30 in file "../../../src/IRsensor_analyze_data.c"
 Parameters:    Size  Location     Type
  compteur        1    wreg     unsigned char 
 Auto vars:     Size  Location     Type
  compteur        1   29[COMRAM] unsigned char 
 Return value:  Size  Location     Type
                  1    wreg      void 
 Registers used:
		wreg, fsr0l, fsr0h, status,2, status,0, tblptrl, tblptrh, tblptru, cstack
 Tracked objects:
		On entry : 
		On exit  : 
		Unchanged: 
 Data sizes:     COMRAM   BANK0   BANK1   BANK2   BANK3   BANK4   BANK5   BANK6   BANK7   BANK8   BANK9  BANK10  BANK11  BANK12  BANK13  BANK14
      Params:         0       0       0       0       0       0       0       0       0       0       0       0       0       0       0       0
      Locals:         1       0       0       0       0       0       0       0       0       0       0       0       0       0       0       0
      Temps:          0       0       0       0       0       0       0       0       0       0       0       0       0       0       0       0
      Totals:         1       0       0       0       0       0       0       0       0       0       0       0       0       0       0       0
Total ram usage:        1 bytes
 Hardware stack levels used:    1
 Hardware stack levels required when called:    6
 This function calls:
		___awdiv
		___awmod
		_uart1_putc
		_uart1_puts
 This function is called by:
		_main
 This function uses a non-reentrant model


 *************** function _uart1_puts *****************
 Defined at:
		line 9 in file "../../../../uart1_correction/src/uart1_puts.c"
 Parameters:    Size  Location     Type
  str             2   21[BANK0 ] PTR const unsigned char 
		 -> STR_18(29), STR_17(5), STR_16(6), STR_15(10), 
		 -> STR_13(11), STR_11(3), rn52_cmd@rn52_ack(10), STR_10(3), 
		 -> STR_9(16), STR_8(9), STR_7(34), STR_6(9), 
		 -> STR_5(34), STR_4(9), STR_3(34), STR_2(2), 
		 -> STR_1(21), 
 Auto vars:     Size  Location     Type
		None
 Return value:  Size  Location     Type
                  1    wreg      void 
 Registers used:
		wreg, fsr0l, fsr0h, status,2, status,0, tblptrl, tblptrh, tblptru, cstack
 Tracked objects:
		On entry : 
		On exit  : 
		Unchanged: 
 Data sizes:     COMRAM   BANK0   BANK1   BANK2   BANK3   BANK4   BANK5   BANK6   BANK7   BANK8   BANK9  BANK10  BANK11  BANK12  BANK13  BANK14
      Params:         0       2       0       0       0       0       0       0       0       0       0       0       0       0       0       0
      Locals:         0       0       0       0       0       0       0       0       0       0       0       0       0       0       0       0
      Temps:          0       0       0       0       0       0       0       0       0       0       0       0       0       0       0       0
      Totals:         0       2       0       0       0       0       0       0       0       0       0       0       0       0       0       0
Total ram usage:        2 bytes
 Hardware stack levels used:    1
 Hardware stack levels required when called:    5
 This function calls:
		_uart1_putc
 This function is called by:
		_main
		_IRsensor_display
		_IRsensor_stop
		_rn52_cmd
		_rn52_init
 This function uses a non-reentrant model


 *************** function _uart1_putc *****************
 Defined at:
		line 9 in file "../../../../uart1_correction/src/uart1_putc.c"
 Parameters:    Size  Location     Type
  payload         1    wreg     unsigned char 
 Auto vars:     Size  Location     Type
  payload         1   25[COMRAM] unsigned char 
 Return value:  Size  Location     Type
                  1    wreg      void 
 Registers used:
		wreg
 Tracked objects:
		On entry : 
		On exit  : 
		Unchanged: 
 Data sizes:     COMRAM   BANK0   BANK1   BANK2   BANK3   BANK4   BANK5   BANK6   BANK7   BANK8   BANK9  BANK10  BANK11  BANK12  BANK13  BANK14
      Params:         0       0       0       0       0       0       0       0       0       0       0       0       0       0       0       0
      Locals:         1       0       0       0       0       0       0       0       0       0       0       0       0       0       0       0
      Temps:          0       0       0       0       0       0       0       0       0       0       0       0       0       0       0       0
      Totals:         1       0       0       0       0       0       0       0       0       0       0       0       0       0       0       0
Total ram usage:        1 bytes
 Hardware stack levels used:    1
 Hardware stack levels required when called:    4
 This function calls:
		Nothing
 This function is called by:
		_main
		_IRsensor_display
		_uart1_puts
		_uart1_getc
 This function uses a non-reentrant model


 *************** function ___awmod *****************
 Defined at:
		line 8 in file "/opt/microchip/xc8/v1.45/sources/common/awmod.c"
 Parameters:    Size  Location     Type
  dividend        2   21[BANK0 ] int 
  divisor         2   23[BANK0 ] int 
 Auto vars:     Size  Location     Type
  sign            1   26[COMRAM] unsigned char 
  counter         1   25[COMRAM] unsigned char 
 Return value:  Size  Location     Type
                  2   21[BANK0 ] int 
 Registers used:
		wreg, status,2, status,0
 Tracked objects:
		On entry : 
		On exit  : 
		Unchanged: 
 Data sizes:     COMRAM   BANK0   BANK1   BANK2   BANK3   BANK4   BANK5   BANK6   BANK7   BANK8   BANK9  BANK10  BANK11  BANK12  BANK13  BANK14
      Params:         0       4       0       0       0       0       0       0       0       0       0       0       0       0       0       0
      Locals:         2       0       0       0       0       0       0       0       0       0       0       0       0       0       0       0
      Temps:          0       0       0       0       0       0       0       0       0       0       0       0       0       0       0       0
      Totals:         2       4       0       0       0       0       0       0       0       0       0       0       0       0       0       0
Total ram usage:        6 bytes
 Hardware stack levels used:    1
 Hardware stack levels required when called:    4
 This function calls:
		Nothing
 This function is called by:
		_IRsensor_display
 This function uses a non-reentrant model


 *************** function ___awdiv *****************
 Defined at:
		line 8 in file "/opt/microchip/xc8/v1.45/sources/common/awdiv.c"
 Parameters:    Size  Location     Type
  dividend        2   21[BANK0 ] int 
  divisor         2   23[BANK0 ] int 
 Auto vars:     Size  Location     Type
  quotient        2   27[COMRAM] int 
  sign            1   26[COMRAM] unsigned char 
  counter         1   25[COMRAM] unsigned char 
 Return value:  Size  Location     Type
                  2   21[BANK0 ] int 
 Registers used:
		wreg, status,2, status,0
 Tracked objects:
		On entry : 
		On exit  : 
		Unchanged: 
 Data sizes:     COMRAM   BANK0   BANK1   BANK2   BANK3   BANK4   BANK5   BANK6   BANK7   BANK8   BANK9  BANK10  BANK11  BANK12  BANK13  BANK14
      Params:         0       4       0       0       0       0       0       0       0       0       0       0       0       0       0       0
      Locals:         4       0       0       0       0       0       0       0       0       0       0       0       0       0       0       0
      Temps:          0       0       0       0       0       0       0       0       0       0       0       0       0       0       0       0
      Totals:         4       4       0       0       0       0       0       0       0       0       0       0       0       0       0       0
Total ram usage:        8 bytes
 Hardware stack levels used:    1
 Hardware stack levels required when called:    4
 This function calls:
		Nothing
 This function is called by:
		_IRsensor_display
 This function uses a non-reentrant model


 *************** function _IRsensor_analyze_data *****************
 Defined at:
		line 18 in file "../../../src/IRsensor_analyze_data.c"
 Parameters:    Size  Location     Type
  donnee          1    wreg     unsigned char 
 Auto vars:     Size  Location     Type
  donnee          1   25[COMRAM] unsigned char 
 Return value:  Size  Location     Type
                  1    wreg      unsigned char 
 Registers used:
		wreg, status,2, status,0
 Tracked objects:
		On entry : 
		On exit  : 
		Unchanged: 
 Data sizes:     COMRAM   BANK0   BANK1   BANK2   BANK3   BANK4   BANK5   BANK6   BANK7   BANK8   BANK9  BANK10  BANK11  BANK12  BANK13  BANK14
      Params:         0       0       0       0       0       0       0       0       0       0       0       0       0       0       0       0
      Locals:         1       0       0       0       0       0       0       0       0       0       0       0       0       0       0       0
      Temps:          0       0       0       0       0       0       0       0       0       0       0       0       0       0       0       0
      Totals:         1       0       0       0       0       0       0       0       0       0       0       0       0       0       0       0
Total ram usage:        1 bytes
 Hardware stack levels used:    1
 Hardware stack levels required when called:    4
 This function calls:
		Nothing
 This function is called by:
		_main
 This function uses a non-reentrant model


 *************** function _isr_low *****************
 Defined at:
		line 25 in file "../../main.c"
 Parameters:    Size  Location     Type
		None
 Auto vars:     Size  Location     Type
		None
 Return value:  Size  Location     Type
                  1    wreg      void 
 Registers used:
		wreg, fsr2l, fsr2h, status,2, status,0, prodl, prodh, cstack
 Tracked objects:
		On entry : 
		On exit  : 
		Unchanged: 
 Data sizes:     COMRAM   BANK0   BANK1   BANK2   BANK3   BANK4   BANK5   BANK6   BANK7   BANK8   BANK9  BANK10  BANK11  BANK12  BANK13  BANK14
      Params:         0       0       0       0       0       0       0       0       0       0       0       0       0       0       0       0
      Locals:         0       0       0       0       0       0       0       0       0       0       0       0       0       0       0       0
      Temps:          0      21       0       0       0       0       0       0       0       0       0       0       0       0       0       0
      Totals:         0      21       0       0       0       0       0       0       0       0       0       0       0       0       0       0
Total ram usage:       21 bytes
 Hardware stack levels used:    1
 Hardware stack levels required when called:    3
 This function calls:
		_uart1_isr_process
		_uart2_isr_process
 This function is called by:
		Interrupt level 1
 This function uses a non-reentrant model


 *************** function _uart2_isr_process *****************
 Defined at:
		line 19 in file "../../../../uart2_correction/src/uart2_getc.c"
 Parameters:    Size  Location     Type
		None
 Auto vars:     Size  Location     Type
  lost            1   24[COMRAM] unsigned char 
 Return value:  Size  Location     Type
                  1    wreg      void 
 Registers used:
		wreg, fsr2l, fsr2h, status,2, status,0, prodl, prodh
 Tracked objects:
		On entry : 
		On exit  : 
		Unchanged: 
 Data sizes:     COMRAM   BANK0   BANK1   BANK2   BANK3   BANK4   BANK5   BANK6   BANK7   BANK8   BANK9  BANK10  BANK11  BANK12  BANK13  BANK14
      Params:         0       0       0       0       0       0       0       0       0       0       0       0       0       0       0       0
      Locals:         1       0       0       0       0       0       0       0       0       0       0       0       0       0       0       0
      Temps:          0       0       0       0       0       0       0       0       0       0       0       0       0       0       0       0
      Totals:         1       0       0       0       0       0       0       0       0       0       0       0       0       0       0       0
Total ram usage:        1 bytes
 Hardware stack levels used:    1
 Hardware stack levels required when called:    2
 This function calls:
		Nothing
 This function is called by:
		_isr_low
 This function uses a non-reentrant model


 *************** function _uart1_isr_process *****************
 Defined at:
		line 19 in file "../../../../uart1_correction/src/uart1_getc.c"
 Parameters:    Size  Location     Type
		None
 Auto vars:     Size  Location     Type
  lost            1   24[COMRAM] unsigned char 
 Return value:  Size  Location     Type
                  1    wreg      void 
 Registers used:
		wreg, fsr2l, fsr2h, status,2, status,0, prodl, prodh
 Tracked objects:
		On entry : 
		On exit  : 
		Unchanged: 
 Data sizes:     COMRAM   BANK0   BANK1   BANK2   BANK3   BANK4   BANK5   BANK6   BANK7   BANK8   BANK9  BANK10  BANK11  BANK12  BANK13  BANK14
      Params:         0       0       0       0       0       0       0       0       0       0       0       0       0       0       0       0
      Locals:         1       0       0       0       0       0       0       0       0       0       0       0       0       0       0       0
      Temps:          0       0       0       0       0       0       0       0       0       0       0       0       0       0       0       0
      Totals:         1       0       0       0       0       0       0       0       0       0       0       0       0       0       0       0
Total ram usage:        1 bytes
 Hardware stack levels used:    1
 Hardware stack levels required when called:    2
 This function calls:
		Nothing
 This function is called by:
		_isr_low
 This function uses a non-reentrant model


 *************** function _isr_high *****************
 Defined at:
		line 10 in file "../../main.c"
 Parameters:    Size  Location     Type
		None
 Auto vars:     Size  Location     Type
		None
 Return value:  Size  Location     Type
                  1    wreg      void 
 Registers used:
		wreg, status,2, status,0, cstack
 Tracked objects:
		On entry : 
		On exit  : 
		Unchanged: 
 Data sizes:     COMRAM   BANK0   BANK1   BANK2   BANK3   BANK4   BANK5   BANK6   BANK7   BANK8   BANK9  BANK10  BANK11  BANK12  BANK13  BANK14
      Params:         0       0       0       0       0       0       0       0       0       0       0       0       0       0       0       0
      Locals:         0       0       0       0       0       0       0       0       0       0       0       0       0       0       0       0
      Temps:         18       0       0       0       0       0       0       0       0       0       0       0       0       0       0       0
      Totals:        18       0       0       0       0       0       0       0       0       0       0       0       0       0       0       0
Total ram usage:       18 bytes
 Hardware stack levels used:    1
 Hardware stack levels required when called:    1
 This function calls:
		_timer0_reload
		_timer1_reload
 This function is called by:
		Interrupt level 2
 This function uses a non-reentrant model


 *************** function _timer1_reload *****************
 Defined at:
		line 9 in file "../../../../timer1/src/timer1_reload.c"
 Parameters:    Size  Location     Type
  count           2    0[COMRAM] unsigned short 
 Auto vars:     Size  Location     Type
  preload         2    4[COMRAM] unsigned short 
 Return value:  Size  Location     Type
                  1    wreg      void 
 Registers used:
		wreg, status,2, status,0
 Tracked objects:
		On entry : 
		On exit  : 
		Unchanged: 
 Data sizes:     COMRAM   BANK0   BANK1   BANK2   BANK3   BANK4   BANK5   BANK6   BANK7   BANK8   BANK9  BANK10  BANK11  BANK12  BANK13  BANK14
      Params:         2       0       0       0       0       0       0       0       0       0       0       0       0       0       0       0
      Locals:         2       0       0       0       0       0       0       0       0       0       0       0       0       0       0       0
      Temps:          2       0       0       0       0       0       0       0       0       0       0       0       0       0       0       0
      Totals:         6       0       0       0       0       0       0       0       0       0       0       0       0       0       0       0
Total ram usage:        6 bytes
 Hardware stack levels used:    1
 This function calls:
		Nothing
 This function is called by:
		_isr_high
 This function uses a non-reentrant model


 *************** function _timer0_reload *****************
 Defined at:
		line 9 in file "../../../../timer0/src/timer0_reload.c"
 Parameters:    Size  Location     Type
  count           2    0[COMRAM] unsigned short 
 Auto vars:     Size  Location     Type
  preload         2    4[COMRAM] unsigned short 
 Return value:  Size  Location     Type
                  1    wreg      void 
 Registers used:
		wreg, status,2, status,0
 Tracked objects:
		On entry : 
		On exit  : 
		Unchanged: 
 Data sizes:     COMRAM   BANK0   BANK1   BANK2   BANK3   BANK4   BANK5   BANK6   BANK7   BANK8   BANK9  BANK10  BANK11  BANK12  BANK13  BANK14
      Params:         2       0       0       0       0       0       0       0       0       0       0       0       0       0       0       0
      Locals:         2       0       0       0       0       0       0       0       0       0       0       0       0       0       0       0
      Temps:          2       0       0       0       0       0       0       0       0       0       0       0       0       0       0       0
      Totals:         6       0       0       0       0       0       0       0       0       0       0       0       0       0       0       0
Total ram usage:        6 bytes
 Hardware stack levels used:    1
 This function calls:
		Nothing
 This function is called by:
		_isr_high
 This function uses a non-reentrant model



MODULE INFORMATION

Module		Function		Class		Link	Load	Size
../../../../uart1_correction/src/uart1_putc.c
		_uart1_putc    		CODE           	1750	0000	13

../../../../uart1_correction/src/uart1_putc.c estimated size: 13

../../../../gpio/src/led_init.c
		_led2_init     		CODE           	1768	0000	5
		_led3_init     		CODE           	1764	0000	5
		_led4_init     		CODE           	1760	0000	5
		_led5_init     		CODE           	175C	0000	5

../../../../gpio/src/led_init.c estimated size: 20

../../../../uart1_correction/src/uart1_getc.c
		_uart1_isr_process		CODE           	161C	0000	71

../../../../uart1_correction/src/uart1_getc.c estimated size: 71

../../main.c
		_main          		CODE           	1468	0000	99
		_isr_low       		CODE           	0018	0000	183
		_isr_high      		CODE           	0008	0000	207

../../main.c estimated size: 489

../../../../timer0/src/timer0_init.c
		_timer0_init   		CODE           	1584	0000	79

../../../../timer0/src/timer0_init.c estimated size: 79

../../../../timer1/src/timer1_init.c
		_timer1_init   		CODE           	1662	0000	65

../../../../timer1/src/timer1_init.c estimated size: 65

/opt/microchip/xc8/v1.45/sources/common/awmod.c
		___awmod       		CODE           	1392	0000	115

/opt/microchip/xc8/v1.45/sources/common/awmod.c estimated size: 115

../../../../uart2_correction/src/uart2_init.c
		_uart2_init    		CODE           	1138	0000	171

../../../../uart2_correction/src/uart2_init.c estimated size: 171

../../../src/IRsensor_analyze_data.c
		_IRsensor_stop 		CODE           	1404	0000	101
		_IRsensor_analyze_data		CODE           	1714	0000	21
		_IRsensor_display		CODE           	0F98	0000	217

../../../src/IRsensor_analyze_data.c estimated size: 339

../../../../timer1/src/timer1_reload.c
		_timer1_reload 		CODE           	16C8	0000	39

../../../../timer1/src/timer1_reload.c estimated size: 39

../../../../uart1_correction/src/uart1_puts.c
		_uart1_puts    		CODE           	152C	0000	89

../../../../uart1_correction/src/uart1_puts.c estimated size: 89

shared
		__initialization		CODE           	16A2	0000	25

shared estimated size: 25

../../../../uart2_correction/src/uart2_getc.c
		_uart2_isr_process		CODE           	15D2	0000	75

../../../../uart2_correction/src/uart2_getc.c estimated size: 75

/opt/microchip/xc8/v1.45/sources/common/awdiv.c
		___awdiv       		CODE           	1288	0000	135

/opt/microchip/xc8/v1.45/sources/common/awdiv.c estimated size: 135

../../../src/IRsensor_read_data.c
		_IRsensor_read_data		CODE           	1744	0000	13

../../../src/IRsensor_read_data.c estimated size: 13

/opt/microchip/xc8/v1.45/sources/common/lldiv.c
		___lldiv       		CODE           	130E	0000	133

/opt/microchip/xc8/v1.45/sources/common/lldiv.c estimated size: 133

../../../../timer0/src/timer0_reload.c
		_timer0_reload 		CODE           	16EE	0000	39

../../../../timer0/src/timer0_reload.c estimated size: 39

../../../src/IRsensor_init.c
		_IRsensor_system_init		CODE           	14CA	0000	99
		_IRsensor_init 		CODE           	1738	0000	13

../../../src/IRsensor_init.c estimated size: 112

../../../../uart1_correction/src/uart1_init.c
		_uart1_init    		CODE           	11E2	0000	167

../../../../uart1_correction/src/uart1_init.c estimated size: 167

