Microchip MPLAB XC8 Compiler V2.20

Linker command line:

-W-3 --edf=C:\Program Files\Microchip\xc8\v2.20\pic\dat\en_msgs.txt -cn \
  -h+dist/default/production\OLED_W_test.X.production.sym \
  --cmf=dist/default/production\OLED_W_test.X.production.cmf -z -Q18F27K40 \
  -oC:\Users\Antoine\AppData\Local\Temp\std0.2 --defsym=__MPLAB_BUILD=1 \
  -Mdist/default/production/OLED_W_test.X.production.map -E1 \
  -ver=XC8 Compiler -ASTACK=081h-015Fh -pstack=STACK -ACODE=00h-01FFFFh \
  -ACONST=00h-01FFFFh -ASMALLCONST=0F00h-0FFFhx497 \
  -AMEDIUMCONST=0F00h-0FFFFh,010F00h-01FFFFh -ACOMRAM=01h-05Fh \
  -AABS1=00h-0E87h -ABIGRAM=01h-0E87h \
  -ARAM=060h-0FFh,0100h-01FFhx13,0E00h-0E87h -ABANK0=060h-0FFh \
  -ABANK1=0100h-01FFh -ABANK2=0200h-02FFh -ABANK3=0300h-03FFh \
  -ABANK4=0400h-04FFh -ABANK5=0500h-05FFh -ABANK6=0600h-06FFh \
  -ABANK7=0700h-07FFh -ABANK8=0800h-08FFh -ABANK9=0900h-09FFh \
  -ABANK10=0A00h-0AFFh -ABANK11=0B00h-0BFFh -ABANK12=0C00h-0CFFh \
  -ABANK13=0D00h-0DFFh -ABANK14=0E00h-0E87h \
  -ASFR=0E8Dh-0EFFh,0F00h-0F5Fh,0F60h-0FFFh -ACONFIG=0300000h-030000Bh \
  -AIDLOC=0200000h-020000Fh \
  -preset_vec=00h,intcode=08h,intcodelo=018h,powerup,init -pramtop=0F00h \
  -psmallconst=SMALLCONST -pmediumconst=MEDIUMCONST -pconst=CONST \
  -AFARRAM=00h-00h -AEEDATA=0310000h-03103FFh -peeprom_data=EEDATA \
  -prdata=COMRAM,nvrram=COMRAM,nvbit=COMRAM,rbss=COMRAM,rbit=COMRAM \
  -pfarbss=FARRAM,fardata=FARRAM,nvFARRAM=FARRAM \
  -pintsave_regs=BIGRAM,bigbss=BIGRAM,bigdata=BIGRAM -pbss=RAM \
  -pidata=CODE,irdata=CODE,ibigdata=CODE,ifardata=CODE -prparam=COMRAM \
  C:\Users\Antoine\AppData\Local\Temp\std0.o \
  dist/default/production\OLED_W_test.X.production.o \
  build/default/production/_ext/1889496363/delay_10us.o \
  build/default/production/_ext/1889496363/delay_1ms.o \
  build/default/production/_ext/1889496363/delay_200ms.o \
  build/default/production/_ext/1810918684/switch_init.o 

Object code version is 3.11

Machine type is 18F27K40



                Name                               Link     Load   Length Selector   Space Scale
C:\Users\Antoine\AppData\Local\Temp\std0.o
                idloc                            200000   200000       10        0       5
                config                           300000   300000        C        0       4
                init                                 26       26        4        C       0
                reset_vec                             0        0        4        0       0
dist/default/production\OLED_W_test.X.production.o
                intcodelo                            18       18        E        C       0
                intcode                               8        8        6        4       0
                idloc                            200000   200000       10        0       5
                config                           300000   300000        C        0       4
                temp                                 5D       5D        1        1       1
                mediumconst                        FDA8     FDA8      258     7ED4       0
                intcode_body                      10396    10396        4     81CB       0
                text7                             10366    10366       12     8000       0
                text6                             10354    10354       12     8000       0
                text5                             10184    10184       84     8000       0
                text4                             100D0    100D0       B4     8000       0
                text3                             10208    10208       5A     8000       0
                text2                             10000    10000       D0     8000       0
                text1                             102A4    102A4       3E     8000       0
                text0                             1030A    1030A       1A     8000       0
                cstackCOMRAM                         41       41        F        1       1
                bssBANK0                             60       60       18       60       1
                dataCOMRAM                           50       50        D        1       1
                bssCOMRAM                             1        1       40        1       1
                cinit                             10262    10262       42     8000       0
                idataCOMRAM                       10388    10388        D     8000       0
build/default/production/_ext/1889496363/delay_10us.o
                text                              1033C    1033C       18     8000       0
                bss_delay                            7F       7F        2       60       1
build/default/production/_ext/1889496363/delay_1ms.o
                text                              10324    10324       18     8000       0
                bss_delay                            7C       7C        3       60       1
build/default/production/_ext/1889496363/delay_200ms.o
                text                              102E2    102E2       28     8000       0
                bss_delay                            78       78        4       60       1
build/default/production/_ext/1810918684/switch_init.o
                text                              10378    10378       10     8000       0

TOTAL           Name                               Link     Load   Length     Space
        CLASS   STACK          

        CLASS   CODE           
                intcodelo                            18       18        E         0
                intcode                               8        8        6         0
                init                                 26       26        4         0
                reset_vec                             0        0        4         0
                intcode_body                      10396    10396        4         0
                text7                             10366    10366       12         0
                text6                             10354    10354       12         0
                text5                             10184    10184       84         0
                text4                             100D0    100D0       B4         0
                text3                             10208    10208       5A         0
                text2                             10000    10000       D0         0
                text1                             102A4    102A4       3E         0
                text0                             1030A    1030A       1A         0
                cinit                             10262    10262       42         0
                idataCOMRAM                       10388    10388        D         0
                text                              1033C    1033C       18         0
                text                              10324    10324       18         0
                text                              102E2    102E2       28         0
                text                              10378    10378       10         0

        CLASS   CONST          

        CLASS   SMALLCONST     

        CLASS   MEDIUMCONST    
                mediumconst                        FDA8     FDA8      258         0

        CLASS   COMRAM         
                temp                                 5D       5D        1         1
                cstackCOMRAM                         41       41        F         1
                dataCOMRAM                           50       50        D         1
                bssCOMRAM                             1        1       40         1

        CLASS   ABS1           
                abs_s1                              160      160      EA0         1

        CLASS   BIGRAM         

        CLASS   RAM            

        CLASS   BANK0          
                bssBANK0                             60       60       18         1
                bss_delay                            7F       7F        2         1
                bss_delay                            7C       7C        3         1
                bss_delay                            78       78        4         1

        CLASS   BANK1          

        CLASS   BANK2          

        CLASS   BANK3          

        CLASS   BANK4          

        CLASS   BANK5          

        CLASS   BANK6          

        CLASS   BANK7          

        CLASS   BANK8          

        CLASS   BANK9          

        CLASS   BANK10         

        CLASS   BANK11         

        CLASS   BANK12         

        CLASS   BANK13         

        CLASS   BANK14         

        CLASS   SFR            

        CLASS   CONFIG         
                config                           300000   300000        C         4

        CLASS   IDLOC          
                idloc                            200000   200000       10         5

        CLASS   FARRAM         

        CLASS   EEDATA         



SEGMENTS        Name                           Load    Length   Top    Selector   Space  Class

                reset_vec                      000000  000004  000004         0       0  CODE    
                bssCOMRAM                      000001  00005D  00005E         1       1  COMRAM  
                intcode                        000008  000006  00000E         4       0  CODE    
                intcodelo                      000018  000012  00002A         C       0  CODE    
                bssBANK0                       000060  000021  000081        60       1  BANK0   
                mediumconst                    00FDA8  000258  010000      7ED4       0  MEDIUMCO
                text2                          010000  000395  010395      8000       0  CODE    
                intcode_body                   010396  000004  01039A      81CB       0  CODE    


UNUSED ADDRESS RANGES

        Name                Unused          Largest block    Delta
        BANK0            000081-0000FF               7F
        BANK1            000100-00015F               60
        BIGRAM           00005E-00005F                2
                         000081-00015F               DF
        CODE             000004-000007                4
                         00000E-000017                A
                         00002A-00FDA7             FD7E
                         010395-010395                1
                         01039A-01FFFF             FC66
        COMRAM           00005E-00005F                2
        CONST            000004-000007                4
                         00000E-000017                A
                         00002A-00FDA7             FD7E
                         010395-010395                1
                         01039A-01FFFF             FC66
        EEDATA           310000-3103FF              400
        MEDIUMCONST      000F00-00FDA7             EEA8
                         010F00-01FFFF             F100
        RAM              000081-00015F               7F
        SMALLCONST       000F00-00FDA7              100
                         010395-010395                1
                         01039A-01FFFF              100
        STACK            000081-00015F               DF

                                  Symbol Table

?___awdiv                                            cstackCOMRAM 000042
OLED_W_eight@i                                       cstackCOMRAM 00004F
OLED_W_eight@page                                    cstackCOMRAM 00004D
OLED_W_eight@x                                       cstackCOMRAM 00004E
OLED_W_eight@y                                       cstackCOMRAM 00004A
OLED_W_full@choose                                   cstackCOMRAM 000043
OLED_W_full@col                                      cstackCOMRAM 000044
OLED_W_full@col_665                                  cstackCOMRAM 000045
OLED_W_full@page                                     cstackCOMRAM 000046
SPI_write_command@payload                            cstackCOMRAM 000042
SPI_write_data@payload                               cstackCOMRAM 000042
_ANSELA                                              (abs)        000F11
_ANSELB                                              (abs)        000F19
_ANSELC                                              (abs)        000F21
_ANSELCbits                                          (abs)        000F21
_BAUDCON1bits                                        (abs)        000F9F
_BAUDCON2bits                                        (abs)        000E9F
_CPUDOZEbits                                         (abs)        000ED7
_INTCONbits                                          (abs)        000FF2
_IPR0bits                                            (abs)        000EBA
_IPR3bits                                            (abs)        000EBD
_IPR4bits                                            (abs)        000EBE
_LATAbits                                            (abs)        000F83
_LATBbits                                            (abs)        000F84
_OLED_W_eight                                        text4        0100D0
_OLED_W_full                                         text3        010208
_OLED_W_init                                         text2        010000
_PIE0bits                                            (abs)        000EC2
_PIE3bits                                            (abs)        000EC5
_PIE4bits                                            (abs)        000EC6
_PIR0bits                                            (abs)        000ECA
_PIR3bits                                            (abs)        000ECD
_PIR4bits                                            (abs)        000ECE
_RB1PPS                                              (abs)        000EF0
_RB3PPS                                              (abs)        000EF2
_RC1PPS                                              (abs)        000EF8
_RC1REG                                              (abs)        000F99
_RC2REG                                              (abs)        000E99
_RC6PPS                                              (abs)        000EFD
_RCSTA1bits                                          (abs)        000F9D
_RCSTA2bits                                          (abs)        000E9D
_RX1PPS                                              (abs)        000EB5
_RX2PPS                                              (abs)        000E8D
_SP1BRG                                              (abs)        000F9B
_SP1BRGH                                             (abs)        000F9C
_SP2BRG                                              (abs)        000E9B
_SP2BRGH                                             (abs)        000E9C
_SPI_init                                            text1        0102A4
_SPI_write_command                                   text7        010366
_SPI_write_data                                      text6        010354
_SSP1BUF                                             (abs)        000F92
_SSP1CLKPPS                                          (abs)        000EB7
_SSP1CON1bits                                        (abs)        000F96
_SSP1DATPPS                                          (abs)        000EB8
_SSP1IF                                              (abs)        007668
_SSP1SSPPS                                           (abs)        000EB9
_SSP1STATbits                                        (abs)        000F95
_T0CON0bits                                          (abs)        000FD5
_T0CON1bits                                          (abs)        000FD6
_T1CONbits                                           (abs)        000FCF
_TMR0H                                               (abs)        000FD4
_TMR0L                                               (abs)        000FD3
_TMR1CLKbits                                         (abs)        000FD2
_TMR1H                                               (abs)        000FCE
_TMR1L                                               (abs)        000FCD
_TRISAbits                                           (abs)        000F88
_TRISBbits                                           (abs)        000F89
_TRISCbits                                           (abs)        000F8A
_TX1REG                                              (abs)        000F9A
_TX2REG                                              (abs)        000E9A
_TXSTA1bits                                          (abs)        000F9E
_TXSTA2bits                                          (abs)        000E9E
__HRAM                                               (abs)        000000
__Habs1                                              abs1         000000
__Hbank0                                             bank0        000000
__Hbank1                                             bank1        000000
__Hbank10                                            bank10       000000
__Hbank11                                            bank11       000000
__Hbank12                                            bank12       000000
__Hbank13                                            bank13       000000
__Hbank14                                            bank14       000000
__Hbank2                                             bank2        000000
__Hbank3                                             bank3        000000
__Hbank4                                             bank4        000000
__Hbank5                                             bank5        000000
__Hbank6                                             bank6        000000
__Hbank7                                             bank7        000000
__Hbank8                                             bank8        000000
__Hbank9                                             bank9        000000
__Hbigbss                                            bigbss       000000
__Hbigdata                                           bigdata      000000
__Hbigram                                            bigram       000000
__Hbss                                               bss          000000
__HbssBANK0                                          bssBANK0     000000
__HbssCOMRAM                                         bssCOMRAM    000000
__Hbss_delay                                         bss_delay    000000
__Hcinit                                             cinit        000000
__Hclrtext                                           clrtext      000000
__Hcomram                                            comram       000000
__Hconfig                                            config       30000C
__Hconst                                             const        000000
__HcstackCOMRAM                                      cstackCOMRAM 000000
__Hdata                                              data         000000
__HdataCOMRAM                                        dataCOMRAM   000000
__Heeprom_data                                       eeprom_data  000000
__Hfarbss                                            farbss       000000
__Hfardata                                           fardata      000000
__Hibigdata                                          ibigdata     000000
__Hidata                                             idata        000000
__HidataCOMRAM                                       idataCOMRAM  000000
__Hidloc                                             idloc        200010
__Hifardata                                          ifardata     000000
__Hinit                                              init         00002A
__Hintcode                                           intcode      00000E
__Hintcode_body                                      intcode_body 000000
__Hintcodelo                                         intcodelo    000026
__Hintentry                                          intentry     000000
__Hintret                                            intret       000000
__Hintsave_regs                                      intsave_regs 000000
__Hirdata                                            irdata       000000
__Hmediumconst                                       mediumconst  010000
__HnvFARRAM                                          nvFARRAM     000000
__Hnvbit                                             nvbit        000000
__Hnvrram                                            nvrram       000000
__Hparam                                             rparam       000000
__Hpowerup                                           powerup      000026
__Hram                                               ram          000000
__Hramtop                                            ramtop       000F00
__Hrbit                                              rbit         000000
__Hrbss                                              rbss         000000
__Hrdata                                             rdata        000000
__Hreset_vec                                         reset_vec    000004
__Hrparam                                            rparam       000000
__Hsfr                                               sfr          000000
__Hsmallconst                                        smallconst   000000
__Hspace_0                                           (abs)        01039A
__Hspace_1                                           (abs)        000081
__Hspace_2                                           (abs)        000000
__Hspace_4                                           (abs)        60000C
__Hstack                                             stack        000000
__Hstruct                                            struct       000000
__Htemp                                              temp         00005E
__Htext                                              text         000000
__Htext0                                             text0        000000
__Htext1                                             text1        000000
__Htext2                                             text2        000000
__Htext3                                             text3        000000
__Htext4                                             text4        000000
__Htext5                                             text5        000000
__Htext6                                             text6        000000
__Htext7                                             text7        000000
__LRAM                                               (abs)        000001
__Labs1                                              abs1         000000
__Lbank0                                             bank0        000000
__Lbank1                                             bank1        000000
__Lbank10                                            bank10       000000
__Lbank11                                            bank11       000000
__Lbank12                                            bank12       000000
__Lbank13                                            bank13       000000
__Lbank14                                            bank14       000000
__Lbank2                                             bank2        000000
__Lbank3                                             bank3        000000
__Lbank4                                             bank4        000000
__Lbank5                                             bank5        000000
__Lbank6                                             bank6        000000
__Lbank7                                             bank7        000000
__Lbank8                                             bank8        000000
__Lbank9                                             bank9        000000
__Lbigbss                                            bigbss       000000
__Lbigdata                                           bigdata      000000
__Lbigram                                            bigram       000000
__Lbss                                               bss          000000
__LbssBANK0                                          bssBANK0     000000
__LbssCOMRAM                                         bssCOMRAM    000000
__Lbss_delay                                         bss_delay    000000
__Lcinit                                             cinit        000000
__Lclrtext                                           clrtext      000000
__Lcomram                                            comram       000000
__Lconfig                                            config       000000
__Lconst                                             const        000000
__LcstackCOMRAM                                      cstackCOMRAM 000000
__Ldata                                              data         000000
__LdataCOMRAM                                        dataCOMRAM   000000
__Leeprom_data                                       eeprom_data  000000
__Lfarbss                                            farbss       000000
__Lfardata                                           fardata      000000
__Libigdata                                          ibigdata     000000
__Lidata                                             idata        000000
__LidataCOMRAM                                       idataCOMRAM  000000
__Lidloc                                             idloc        000000
__Lifardata                                          ifardata     000000
__Linit                                              init         000026
__Lintcode                                           intcode      000008
__Lintcode_body                                      intcode_body 000000
__Lintcodelo                                         intcodelo    000018
__Lintentry                                          intentry     000000
__Lintret                                            intret       000000
__Lintsave_regs                                      intsave_regs 000000
__Lirdata                                            irdata       000000
__Lmediumconst                                       mediumconst  00FDA8
__LnvFARRAM                                          nvFARRAM     000000
__Lnvbit                                             nvbit        000000
__Lnvrram                                            nvrram       000000
__Lparam                                             rparam       000000
__Lpowerup                                           powerup      000026
__Lram                                               ram          000000
__Lramtop                                            ramtop       000F00
__Lrbit                                              rbit         000000
__Lrbss                                              rbss         000000
__Lrdata                                             rdata        000000
__Lreset_vec                                         reset_vec    000000
__Lrparam                                            rparam       000000
__Lsfr                                               sfr          000000
__Lsmallconst                                        smallconst   000000
__Lspace_0                                           (abs)        000000
__Lspace_1                                           (abs)        000000
__Lspace_2                                           (abs)        000000
__Lspace_4                                           (abs)        000000
__Lstack                                             stack        000000
__Lstruct                                            struct       000000
__Ltemp                                              temp         00005D
__Ltext                                              text         000000
__Ltext0                                             text0        000000
__Ltext1                                             text1        000000
__Ltext2                                             text2        000000
__Ltext3                                             text3        000000
__Ltext4                                             text4        000000
__Ltext5                                             text5        000000
__Ltext6                                             text6        000000
__Ltext7                                             text7        000000
__S0                                                 (abs)        01039A
__S1                                                 (abs)        000081
__S2                                                 (abs)        000000
__S4                                                 (abs)        000000
__S5                                                 (abs)        000000
___awdiv                                             text5        010184
___awdiv@counter                                     cstackCOMRAM 000046
___awdiv@dividend                                    cstackCOMRAM 000042
___awdiv@divisor                                     cstackCOMRAM 000044
___awdiv@quotient                                    cstackCOMRAM 000048
___awdiv@sign                                        cstackCOMRAM 000047
___inthi_sp                                          stack        000000
___intlo_sp                                          stack        000000
___param_bank                                        (abs)        000000
___rparam_used                                       (abs)        000001
___sp                                                stack        000000
__accesstop                                          (abs)        000060
__activetblptr                                       (abs)        000003
__end_of_OLED_W_eight                                text4        010184
__end_of_OLED_W_full                                 text3        010262
__end_of_OLED_W_init                                 text2        0100D0
__end_of_SPI_init                                    text1        0102E2
__end_of_SPI_write_command                           text7        010378
__end_of_SPI_write_data                              text6        010366
__end_of___awdiv                                     text5        010208
__end_of__initialization                             cinit        01029A
__end_of_isr_high                                    intcode_body 01039A
__end_of_isr_low                                     intcodelo    000026
__end_of_main                                        text0        010324
__end_of_u8x8_d_sh1106_128x64_winstar_init_seq       mediumconst  00FF14
__end_of_u8x8_d_ssd1306_128x64_alt0_init_seq         mediumconst  00FE13
__end_of_u8x8_d_ssd1306_128x64_noname_flip0_seq      mediumconst  00FFBA
__end_of_u8x8_d_ssd1306_128x64_noname_flip1_seq      mediumconst  00FFB3
__end_of_u8x8_d_ssd1306_128x64_noname_init_seq       mediumconst  00FE7D
__end_of_u8x8_d_ssd1306_128x64_noname_powersave0_seq mediumconst  00FFD2
__end_of_u8x8_d_ssd1306_128x64_noname_powersave1_seq mediumconst  00FFCD
__end_of_u8x8_d_ssd1306_128x64_vcomh0_init_seq       mediumconst  00FE48
__end_of_u8x8_d_ssd1306_96x39_flip0_seq              mediumconst  00FF9E
__end_of_u8x8_d_ssd1306_96x39_flip1_seq              mediumconst  00FF95
__end_of_u8x8_d_ssd1306_96x39_init_seq               mediumconst  00FEB2
__end_of_u8x8_d_ssd1306_96x40_flip0_seq              mediumconst  00FFC8
__end_of_u8x8_d_ssd1306_96x40_flip1_seq              mediumconst  00FFC1
__end_of_u8x8_d_ssd1306_96x40_init_seq               mediumconst  00FEE7
__end_of_u8x8_d_ssd1306_96x40_powersave0_seq         mediumconst  00FFDC
__end_of_u8x8_d_ssd1306_96x40_powersave1_seq         mediumconst  00FFD7
__end_of_u8x8_d_ssd1312_128x64_noname_flip0_seq      mediumconst  00FFAC
__end_of_u8x8_d_ssd1312_128x64_noname_flip1_seq      mediumconst  00FFA5
__end_of_u8x8_d_ssd1312_128x64_noname_init_seq       mediumconst  00FDDE
__end_of_u8x8_null_display_info                      mediumconst  00FF5C
__end_of_u8x8_sh1106_128x64_noname_display_info      mediumconst  00FF2C
__end_of_u8x8_ssd1306_128x64_noname_display_info     mediumconst  00FF44
__end_of_u8x8_ssd1306_96x39_display_info             mediumconst  00FF74
__end_of_u8x8_ssd1306_96x40_display_info             mediumconst  00FF8C
__initialization                                     cinit        010262
__mediumconst                                        mediumconst  00FDA8
__pbssBANK0                                          bssBANK0     000060
__pbssCOMRAM                                         bssCOMRAM    000001
__pcinit                                             cinit        010262
__pcstackCOMRAM                                      cstackCOMRAM 000041
__pdataCOMRAM                                        dataCOMRAM   000050
__pidataCOMRAM                                       idataCOMRAM  010388
__pintcode                                           intcode      000008
__pintcode_body                                      intcode_body 010396
__pintcodelo                                         intcodelo    000018
__pmediumconst                                       mediumconst  00FDA8
__ptext0                                             text0        01030A
__ptext1                                             text1        0102A4
__ptext2                                             text2        010000
__ptext3                                             text3        010208
__ptext4                                             text4        0100D0
__ptext5                                             text5        010184
__ptext6                                             text6        010354
__ptext7                                             text7        010366
__ramtop                                             ramtop       000F00
__size_of_OLED_W_eight                               (abs)        000000
__size_of_OLED_W_full                                (abs)        000000
__size_of_OLED_W_init                                (abs)        000000
__size_of_SPI_init                                   (abs)        000000
__size_of_SPI_write_command                          (abs)        000000
__size_of_SPI_write_data                             (abs)        000000
__size_of___awdiv                                    (abs)        000000
__size_of_isr_high                                   (abs)        000000
__size_of_isr_low                                    (abs)        000000
__size_of_main                                       (abs)        000000
__smallconst                                         smallconst   000000
_buffer                                              (abs)        000160
_delay_10us                                          text         01033C
_delay_1ms                                           text         010324
_delay_200ms                                         text         0102E2
_eight                                               dataCOMRAM   000058
_isr_high                                            intcode      000008
_isr_low                                             intcodelo    000018
_main                                                text0        01030A
_switch1_init                                        text         010378
_switch2_init                                        text         010380
_u8x8_ascii_next                                     (abs)        000000
_u8x8_d_sh1106_128x64_winstar_init_seq               mediumconst  00FEE7
_u8x8_d_ssd1306_128x64_alt0_init_seq                 mediumconst  00FDDE
_u8x8_d_ssd1306_128x64_noname_flip0_seq              mediumconst  00FFB3
_u8x8_d_ssd1306_128x64_noname_flip1_seq              mediumconst  00FFAC
_u8x8_d_ssd1306_128x64_noname_init_seq               mediumconst  00FE48
_u8x8_d_ssd1306_128x64_noname_powersave0_seq         mediumconst  00FFCD
_u8x8_d_ssd1306_128x64_noname_powersave1_seq         mediumconst  00FFC8
_u8x8_d_ssd1306_128x64_vcomh0_init_seq               mediumconst  00FE13
_u8x8_d_ssd1306_96x39_flip0_seq                      mediumconst  00FF95
_u8x8_d_ssd1306_96x39_flip1_seq                      mediumconst  00FF8C
_u8x8_d_ssd1306_96x39_init_seq                       mediumconst  00FE7D
_u8x8_d_ssd1306_96x40_flip0_seq                      mediumconst  00FFC1
_u8x8_d_ssd1306_96x40_flip1_seq                      mediumconst  00FFBA
_u8x8_d_ssd1306_96x40_init_seq                       mediumconst  00FEB2
_u8x8_d_ssd1306_96x40_powersave0_seq                 mediumconst  00FFD7
_u8x8_d_ssd1306_96x40_powersave1_seq                 mediumconst  00FFD2
_u8x8_d_ssd1312_128x64_noname_flip0_seq              mediumconst  00FFA5
_u8x8_d_ssd1312_128x64_noname_flip1_seq              mediumconst  00FF9E
_u8x8_d_ssd1312_128x64_noname_init_seq               mediumconst  00FDA9
_u8x8_dummy_cb                                       (abs)        000000
_u8x8_null_display_info                              mediumconst  00FF44
_u8x8_sh1106_128x64_noname_display_info              mediumconst  00FF14
_u8x8_ssd1306_128x64_noname_display_info             mediumconst  00FF2C
_u8x8_ssd1306_96x39_display_info                     mediumconst  00FF5C
_u8x8_ssd1306_96x40_display_info                     mediumconst  00FF74
_u8x8_utf8_next                                      (abs)        000000
_uart1_rx                                            bssCOMRAM    000018
_uart2_rx                                            bssCOMRAM    000001
btemp                                                temp         00005D
end_of_initialization                                cinit        01029A
int$flags                                            temp         00005D
int_func                                             intcode_body 010396
intlevel0                                            text         000000
intlevel1                                            text         000000
intlevel2                                            text         000000
intlevel3                                            text         000000
stackhi                                              (abs)        00015F
stacklo                                              (abs)        000081
start                                                init         000026
start_initialization                                 cinit        010262
ttemp5                                               temp         00005E
ttemp6                                               temp         000061
ttemp7                                               temp         000065
u8x8_FillDisplay@F1941                               dataCOMRAM   000050
u8x8_byte_3wire_sw_spi@last_dc                       bssCOMRAM    000040
u8x8_byte_sed1520@enable_pin                         bssCOMRAM    00003F
u8x8_cad_ld7032_i2c@in_transfer                      bssCOMRAM    00003D
u8x8_cad_ssd13xx_fast_i2c@in_transfer                bssCOMRAM    00003E
u8x8_cad_st7920_spi@buf                              bssBANK0     000068
u8x8_cad_uc1638_i2c@in_transfer                      bssCOMRAM    00003A
u8x8_cad_uc1638_i2c@is_data                          bssCOMRAM    000039
u8x8_cad_uc16xx_i2c@in_transfer                      bssCOMRAM    00003C
uart1_gets@i                                         bssCOMRAM    000038
uart2_gets@i                                         bssCOMRAM    000037
wtemp8                                               temp         00005E


FUNCTION INFORMATION:

 *************** function _main *****************
 Defined at:
		line 25 in file "../../main.c"
 Parameters:    Size  Location     Type
		None
 Auto vars:     Size  Location     Type
		None
 Return value:  Size  Location     Type
                  1    wreg      void 
 Registers used:
		wreg, fsr0l, fsr0h, fsr1l, fsr1h, fsr1l, fsr1h, fsr2l, fsr2h, status,2, status,0, pclath, btemp, btemp+1, btemp+2, btemp+3, btemp+4, btemp+5, btemp+6, btemp+7, btemp+8, btemp+9, btemp+10, btemp+11, btemp+12, btemp+13, btemp+14, btemp+15, btemp+16, btemp+17, btemp+18, btemp+19, btemp+20, btemp+21, btemp+22, btemp+23, btemp+24, btemp+25, btemp+26, btemp+27, btemp+28, btemp+29, btemp+30, btemp+31, tosl, structret, tblptrl, tblptrh, tblptru, prodl, prodh, bsr, cstack
 Tracked objects:
		On entry : 
		On exit  : 
		Unchanged: 
 Data sizes:     COMRAM   BANK0   BANK1
      Params:         0       0       0
      Locals:         0       0       0
      Temps:          0       0       0
      Totals:         0       0       0
Total ram usage:        0 bytes
 Hardware stack levels required when called:    4
 This function calls:
		_OLED_W_eight
		_OLED_W_full
		_OLED_W_init
		_SPI_init
 This function is called by:
		Startup code after reset
 This function uses a non-reentrant model


 *************** function _SPI_init *****************
 Defined at:
		line 8 in file "../../../../SPI/src/SPI_init.c"
 Parameters:    Size  Location     Type
		None
 Auto vars:     Size  Location     Type
		None
 Return value:  Size  Location     Type
                  1    wreg      void 
 Registers used:
		wreg, status,2
 Tracked objects:
		On entry : 
		On exit  : 
		Unchanged: 
 Data sizes:     COMRAM   BANK0   BANK1
      Params:         0       0       0
      Locals:         0       0       0
      Temps:          0       0       0
      Totals:         0       0       0
Total ram usage:        0 bytes
 Hardware stack levels used:    1
 Hardware stack levels required when called:    2
 This function calls:
		Nothing
 This function is called by:
		_main
 This function uses a non-reentrant model


 *************** function _OLED_W_init *****************
 Defined at:
		line 9 in file "../../../src/OLED_W_init.c"
 Parameters:    Size  Location     Type
		None
 Auto vars:     Size  Location     Type
		None
 Return value:  Size  Location     Type
                  1    wreg      void 
 Registers used:
		wreg, fsr0l, fsr0h, fsr1l, fsr1h, fsr1l, fsr1h, fsr2l, fsr2h, status,2, status,0, pclath, btemp, btemp+1, btemp+2, btemp+3, btemp+4, btemp+5, btemp+6, btemp+7, btemp+8, btemp+9, btemp+10, btemp+11, btemp+12, btemp+13, btemp+14, btemp+15, btemp+16, btemp+17, btemp+18, btemp+19, btemp+20, btemp+21, btemp+22, btemp+23, btemp+24, btemp+25, btemp+26, btemp+27, btemp+28, btemp+29, btemp+30, btemp+31, tosl, structret, tblptrl, tblptrh, tblptru, prodl, prodh, bsr, cstack
 Tracked objects:
		On entry : 
		On exit  : 
		Unchanged: 
 Data sizes:     COMRAM   BANK0   BANK1
      Params:         0       0       0
      Locals:         0       0       0
      Temps:          0       0       0
      Totals:         0       0       0
Total ram usage:        0 bytes
 Hardware stack levels used:    1
 Hardware stack levels required when called:    3
 This function calls:
		_SPI_write_command
		_delay_200ms
 This function is called by:
		_main
 This function uses a non-reentrant model


 *************** function _OLED_W_full *****************
 Defined at:
		line 8 in file "../../../src/OLED_W_display.c"
 Parameters:    Size  Location     Type
  choose          1    wreg     unsigned char 
 Auto vars:     Size  Location     Type
  choose          1    2[COMRAM] unsigned char 
  col             1    4[COMRAM] unsigned char 
  col             1    3[COMRAM] unsigned char 
  page            1    5[COMRAM] unsigned char 
 Return value:  Size  Location     Type
                  1    wreg      void 
 Registers used:
		wreg, status,2, status,0, cstack
 Tracked objects:
		On entry : 
		On exit  : 
		Unchanged: 
 Data sizes:     COMRAM   BANK0   BANK1
      Params:         0       0       0
      Locals:         4       0       0
      Temps:          0       0       0
      Totals:         4       0       0
Total ram usage:        4 bytes
 Hardware stack levels used:    1
 Hardware stack levels required when called:    3
 This function calls:
		_SPI_write_command
 This function is called by:
		_main
 This function uses a non-reentrant model


 *************** function _OLED_W_eight *****************
 Defined at:
		line 177 in file "../../../src/OLED_W_display.c"
 Parameters:    Size  Location     Type
  x               1    wreg     unsigned char 
  y               1    9[COMRAM] unsigned char 
 Auto vars:     Size  Location     Type
  x               1   13[COMRAM] unsigned char 
  i               1   14[COMRAM] unsigned char 
  page            1   12[COMRAM] unsigned char 
 Return value:  Size  Location     Type
                  1    wreg      void 
 Registers used:
		wreg, fsr1l, fsr1h, fsr2l, fsr2h, status,2, status,0, prodl, prodh, cstack
 Tracked objects:
		On entry : 
		On exit  : 
		Unchanged: 
 Data sizes:     COMRAM   BANK0   BANK1
      Params:         1       0       0
      Locals:         3       0       0
      Temps:          2       0       0
      Totals:         6       0       0
Total ram usage:        6 bytes
 Hardware stack levels used:    1
 Hardware stack levels required when called:    3
 This function calls:
		_SPI_write_command
		_SPI_write_data
		___awdiv
 This function is called by:
		_main
 This function uses a non-reentrant model


 *************** function ___awdiv *****************
 Defined at:
		line 7 in file "C:\Program Files\Microchip\xc8\v2.20\pic\sources\c90\common\awdiv.c"
 Parameters:    Size  Location     Type
  dividend        2    1[COMRAM] int 
  divisor         2    3[COMRAM] int 
 Auto vars:     Size  Location     Type
  quotient        2    7[COMRAM] int 
  sign            1    6[COMRAM] unsigned char 
  counter         1    5[COMRAM] unsigned char 
 Return value:  Size  Location     Type
                  2    1[COMRAM] int 
 Registers used:
		wreg, status,2, status,0
 Tracked objects:
		On entry : 
		On exit  : 
		Unchanged: 
 Data sizes:     COMRAM   BANK0   BANK1
      Params:         4       0       0
      Locals:         4       0       0
      Temps:          0       0       0
      Totals:         8       0       0
Total ram usage:        8 bytes
 Hardware stack levels used:    1
 Hardware stack levels required when called:    2
 This function calls:
		Nothing
 This function is called by:
		_OLED_W_eight
		_OLED_W_xy
 This function uses a non-reentrant model


 *************** function _SPI_write_data *****************
 Defined at:
		line 16 in file "../../../../SPI/src/SPI_write.c"
 Parameters:    Size  Location     Type
  payload         1    wreg     unsigned char 
 Auto vars:     Size  Location     Type
  payload         1    1[COMRAM] unsigned char 
 Return value:  Size  Location     Type
                  1    wreg      void 
 Registers used:
		wreg
 Tracked objects:
		On entry : 
		On exit  : 
		Unchanged: 
 Data sizes:     COMRAM   BANK0   BANK1
      Params:         0       0       0
      Locals:         1       0       0
      Temps:          0       0       0
      Totals:         1       0       0
Total ram usage:        1 bytes
 Hardware stack levels used:    1
 Hardware stack levels required when called:    2
 This function calls:
		Nothing
 This function is called by:
		_OLED_W_eight
		_OLED_W_xy
 This function uses a non-reentrant model


 *************** function _SPI_write_command *****************
 Defined at:
		line 7 in file "../../../../SPI/src/SPI_write.c"
 Parameters:    Size  Location     Type
  payload         1    wreg     unsigned char 
 Auto vars:     Size  Location     Type
  payload         1    1[COMRAM] unsigned char 
 Return value:  Size  Location     Type
                  1    wreg      void 
 Registers used:
		wreg
 Tracked objects:
		On entry : 
		On exit  : 
		Unchanged: 
 Data sizes:     COMRAM   BANK0   BANK1
      Params:         0       0       0
      Locals:         1       0       0
      Temps:          0       0       0
      Totals:         1       0       0
Total ram usage:        1 bytes
 Hardware stack levels used:    1
 Hardware stack levels required when called:    2
 This function calls:
		Nothing
 This function is called by:
		_OLED_W_init
		_OLED_W_full
		_OLED_W_eight
		_OLED_W_xy
 This function uses a non-reentrant model


 *************** function _isr_low *****************
 Defined at:
		line 17 in file "../../main.c"
 Parameters:    Size  Location     Type
		None
 Auto vars:     Size  Location     Type
		None
 Return value:  Size  Location     Type
                  1    wreg      void 
 Registers used:
		None
 Tracked objects:
		On entry : 
		On exit  : 
		Unchanged: 
 Data sizes:     COMRAM   BANK0   BANK1
      Params:         0       0       0
      Locals:         0       0       0
      Temps:          1       0       0
      Totals:         1       0       0
Total ram usage:        1 bytes
 Hardware stack levels used:    1
 Hardware stack levels required when called:    1
 This function calls:
		Nothing
 This function is called by:
		Interrupt level 1
 This function uses a non-reentrant model


 *************** function _isr_high *****************
 Defined at:
		line 12 in file "../../main.c"
 Parameters:    Size  Location     Type
		None
 Auto vars:     Size  Location     Type
		None
 Return value:  Size  Location     Type
                  1    wreg      void 
 Registers used:
		None
 Tracked objects:
		On entry : 
		On exit  : 
		Unchanged: 
 Data sizes:     COMRAM   BANK0   BANK1
      Params:         0       0       0
      Locals:         0       0       0
      Temps:          0       0       0
      Totals:         0       0       0
Total ram usage:        0 bytes
 Hardware stack levels used:    1
 This function calls:
		Nothing
 This function is called by:
		Interrupt level 2
 This function uses a non-reentrant model



MODULE INFORMATION

Module		Function		Class		Link	Load	Size
../../main.c
		_main          		CODE           	1030A	0000	27
		_isr_low       		CODE           	0018	0000	15
		_isr_high      		CODE           	0008	0000	11

../../main.c estimated size: 53

../../../../SPI/src/SPI_write.c
		_SPI_write_command		CODE           	10366	0000	19
		_SPI_write_data		CODE           	10354	0000	19

../../../../SPI/src/SPI_write.c estimated size: 38

../../../src/OLED_W_init.c
		_OLED_W_init   		CODE           	10000	0000	209

../../../src/OLED_W_init.c estimated size: 209

shared
		_u8x8_ssd1306_96x40_display_info		MEDIUMCONST    	FF74	0000	25
		_u8x8_ssd1306_128x64_noname_display_info		MEDIUMCONST    	FF2C	0000	25
		_u8x8_d_ssd1306_128x64_vcomh0_init_seq		MEDIUMCONST    	FE13	0000	54
		_u8x8_d_ssd1306_96x40_init_seq		MEDIUMCONST    	FEB2	0000	54
		_u8x8_d_sh1106_128x64_winstar_init_seq		MEDIUMCONST    	FEE7	0000	46
		_u8x8_ssd1306_96x39_display_info		MEDIUMCONST    	FF5C	0000	25
		_u8x8_d_ssd1306_128x64_noname_powersave0_seq		MEDIUMCONST    	FFCD	0000	6
		_u8x8_d_ssd1306_96x40_powersave0_seq		MEDIUMCONST    	FFD7	0000	6
		_u8x8_d_ssd1306_96x40_powersave1_seq		MEDIUMCONST    	FFD2	0000	6
		_u8x8_null_display_info		MEDIUMCONST    	FF44	0000	25
		__initialization		CODE           	10262	0000	57
		_u8x8_d_ssd1306_128x64_alt0_init_seq		MEDIUMCONST    	FDDE	0000	54
		_u8x8_d_ssd1306_96x39_flip0_seq		MEDIUMCONST    	FF95	0000	10
		_u8x8_d_ssd1306_96x39_flip1_seq		MEDIUMCONST    	FF8C	0000	10
		_u8x8_d_ssd1312_128x64_noname_init_seq		MEDIUMCONST    	FDA9	0000	54
		_u8x8_d_ssd1306_128x64_noname_init_seq		MEDIUMCONST    	FE48	0000	54
		_u8x8_d_ssd1312_128x64_noname_flip0_seq		MEDIUMCONST    	FFA5	0000	8
		_u8x8_d_ssd1306_128x64_noname_flip0_seq		MEDIUMCONST    	FFB3	0000	8
		_u8x8_d_ssd1312_128x64_noname_flip1_seq		MEDIUMCONST    	FF9E	0000	8
		_u8x8_d_ssd1306_128x64_noname_flip1_seq		MEDIUMCONST    	FFAC	0000	8
		_u8x8_d_ssd1306_96x39_init_seq		MEDIUMCONST    	FE7D	0000	54
		_u8x8_d_ssd1306_96x40_flip0_seq		MEDIUMCONST    	FFC1	0000	8
		_u8x8_d_ssd1306_96x40_flip1_seq		MEDIUMCONST    	FFBA	0000	8
		_u8x8_d_ssd1306_128x64_noname_powersave1_seq		MEDIUMCONST    	FFC8	0000	6
		_u8x8_sh1106_128x64_noname_display_info		MEDIUMCONST    	FF14	0000	25

shared estimated size: 644

../../../src/OLED_W_display.c
		_OLED_W_full   		CODE           	10208	0000	91
		_OLED_W_eight  		CODE           	100D0	0000	181

../../../src/OLED_W_display.c estimated size: 272

../../../../SPI/src/SPI_init.c
		_SPI_init      		CODE           	102A4	0000	63

../../../../SPI/src/SPI_init.c estimated size: 63

C:\Program Files\Microchip\xc8\v2.20\pic\sources\c90\common\awdiv.c
		___awdiv       		CODE           	10184	0000	133

C:\Program Files\Microchip\xc8\v2.20\pic\sources\c90\common\awdiv.c estimated size: 133

