Microchip MPLAB XC8 Compiler V1.45 ()

Linker command line:

-W-3 --edf=/opt/microchip/xc8/v1.45/dat/en_msgs.txt -cs \
  -h+dist/default/production/uart1_test.X.production.sym \
  --cmf=dist/default/production/uart1_test.X.production.cmf -z -Q18F27K40 \
  -o/tmp/xcXk24GTd -Mdist/default/production/uart1_test.X.production.map \
  -E1 -ver=XC8 -ASTACK=07Dh-0e87h -pstack=STACK -ACODE=00h-01FFFFh \
  -ACONST=00h-01FFFFh -ASMALLCONST=0F00h-0FFFhx497 \
  -AMEDIUMCONST=0F00h-0FFFFh,010F00h-01FFFFh -ACOMRAM=01h-05Fh \
  -AABS1=00h-0E87h -ABIGRAM=01h-0E87h \
  -ARAM=060h-0FFh,0100h-01FFhx13,0E00h-0E87h -ABANK0=060h-0FFh \
  -ABANK1=0100h-01FFh -ABANK2=0200h-02FFh -ABANK3=0300h-03FFh \
  -ABANK4=0400h-04FFh -ABANK5=0500h-05FFh -ABANK6=0600h-06FFh \
  -ABANK7=0700h-07FFh -ABANK8=0800h-08FFh -ABANK9=0900h-09FFh \
  -ABANK10=0A00h-0AFFh -ABANK11=0B00h-0BFFh -ABANK12=0C00h-0CFFh \
  -ABANK13=0D00h-0DFFh -ABANK14=0E00h-0E87h \
  -ASFR=0E8Dh-0EFFh,0F00h-0F5Fh,0F60h-0FFFh \
  -preset_vec=00h,intcode=08h,intcodelo=018h,powerup,init -pramtop=0F00h \
  -psmallconst=SMALLCONST -pmediumconst=MEDIUMCONST -pconst=CONST \
  -AFARRAM=00h-00h -ACONFIG=0300000h-030000Bh -pconfig=CONFIG \
  -AIDLOC=0200000h-020000Fh -pidloc=IDLOC -AEEDATA=0310000h-03103FFh \
  -peeprom_data=EEDATA \
  -prdata=COMRAM,nvrram=COMRAM,nvbit=COMRAM,rbss=COMRAM,rbit=COMRAM \
  -pfarbss=FARRAM,fardata=FARRAM,nvFARRAM=FARRAM \
  -pintsave_regs=BIGRAM,bigbss=BIGRAM,bigdata=BIGRAM -pbss=RAM \
  -pidata=CODE,irdata=CODE,ibigdata=CODE,ifardata=CODE -prparam=COMRAM \
  /tmp/xcXv8XP1T.obj dist/default/production/uart1_test.X.production.obj \
  build/default/production/_ext/1889496363/delay_1ms.obj \
  build/default/production/_ext/1889496363/delay_10us.obj 

Object code version is 3.11

Machine type is 18F27K40

Call graph: (short form)




                Name                               Link     Load   Length Selector   Space Scale
/tmp/xcXv8XP1T.obj
                init                                 CA       CA        4        C       0
                reset_vec                             0        0        4        0       0
                idloc                            200000   200000       10   200000       0
                config                           300000   300000        C   300000       0
dist/default/production/uart1_test.X.production.obj
                intcodelo                            18       18       B2        C       0
                intcode                               8        8        6        4       0
                temp                                 42       42        1        1       1
                smallconst                          F00      F00       10      780       0
                intcode_body                        F10      F10       94      788       0
                text8                              1190     1190       36      788       0
                text6                              11C6     11C6       20      788       0
                text5                               FA4      FA4       84      788       0
                text4                              1028     1028       82      788       0
                text3                              114E     114E       42      788       0
                text2                              1234     1234        E      788       0
                text1                              1104     1104       4A      788       0
                text0                              10AA     10AA       5A      788       0
                cstackCOMRAM                          1        1       28        1       1
                cstackBANK0                          60       60       18       60       1
                bssCOMRAM                            29       29       19        1       1
                cinit                              11E6     11E6       1E      788       0
build/default/production/_ext/1889496363/delay_1ms.obj
                text                               121C     121C       18      788       0
                bss_delay                            78       78        3       60       1
build/default/production/_ext/1889496363/delay_10us.obj
                text                               1204     1204       18      788       0
                bss_delay                            7B       7B        2       60       1

TOTAL           Name                               Link     Load   Length     Space
        CLASS   STACK          

        CLASS   CODE           
                intcodelo                            18       18       B2         0
                intcode                               8        8        6         0
                init                                 CA       CA        4         0
                reset_vec                             0        0        4         0
                intcode_body                        F10      F10       94         0
                text8                              1190     1190       36         0
                text6                              11C6     11C6       20         0
                text5                               FA4      FA4       84         0
                text4                              1028     1028       82         0
                text3                              114E     114E       42         0
                text2                              1234     1234        E         0
                text1                              1104     1104       4A         0
                text0                              10AA     10AA       5A         0
                cinit                              11E6     11E6       1E         0
                text                               121C     121C       18         0
                text                               1204     1204       18         0

        CLASS   CONST          

        CLASS   SMALLCONST     
                smallconst                          F00      F00       10         0

        CLASS   MEDIUMCONST    

        CLASS   COMRAM         
                temp                                 42       42        1         1
                cstackCOMRAM                          1        1       28         1
                bssCOMRAM                            29       29       19         1

        CLASS   ABS1           

        CLASS   BIGRAM         

        CLASS   RAM            

        CLASS   BANK0          
                cstackBANK0                          60       60       18         1
                bss_delay                            78       78        3         1
                bss_delay                            7B       7B        2         1

        CLASS   BANK1          

        CLASS   BANK2          

        CLASS   BANK3          

        CLASS   BANK4          

        CLASS   BANK5          

        CLASS   BANK6          

        CLASS   BANK7          

        CLASS   BANK8          

        CLASS   BANK9          

        CLASS   BANK10         

        CLASS   BANK11         

        CLASS   BANK12         

        CLASS   BANK13         

        CLASS   BANK14         

        CLASS   SFR            

        CLASS   FARRAM         

        CLASS   CONFIG         
                config                           300000   300000        C         0

        CLASS   IDLOC          
                idloc                            200000   200000       10         0

        CLASS   EEDATA         



SEGMENTS        Name                           Load    Length   Top    Selector   Space  Class

                reset_vec                      000000  000004  000004         0       0  CODE    
                cstackCOMRAM                   000001  000042  000043         1       1  COMRAM  
                intcode                        000008  000006  00000E         4       0  CODE    
                intcodelo                      000018  0000B6  0000CE         C       0  CODE    
                cstackBANK0                    000060  00001D  00007D        60       1  BANK0   
                smallconst                     000F00  000010  000F10       780       0  SMALLCON
                intcode_body                   000F10  000332  001242       788       0  CODE    
                idloc                          200000  000010  200010    200000       0  IDLOC   
                config                         300000  00000C  30000C    300000       0  CONFIG  


UNUSED ADDRESS RANGES

        Name                Unused          Largest block    Delta
        BANK0            00007D-0000FF               83
        BANK1            000100-0001FF              100
        BANK10           000A00-000AFF              100
        BANK11           000B00-000BFF              100
        BANK12           000C00-000CFF              100
        BANK13           000D00-000DFF              100
        BANK14           000E00-000E87               88
        BANK2            000200-0002FF              100
        BANK3            000300-0003FF              100
        BANK4            000400-0004FF              100
        BANK5            000500-0005FF              100
        BANK6            000600-0006FF              100
        BANK7            000700-0007FF              100
        BANK8            000800-0008FF              100
        BANK9            000900-0009FF              100
        BIGRAM           000043-00005F               1D
                         00007D-000E87              E0B
        CODE             000004-000007                4
                         00000E-000017                A
                         0000CE-000EFF              E32
                         001242-01FFFF            1EDBE
        COMRAM           000043-00005F               1D
        CONST            000004-000007                4
                         00000E-000017                A
                         0000CE-000EFF              E32
                         001242-01FFFF            1EDBE
        EEDATA           310000-3103FF              400
        MEDIUMCONST      001242-00FFFF             EDBE
                         010F00-01FFFF             F100
        RAM              00007D-000E87              100
        SFR              000E8D-000FFF               73
        SMALLCONST       001242-01FFFF              100
        STACK            00007D-000E87              E0B

                                  Symbol Table

?___lldiv                   cstackBANK0  000060
?_strlen                    cstackBANK0  000060
_ANSELCbits                 (abs)        000F21
_BAUDCON1                   (abs)        000F9F
_INTCONbits                 (abs)        000FF2
_IPR3bits                   (abs)        000EBD
_PIE3bits                   (abs)        000EC5
_PIR3bits                   (abs)        000ECD
_RC1REG                     (abs)        000F99
_RC1STAbits                 (abs)        000F9D
_RC6PPS                     (abs)        000EFD
_RX1PPS                     (abs)        000EB5
_SP1BRGH                    (abs)        000F9C
_SP1BRGL                    (abs)        000F9B
_TX1REGbits                 (abs)        000F9A
_TX1STA                     (abs)        000F9E
_TX1STAbits                 (abs)        000F9E
__CFG_BOREN$SBORDIS         (abs)        000000
__CFG_BORV$VBOR_2P45        (abs)        000000
__CFG_CLKOUTEN$OFF          (abs)        000000
__CFG_CP$OFF                (abs)        000000
__CFG_CPD$OFF               (abs)        000000
__CFG_CSWEN$ON              (abs)        000000
__CFG_DEBUG$OFF             (abs)        000000
__CFG_EBTR0$OFF             (abs)        000000
__CFG_EBTR1$OFF             (abs)        000000
__CFG_EBTR2$OFF             (abs)        000000
__CFG_EBTR3$OFF             (abs)        000000
__CFG_EBTR4$OFF             (abs)        000000
__CFG_EBTR5$OFF             (abs)        000000
__CFG_EBTR6$OFF             (abs)        000000
__CFG_EBTR7$OFF             (abs)        000000
__CFG_EBTRB$OFF             (abs)        000000
__CFG_FCMEN$ON              (abs)        000000
__CFG_FEXTOSC$OFF           (abs)        000000
__CFG_LPBOREN$OFF           (abs)        000000
__CFG_LVP$ON                (abs)        000000
__CFG_MCLRE$EXTMCLR         (abs)        000000
__CFG_PPS1WAY$OFF           (abs)        000000
__CFG_PWRTE$OFF             (abs)        000000
__CFG_RSTOSC$HFINTOSC_64MHZ (abs)        000000
__CFG_SCANE$ON              (abs)        000000
__CFG_STVREN$ON             (abs)        000000
__CFG_WDTCCS$HFINTOSC       (abs)        000000
__CFG_WDTCPS$WDTCPS_12      (abs)        000000
__CFG_WDTCWS$WDTCWS_7       (abs)        000000
__CFG_WDTE$SWDTEN           (abs)        000000
__CFG_WRT0$OFF              (abs)        000000
__CFG_WRT1$OFF              (abs)        000000
__CFG_WRT2$OFF              (abs)        000000
__CFG_WRT3$OFF              (abs)        000000
__CFG_WRT4$OFF              (abs)        000000
__CFG_WRT5$OFF              (abs)        000000
__CFG_WRT6$OFF              (abs)        000000
__CFG_WRT7$OFF              (abs)        000000
__CFG_WRTB$OFF              (abs)        000000
__CFG_WRTC$OFF              (abs)        000000
__CFG_WRTD$OFF              (abs)        000000
__CFG_XINST$OFF             (abs)        000000
__CFG_ZCD$OFF               (abs)        000000
__HRAM                      (abs)        000000
__Habs1                     abs1         000000
__Hbank0                    bank0        000000
__Hbank1                    bank1        000000
__Hbank10                   bank10       000000
__Hbank11                   bank11       000000
__Hbank12                   bank12       000000
__Hbank13                   bank13       000000
__Hbank14                   bank14       000000
__Hbank2                    bank2        000000
__Hbank3                    bank3        000000
__Hbank4                    bank4        000000
__Hbank5                    bank5        000000
__Hbank6                    bank6        000000
__Hbank7                    bank7        000000
__Hbank8                    bank8        000000
__Hbank9                    bank9        000000
__Hbigbss                   bigbss       000000
__Hbigdata                  bigdata      000000
__Hbigram                   bigram       000000
__Hbss                      bss          000000
__HbssCOMRAM                bssCOMRAM    000000
__Hbss_delay                bss_delay    000000
__Hcinit                    cinit        000000
__Hclrtext                  clrtext      000000
__Hcomram                   comram       000000
__Hconfig                   config       30000C
__Hconst                    const        000000
__HcstackBANK0              cstackBANK0  000000
__HcstackCOMRAM             cstackCOMRAM 000000
__Hdata                     data         000000
__Heeprom_data              eeprom_data  000000
__Hfarbss                   farbss       000000
__Hfardata                  fardata      000000
__Hibigdata                 ibigdata     000000
__Hidata                    idata        000000
__Hidloc                    idloc        200010
__Hifardata                 ifardata     000000
__Hinit                     init         0000CE
__Hintcode                  intcode      00000E
__Hintcode_body             intcode_body 000000
__Hintcodelo                intcodelo    0000CA
__Hintentry                 intentry     000000
__Hintret                   intret       000000
__Hintsave_regs             intsave_regs 000000
__Hirdata                   irdata       000000
__Hmediumconst              mediumconst  000000
__HnvFARRAM                 nvFARRAM     000000
__Hnvbit                    nvbit        000000
__Hnvrram                   nvrram       000000
__Hparam                    rparam       000000
__Hpowerup                  powerup      0000CA
__Hram                      ram          000000
__Hramtop                   ramtop       000F00
__Hrbit                     rbit         000000
__Hrbss                     rbss         000000
__Hrdata                    rdata        000000
__Hreset_vec                reset_vec    000004
__Hrparam                   rparam       000000
__Hsfr                      sfr          000000
__Hsmallconst               smallconst   000F10
__Hspace_0                  (abs)        30000C
__Hspace_1                  (abs)        00007D
__Hspace_2                  (abs)        000000
__Hstack                    stack        000000
__Hstruct                   struct       000000
__Htemp                     temp         000043
__Htext                     text         000000
__Htext0                    text0        000000
__Htext1                    text1        000000
__Htext2                    text2        000000
__Htext3                    text3        000000
__Htext4                    text4        000000
__Htext5                    text5        000000
__Htext6                    text6        000000
__Htext8                    text8        000000
__LRAM                      (abs)        000001
__Labs1                     abs1         000000
__Lbank0                    bank0        000000
__Lbank1                    bank1        000000
__Lbank10                   bank10       000000
__Lbank11                   bank11       000000
__Lbank12                   bank12       000000
__Lbank13                   bank13       000000
__Lbank14                   bank14       000000
__Lbank2                    bank2        000000
__Lbank3                    bank3        000000
__Lbank4                    bank4        000000
__Lbank5                    bank5        000000
__Lbank6                    bank6        000000
__Lbank7                    bank7        000000
__Lbank8                    bank8        000000
__Lbank9                    bank9        000000
__Lbigbss                   bigbss       000000
__Lbigdata                  bigdata      000000
__Lbigram                   bigram       000000
__Lbss                      bss          000000
__LbssCOMRAM                bssCOMRAM    000000
__Lbss_delay                bss_delay    000000
__Lcinit                    cinit        000000
__Lclrtext                  clrtext      000000
__Lcomram                   comram       000000
__Lconfig                   config       300000
__Lconst                    const        000000
__LcstackBANK0              cstackBANK0  000000
__LcstackCOMRAM             cstackCOMRAM 000000
__Ldata                     data         000000
__Leeprom_data              eeprom_data  000000
__Lfarbss                   farbss       000000
__Lfardata                  fardata      000000
__Libigdata                 ibigdata     000000
__Lidata                    idata        000000
__Lidloc                    idloc        200000
__Lifardata                 ifardata     000000
__Linit                     init         0000CA
__Lintcode                  intcode      000008
__Lintcode_body             intcode_body 000000
__Lintcodelo                intcodelo    000018
__Lintentry                 intentry     000000
__Lintret                   intret       000000
__Lintsave_regs             intsave_regs 000000
__Lirdata                   irdata       000000
__Lmediumconst              mediumconst  000000
__LnvFARRAM                 nvFARRAM     000000
__Lnvbit                    nvbit        000000
__Lnvrram                   nvrram       000000
__Lparam                    rparam       000000
__Lpowerup                  powerup      0000CA
__Lram                      ram          000000
__Lramtop                   ramtop       000F00
__Lrbit                     rbit         000000
__Lrbss                     rbss         000000
__Lrdata                    rdata        000000
__Lreset_vec                reset_vec    000000
__Lrparam                   rparam       000000
__Lsfr                      sfr          000000
__Lsmallconst               smallconst   000F00
__Lspace_0                  (abs)        000000
__Lspace_1                  (abs)        000000
__Lspace_2                  (abs)        000000
__Lstack                    stack        000000
__Lstruct                   struct       000000
__Ltemp                     temp         000042
__Ltext                     text         000000
__Ltext0                    text0        000000
__Ltext1                    text1        000000
__Ltext2                    text2        000000
__Ltext3                    text3        000000
__Ltext4                    text4        000000
__Ltext5                    text5        000000
__Ltext6                    text6        000000
__Ltext8                    text8        000000
__S0                        (abs)        30000C
__S1                        (abs)        00007D
__S2                        (abs)        000000
___inthi_sp                 stack        000000
___intlo_sp                 stack        000000
___lldiv                    text5        000FA4
___lldiv@counter            cstackBANK0  00006C
___lldiv@dividend           cstackBANK0  000060
___lldiv@divisor            cstackBANK0  000064
___lldiv@quotient           cstackBANK0  000068
___param_bank               (abs)        000000
___rparam_used              (abs)        000001
___sp                       stack        000000
__accesstop                 (abs)        000060
__activetblptr              (abs)        000001
__end_of___lldiv            text5        001028
__end_of__initialization    cinit        0011F2
__end_of_isr_high           intcode_body 000FA4
__end_of_isr_low            intcodelo    0000CA
__end_of_main               text0        001104
__end_of_strlen             text3        001190
__end_of_uart1_getc         text6        0011E6
__end_of_uart1_init         text4        0010AA
__end_of_uart1_isr_process  text8        0011C6
__end_of_uart1_putc         text2        001242
__end_of_uart1_puts         text1        00114E
__initialization            cinit        0011E6
__mediumconst               mediumconst  000000
__pbssCOMRAM                bssCOMRAM    000029
__pcinit                    cinit        0011E6
__pcstackBANK0              cstackBANK0  000060
__pcstackCOMRAM             cstackCOMRAM 000001
__pintcode                  intcode      000008
__pintcode_body             intcode_body 000F10
__pintcodelo                intcodelo    000018
__psmallconst               smallconst   000F00
__ptext0                    text0        0010AA
__ptext1                    text1        001104
__ptext2                    text2        001234
__ptext3                    text3        00114E
__ptext4                    text4        001028
__ptext5                    text5        000FA4
__ptext6                    text6        0011C6
__ptext8                    text8        001190
__ramtop                    ramtop       000F00
__size_of___lldiv           (abs)        000000
__size_of_isr_high          (abs)        000000
__size_of_isr_low           (abs)        000000
__size_of_main              (abs)        000000
__size_of_strlen            (abs)        000000
__size_of_uart1_getc        (abs)        000000
__size_of_uart1_init        (abs)        000000
__size_of_uart1_isr_process (abs)        000000
__size_of_uart1_putc        (abs)        000000
__size_of_uart1_puts        (abs)        000000
__smallconst                smallconst   000F00
_delay_10us                 text         001204
_delay_1ms                  text         00121C
_isr_high                   intcode      000008
_isr_low                    intcodelo    000018
_main                       text0        0010AA
_rx1_uart1_flag             bssCOMRAM    000041
_rx1_uart1_payload          bssCOMRAM    000040
_strlen                     text3        00114E
_uart1_getc                 text6        0011C6
_uart1_init                 text4        001028
_uart1_isr_process          text8        001190
_uart1_putc                 text2        001234
_uart1_puts                 text1        001104
_uart1_rx                   bssCOMRAM    000029
btemp                       temp         000042
end_of_initialization       cinit        0011F2
int$flags                   temp         000042
int_func                    intcode_body 000F10
intlevel0                   text         000000
intlevel1                   text         000000
intlevel2                   text         000000
intlevel3                   text         000000
main@payload_uart1          cstackBANK0  000077
stackhi                     (abs)        000E87
stacklo                     (abs)        00007D
start                       init         0000CA
start_initialization        cinit        0011E6
strlen@cp                   cstackBANK0  000064
strlen@s                    cstackBANK0  000060
uart1_getc@echo             cstackBANK0  000062
uart1_getc@payload          cstackBANK0  000060
uart1_init@bdrate           cstackBANK0  00006D
uart1_init@load             cstackBANK0  000075
uart1_isr_process@lost      cstackCOMRAM 000013
uart1_putc@payload          cstackBANK0  000060
uart1_puts@i                cstackBANK0  00006A
uart1_puts@str              cstackBANK0  000066
wtemp6                      temp         000043


FUNCTION INFORMATION:

 *************** function _main *****************
 Defined at:
		line 22 in file "../../main.c"
 Parameters:    Size  Location     Type
		None
 Auto vars:     Size  Location     Type
  payload_uart    1   23[BANK0 ] unsigned char 
 Return value:  Size  Location     Type
                  1    wreg      void 
 Registers used:
		wreg, fsr2l, fsr2h, status,2, status,0, tblptrl, tblptrh, tblptru, prodl, prodh, cstack
 Tracked objects:
		On entry : 
		On exit  : 
		Unchanged: 
 Data sizes:     COMRAM   BANK0   BANK1   BANK2   BANK3   BANK4   BANK5   BANK6   BANK7   BANK8   BANK9  BANK10  BANK11  BANK12  BANK13  BANK14
      Params:         0       0       0       0       0       0       0       0       0       0       0       0       0       0       0       0
      Locals:         0       1       0       0       0       0       0       0       0       0       0       0       0       0       0       0
      Temps:          0       0       0       0       0       0       0       0       0       0       0       0       0       0       0       0
      Totals:         0       1       0       0       0       0       0       0       0       0       0       0       0       0       0       0
Total ram usage:        1 bytes
 Hardware stack levels required when called:    5
 This function calls:
		_uart1_getc
		_uart1_init
		_uart1_putc
		_uart1_puts
 This function is called by:
		Startup code after reset
 This function uses a non-reentrant model


 *************** function _uart1_puts *****************
 Defined at:
		line 10 in file "../../../src/uart1_puts.c"
 Parameters:    Size  Location     Type
  str             2    6[BANK0 ] PTR const unsigned char 
		 -> STR_2(3), STR_1(14), 
 Auto vars:     Size  Location     Type
  i               2   10[BANK0 ] int 
 Return value:  Size  Location     Type
                  1    wreg      void 
 Registers used:
		wreg, status,2, status,0, tblptrl, tblptrh, tblptru, cstack
 Tracked objects:
		On entry : 
		On exit  : 
		Unchanged: 
 Data sizes:     COMRAM   BANK0   BANK1   BANK2   BANK3   BANK4   BANK5   BANK6   BANK7   BANK8   BANK9  BANK10  BANK11  BANK12  BANK13  BANK14
      Params:         0       2       0       0       0       0       0       0       0       0       0       0       0       0       0       0
      Locals:         0       2       0       0       0       0       0       0       0       0       0       0       0       0       0       0
      Temps:          0       2       0       0       0       0       0       0       0       0       0       0       0       0       0       0
      Totals:         0       6       0       0       0       0       0       0       0       0       0       0       0       0       0       0
Total ram usage:        6 bytes
 Hardware stack levels used:    1
 Hardware stack levels required when called:    4
 This function calls:
		_strlen
		_uart1_putc
 This function is called by:
		_main
 This function uses a non-reentrant model


 *************** function _uart1_putc *****************
 Defined at:
		line 9 in file "../../../src/uart1_putc.c"
 Parameters:    Size  Location     Type
  payload         1    wreg     unsigned char 
 Auto vars:     Size  Location     Type
  payload         1    0[BANK0 ] unsigned char 
 Return value:  Size  Location     Type
                  1    wreg      void 
 Registers used:
		wreg
 Tracked objects:
		On entry : 
		On exit  : 
		Unchanged: 
 Data sizes:     COMRAM   BANK0   BANK1   BANK2   BANK3   BANK4   BANK5   BANK6   BANK7   BANK8   BANK9  BANK10  BANK11  BANK12  BANK13  BANK14
      Params:         0       0       0       0       0       0       0       0       0       0       0       0       0       0       0       0
      Locals:         0       1       0       0       0       0       0       0       0       0       0       0       0       0       0       0
      Temps:          0       0       0       0       0       0       0       0       0       0       0       0       0       0       0       0
      Totals:         0       1       0       0       0       0       0       0       0       0       0       0       0       0       0       0
Total ram usage:        1 bytes
 Hardware stack levels used:    1
 Hardware stack levels required when called:    3
 This function calls:
		Nothing
 This function is called by:
		_uart1_puts
		_main
 This function uses a non-reentrant model


 *************** function _strlen *****************
 Defined at:
		line 4 in file "/opt/microchip/xc8/v1.45/sources/common/strlen.c"
 Parameters:    Size  Location     Type
  s               2    0[BANK0 ] PTR const unsigned char 
		 -> STR_2(3), STR_1(14), 
 Auto vars:     Size  Location     Type
  cp              2    4[BANK0 ] PTR const unsigned char 
		 -> STR_2(3), STR_1(14), 
 Return value:  Size  Location     Type
                  2    0[BANK0 ] unsigned int 
 Registers used:
		wreg, status,2, status,0, tblptrl, tblptrh, tblptru
 Tracked objects:
		On entry : 
		On exit  : 
		Unchanged: 
 Data sizes:     COMRAM   BANK0   BANK1   BANK2   BANK3   BANK4   BANK5   BANK6   BANK7   BANK8   BANK9  BANK10  BANK11  BANK12  BANK13  BANK14
      Params:         0       2       0       0       0       0       0       0       0       0       0       0       0       0       0       0
      Locals:         0       2       0       0       0       0       0       0       0       0       0       0       0       0       0       0
      Temps:          0       2       0       0       0       0       0       0       0       0       0       0       0       0       0       0
      Totals:         0       6       0       0       0       0       0       0       0       0       0       0       0       0       0       0
Total ram usage:        6 bytes
 Hardware stack levels used:    1
 Hardware stack levels required when called:    3
 This function calls:
		Nothing
 This function is called by:
		_uart1_puts
 This function uses a non-reentrant model


 *************** function _uart1_init *****************
 Defined at:
		line 13 in file "../../../src/uart1_init.c"
 Parameters:    Size  Location     Type
  bdrate          4   13[BANK0 ] unsigned long 
 Auto vars:     Size  Location     Type
  load            2   21[BANK0 ] unsigned short 
 Return value:  Size  Location     Type
                  1    wreg      void 
 Registers used:
		wreg, status,2, status,0, cstack
 Tracked objects:
		On entry : 
		On exit  : 
		Unchanged: 
 Data sizes:     COMRAM   BANK0   BANK1   BANK2   BANK3   BANK4   BANK5   BANK6   BANK7   BANK8   BANK9  BANK10  BANK11  BANK12  BANK13  BANK14
      Params:         0       4       0       0       0       0       0       0       0       0       0       0       0       0       0       0
      Locals:         0       2       0       0       0       0       0       0       0       0       0       0       0       0       0       0
      Temps:          0       4       0       0       0       0       0       0       0       0       0       0       0       0       0       0
      Totals:         0      10       0       0       0       0       0       0       0       0       0       0       0       0       0       0
Total ram usage:       10 bytes
 Hardware stack levels used:    1
 Hardware stack levels required when called:    4
 This function calls:
		___lldiv
 This function is called by:
		_main
 This function uses a non-reentrant model


 *************** function ___lldiv *****************
 Defined at:
		line 8 in file "/opt/microchip/xc8/v1.45/sources/common/lldiv.c"
 Parameters:    Size  Location     Type
  dividend        4    0[BANK0 ] unsigned long 
  divisor         4    4[BANK0 ] unsigned long 
 Auto vars:     Size  Location     Type
  quotient        4    8[BANK0 ] unsigned long 
  counter         1   12[BANK0 ] unsigned char 
 Return value:  Size  Location     Type
                  4    0[BANK0 ] unsigned long 
 Registers used:
		wreg, status,2, status,0
 Tracked objects:
		On entry : 
		On exit  : 
		Unchanged: 
 Data sizes:     COMRAM   BANK0   BANK1   BANK2   BANK3   BANK4   BANK5   BANK6   BANK7   BANK8   BANK9  BANK10  BANK11  BANK12  BANK13  BANK14
      Params:         0       8       0       0       0       0       0       0       0       0       0       0       0       0       0       0
      Locals:         0       5       0       0       0       0       0       0       0       0       0       0       0       0       0       0
      Temps:          0       0       0       0       0       0       0       0       0       0       0       0       0       0       0       0
      Totals:         0      13       0       0       0       0       0       0       0       0       0       0       0       0       0       0
Total ram usage:       13 bytes
 Hardware stack levels used:    1
 Hardware stack levels required when called:    3
 This function calls:
		Nothing
 This function is called by:
		_uart1_init
 This function uses a non-reentrant model


 *************** function _uart1_getc *****************
 Defined at:
		line 70 in file "../../../src/uart1_getc.c"
 Parameters:    Size  Location     Type
  payload         2    0[BANK0 ] PTR unsigned char 
		 -> main@payload_uart1(1), 
  echo            1    2[BANK0 ] unsigned char 
 Auto vars:     Size  Location     Type
		None
 Return value:  Size  Location     Type
                  1    wreg      unsigned char 
 Registers used:
		wreg, fsr2l, fsr2h, status,2, status,0, prodl, prodh
 Tracked objects:
		On entry : 
		On exit  : 
		Unchanged: 
 Data sizes:     COMRAM   BANK0   BANK1   BANK2   BANK3   BANK4   BANK5   BANK6   BANK7   BANK8   BANK9  BANK10  BANK11  BANK12  BANK13  BANK14
      Params:         0       3       0       0       0       0       0       0       0       0       0       0       0       0       0       0
      Locals:         0       0       0       0       0       0       0       0       0       0       0       0       0       0       0       0
      Temps:          0       0       0       0       0       0       0       0       0       0       0       0       0       0       0       0
      Totals:         0       3       0       0       0       0       0       0       0       0       0       0       0       0       0       0
Total ram usage:        3 bytes
 Hardware stack levels used:    1
 Hardware stack levels required when called:    3
 This function calls:
		Nothing
 This function is called by:
		_main
 This function uses a non-reentrant model


 *************** function _isr_low *****************
 Defined at:
		line 17 in file "../../main.c"
 Parameters:    Size  Location     Type
		None
 Auto vars:     Size  Location     Type
		None
 Return value:  Size  Location     Type
                  1    wreg      void 
 Registers used:
		wreg, fsr2l, fsr2h, status,2, status,0, prodl, prodh, cstack
 Tracked objects:
		On entry : 
		On exit  : 
		Unchanged: 
 Data sizes:     COMRAM   BANK0   BANK1   BANK2   BANK3   BANK4   BANK5   BANK6   BANK7   BANK8   BANK9  BANK10  BANK11  BANK12  BANK13  BANK14
      Params:         0       0       0       0       0       0       0       0       0       0       0       0       0       0       0       0
      Locals:         0       0       0       0       0       0       0       0       0       0       0       0       0       0       0       0
      Temps:         21       0       0       0       0       0       0       0       0       0       0       0       0       0       0       0
      Totals:        21       0       0       0       0       0       0       0       0       0       0       0       0       0       0       0
Total ram usage:       21 bytes
 Hardware stack levels used:    1
 Hardware stack levels required when called:    2
 This function calls:
		_uart1_isr_process
 This function is called by:
		Interrupt level 1
 This function uses a non-reentrant model


 *************** function _uart1_isr_process *****************
 Defined at:
		line 20 in file "../../../src/uart1_getc.c"
 Parameters:    Size  Location     Type
		None
 Auto vars:     Size  Location     Type
  lost            1   18[COMRAM] unsigned char 
 Return value:  Size  Location     Type
                  1    wreg      void 
 Registers used:
		wreg, fsr2l, fsr2h, status,2, status,0, prodl, prodh
 Tracked objects:
		On entry : 
		On exit  : 
		Unchanged: 
 Data sizes:     COMRAM   BANK0   BANK1   BANK2   BANK3   BANK4   BANK5   BANK6   BANK7   BANK8   BANK9  BANK10  BANK11  BANK12  BANK13  BANK14
      Params:         0       0       0       0       0       0       0       0       0       0       0       0       0       0       0       0
      Locals:         1       0       0       0       0       0       0       0       0       0       0       0       0       0       0       0
      Temps:          0       0       0       0       0       0       0       0       0       0       0       0       0       0       0       0
      Totals:         1       0       0       0       0       0       0       0       0       0       0       0       0       0       0       0
Total ram usage:        1 bytes
 Hardware stack levels used:    1
 Hardware stack levels required when called:    1
 This function calls:
		Nothing
 This function is called by:
		_isr_low
 This function uses a non-reentrant model


 *************** function _isr_high *****************
 Defined at:
		line 11 in file "../../main.c"
 Parameters:    Size  Location     Type
		None
 Auto vars:     Size  Location     Type
		None
 Return value:  Size  Location     Type
                  1    wreg      void 
 Registers used:
		None
 Tracked objects:
		On entry : 
		On exit  : 
		Unchanged: 
 Data sizes:     COMRAM   BANK0   BANK1   BANK2   BANK3   BANK4   BANK5   BANK6   BANK7   BANK8   BANK9  BANK10  BANK11  BANK12  BANK13  BANK14
      Params:         0       0       0       0       0       0       0       0       0       0       0       0       0       0       0       0
      Locals:         0       0       0       0       0       0       0       0       0       0       0       0       0       0       0       0
      Temps:         18       0       0       0       0       0       0       0       0       0       0       0       0       0       0       0
      Totals:        18       0       0       0       0       0       0       0       0       0       0       0       0       0       0       0
Total ram usage:       18 bytes
 Hardware stack levels used:    1
 This function calls:
		Nothing
 This function is called by:
		Interrupt level 2
 This function uses a non-reentrant model



MODULE INFORMATION

Module		Function		Class		Link	Load	Size
../../../src/uart1_init.c
		_uart1_init    		CODE           	1028	0000	131

../../../src/uart1_init.c estimated size: 131

../../../src/uart1_putc.c
		_uart1_putc    		CODE           	1234	0000	15

../../../src/uart1_putc.c estimated size: 15

../../main.c
		_main          		CODE           	10AA	0000	91
		_isr_low       		CODE           	0018	0000	179
		_isr_high      		CODE           	0008	0000	155

../../main.c estimated size: 425

../../../src/uart1_getc.c
		_uart1_isr_process		CODE           	1190	0000	55
		_uart1_getc    		CODE           	11C6	0000	33

../../../src/uart1_getc.c estimated size: 88

/opt/microchip/xc8/v1.45/sources/common/strlen.c
		_strlen        		CODE           	114E	0000	67

/opt/microchip/xc8/v1.45/sources/common/strlen.c estimated size: 67

shared
		__initialization		CODE           	11E6	0000	13

shared estimated size: 13

../../../src/uart1_puts.c
		_uart1_puts    		CODE           	1104	0000	75

../../../src/uart1_puts.c estimated size: 75

/opt/microchip/xc8/v1.45/sources/common/lldiv.c
		___lldiv       		CODE           	0FA4	0000	133

/opt/microchip/xc8/v1.45/sources/common/lldiv.c estimated size: 133

